Command line invocation:
    /Applications/Xcode.app/Contents/Developer/usr/bin/xcodebuild test -project ImageIntact.xcodeproj -scheme ImageIntact -testPlan Fast -destination platform=macOS

--- xcodebuild: WARNING: Using the first of multiple matching destinations:
{ platform:macOS, arch:arm64, id:00006040-001071863400801C, name:My Mac }
{ platform:macOS, arch:x86_64, id:00006040-001071863400801C, name:My Mac }
ComputePackagePrebuildTargetDependencyGraph

Prepare packages

CreateBuildRequest

SendProjectDescription

CreateBuildOperation

ComputeTargetDependencyGraph
note: Building targets in dependency order
note: Target dependency graph (2 targets)
    Target 'ImageIntactTests' in project 'ImageIntact'
        ➜ Explicit dependency on target 'ImageIntact' in project 'ImageIntact'
    Target 'ImageIntact' in project 'ImageIntact' (no dependencies)

GatherProvisioningInputs

CreateBuildDescription

ExecuteExternalTool /Applications/Xcode.app/Contents/Developer/Toolchains/XcodeDefault.xctoolchain/usr/bin/clang -v -E -dM -isysroot /Applications/Xcode.app/Contents/Developer/Platforms/MacOSX.platform/Developer/SDKs/MacOSX15.5.sdk -x c -c /dev/null

ExecuteExternalTool /Applications/Xcode.app/Contents/Developer/Toolchains/XcodeDefault.xctoolchain/usr/bin/swiftc --version

ExecuteExternalTool /Applications/Xcode.app/Contents/Developer/usr/bin/momc --dry-run --action generate --swift-version 5.0 --sdkroot /Applications/Xcode.app/Contents/Developer/Platforms/MacOSX.platform/Developer/SDKs/MacOSX15.5.sdk --macosx-deployment-target 14.0 --module ImageIntact /Users/konrad/Library/Mobile Documents/com~apple~CloudDocs/XCode/ImageIntact/ImageIntact/Models/EventLogger/ImageIntactEvents.xcdatamodeld /Users/konrad/Library/Developer/Xcode/DerivedData/ImageIntact-bhmsucagebmynrdqgnmudwywfvam/Build/Intermediates.noindex/ImageIntact.build/Debug/ImageIntact.build/DerivedSources/CoreDataGenerated/ImageIntactEvents

ExecuteExternalTool /Applications/Xcode.app/Contents/Developer/usr/bin/actool --version --output-format xml1

ExecuteExternalTool /Applications/Xcode.app/Contents/Developer/Toolchains/XcodeDefault.xctoolchain/usr/bin/ld -version_details

Build description signature: 59af9696d3dc5d49b5095f511dda2229
Build description path: /Users/konrad/Library/Developer/Xcode/DerivedData/ImageIntact-bhmsucagebmynrdqgnmudwywfvam/Build/Intermediates.noindex/XCBuildData/59af9696d3dc5d49b5095f511dda2229.xcbuilddata
CreateBuildDirectory /Users/konrad/Library/Developer/Xcode/DerivedData/ImageIntact-bhmsucagebmynrdqgnmudwywfvam/Build/Products/Debug
    cd /Users/konrad/Library/Mobile\ Documents/com\~apple\~CloudDocs/XCode/ImageIntact/ImageIntact.xcodeproj
    builtin-create-build-directory /Users/konrad/Library/Developer/Xcode/DerivedData/ImageIntact-bhmsucagebmynrdqgnmudwywfvam/Build/Products/Debug

CreateBuildDirectory /Users/konrad/Library/Developer/Xcode/DerivedData/ImageIntact-bhmsucagebmynrdqgnmudwywfvam/Build/Intermediates.noindex/EagerLinkingTBDs/Debug
    cd /Users/konrad/Library/Mobile\ Documents/com\~apple\~CloudDocs/XCode/ImageIntact/ImageIntact.xcodeproj
    builtin-create-build-directory /Users/konrad/Library/Developer/Xcode/DerivedData/ImageIntact-bhmsucagebmynrdqgnmudwywfvam/Build/Intermediates.noindex/EagerLinkingTBDs/Debug

ClangStatCache /Applications/Xcode.app/Contents/Developer/Toolchains/XcodeDefault.xctoolchain/usr/bin/clang-stat-cache /Applications/Xcode.app/Contents/Developer/Platforms/MacOSX.platform/Developer/SDKs/MacOSX15.5.sdk /Users/konrad/Library/Developer/Xcode/DerivedData/SDKStatCaches.noindex/macosx15.5-24F74-8254517eb8b97d462ccbc072ba9094c9.sdkstatcache
    cd /Users/konrad/Library/Mobile\ Documents/com\~apple\~CloudDocs/XCode/ImageIntact/ImageIntact.xcodeproj
    /Applications/Xcode.app/Contents/Developer/Toolchains/XcodeDefault.xctoolchain/usr/bin/clang-stat-cache /Applications/Xcode.app/Contents/Developer/Platforms/MacOSX.platform/Developer/SDKs/MacOSX15.5.sdk -o /Users/konrad/Library/Developer/Xcode/DerivedData/SDKStatCaches.noindex/macosx15.5-24F74-8254517eb8b97d462ccbc072ba9094c9.sdkstatcache

WriteAuxiliaryFile /Users/konrad/Library/Developer/Xcode/DerivedData/ImageIntact-bhmsucagebmynrdqgnmudwywfvam/Build/Intermediates.noindex/ImageIntact.build/Debug/ImageIntact-d438818f1b35d8d4edc4d4d412266abb-VFS/all-product-headers.yaml
    cd /Users/konrad/Library/Mobile\ Documents/com\~apple\~CloudDocs/XCode/ImageIntact/ImageIntact.xcodeproj
    write-file /Users/konrad/Library/Developer/Xcode/DerivedData/ImageIntact-bhmsucagebmynrdqgnmudwywfvam/Build/Intermediates.noindex/ImageIntact.build/Debug/ImageIntact-d438818f1b35d8d4edc4d4d412266abb-VFS/all-product-headers.yaml

WriteAuxiliaryFile /Users/konrad/Library/Developer/Xcode/DerivedData/ImageIntact-bhmsucagebmynrdqgnmudwywfvam/Build/Intermediates.noindex/ImageIntact.build/Debug/ImageIntactTests.build/empty-ImageIntactTests.plist (in target 'ImageIntactTests' from project 'ImageIntact')
    cd /Users/konrad/Library/Mobile\ Documents/com\~apple\~CloudDocs/XCode/ImageIntact
    write-file /Users/konrad/Library/Developer/Xcode/DerivedData/ImageIntact-bhmsucagebmynrdqgnmudwywfvam/Build/Intermediates.noindex/ImageIntact.build/Debug/ImageIntactTests.build/empty-ImageIntactTests.plist

WriteAuxiliaryFile /Users/konrad/Library/Developer/Xcode/DerivedData/ImageIntact-bhmsucagebmynrdqgnmudwywfvam/Build/Intermediates.noindex/ImageIntact.build/Debug/ImageIntactTests.build/ImageIntactTests-generated-files.hmap (in target 'ImageIntactTests' from project 'ImageIntact')
    cd /Users/konrad/Library/Mobile\ Documents/com\~apple\~CloudDocs/XCode/ImageIntact
    write-file /Users/konrad/Library/Developer/Xcode/DerivedData/ImageIntact-bhmsucagebmynrdqgnmudwywfvam/Build/Intermediates.noindex/ImageIntact.build/Debug/ImageIntactTests.build/ImageIntactTests-generated-files.hmap

WriteAuxiliaryFile /Users/konrad/Library/Developer/Xcode/DerivedData/ImageIntact-bhmsucagebmynrdqgnmudwywfvam/Build/Intermediates.noindex/ImageIntact.build/Debug/ImageIntactTests.build/ImageIntactTests.hmap (in target 'ImageIntactTests' from project 'ImageIntact')
    cd /Users/konrad/Library/Mobile\ Documents/com\~apple\~CloudDocs/XCode/ImageIntact
    write-file /Users/konrad/Library/Developer/Xcode/DerivedData/ImageIntact-bhmsucagebmynrdqgnmudwywfvam/Build/Intermediates.noindex/ImageIntact.build/Debug/ImageIntactTests.build/ImageIntactTests.hmap

WriteAuxiliaryFile /Users/konrad/Library/Developer/Xcode/DerivedData/ImageIntact-bhmsucagebmynrdqgnmudwywfvam/Build/Intermediates.noindex/ImageIntact.build/Debug/ImageIntactTests.build/ImageIntactTests-project-headers.hmap (in target 'ImageIntactTests' from project 'ImageIntact')
    cd /Users/konrad/Library/Mobile\ Documents/com\~apple\~CloudDocs/XCode/ImageIntact
    write-file /Users/konrad/Library/Developer/Xcode/DerivedData/ImageIntact-bhmsucagebmynrdqgnmudwywfvam/Build/Intermediates.noindex/ImageIntact.build/Debug/ImageIntactTests.build/ImageIntactTests-project-headers.hmap

WriteAuxiliaryFile /Users/konrad/Library/Developer/Xcode/DerivedData/ImageIntact-bhmsucagebmynrdqgnmudwywfvam/Build/Intermediates.noindex/ImageIntact.build/Debug/ImageIntactTests.build/ImageIntactTests-all-target-headers.hmap (in target 'ImageIntactTests' from project 'ImageIntact')
    cd /Users/konrad/Library/Mobile\ Documents/com\~apple\~CloudDocs/XCode/ImageIntact
    write-file /Users/konrad/Library/Developer/Xcode/DerivedData/ImageIntact-bhmsucagebmynrdqgnmudwywfvam/Build/Intermediates.noindex/ImageIntact.build/Debug/ImageIntactTests.build/ImageIntactTests-all-target-headers.hmap

WriteAuxiliaryFile /Users/konrad/Library/Developer/Xcode/DerivedData/ImageIntact-bhmsucagebmynrdqgnmudwywfvam/Build/Intermediates.noindex/ImageIntact.build/Debug/ImageIntactTests.build/ImageIntactTests-own-target-headers.hmap (in target 'ImageIntactTests' from project 'ImageIntact')
    cd /Users/konrad/Library/Mobile\ Documents/com\~apple\~CloudDocs/XCode/ImageIntact
    write-file /Users/konrad/Library/Developer/Xcode/DerivedData/ImageIntact-bhmsucagebmynrdqgnmudwywfvam/Build/Intermediates.noindex/ImageIntact.build/Debug/ImageIntactTests.build/ImageIntactTests-own-target-headers.hmap

WriteAuxiliaryFile /Users/konrad/Library/Developer/Xcode/DerivedData/ImageIntact-bhmsucagebmynrdqgnmudwywfvam/Build/Intermediates.noindex/ImageIntact.build/Debug/ImageIntactTests.build/ImageIntactTests-all-non-framework-target-headers.hmap (in target 'ImageIntactTests' from project 'ImageIntact')
    cd /Users/konrad/Library/Mobile\ Documents/com\~apple\~CloudDocs/XCode/ImageIntact
    write-file /Users/konrad/Library/Developer/Xcode/DerivedData/ImageIntact-bhmsucagebmynrdqgnmudwywfvam/Build/Intermediates.noindex/ImageIntact.build/Debug/ImageIntactTests.build/ImageIntactTests-all-non-framework-target-headers.hmap

WriteAuxiliaryFile /Users/konrad/Library/Developer/Xcode/DerivedData/ImageIntact-bhmsucagebmynrdqgnmudwywfvam/Build/Intermediates.noindex/ImageIntact.build/Debug/ImageIntactTests.build/Objects-normal/arm64/ImageIntactTests.SwiftFileList (in target 'ImageIntactTests' from project 'ImageIntact')
    cd /Users/konrad/Library/Mobile\ Documents/com\~apple\~CloudDocs/XCode/ImageIntact
    write-file /Users/konrad/Library/Developer/Xcode/DerivedData/ImageIntact-bhmsucagebmynrdqgnmudwywfvam/Build/Intermediates.noindex/ImageIntact.build/Debug/ImageIntactTests.build/Objects-normal/arm64/ImageIntactTests.SwiftFileList

WriteAuxiliaryFile /Users/konrad/Library/Developer/Xcode/DerivedData/ImageIntact-bhmsucagebmynrdqgnmudwywfvam/Build/Intermediates.noindex/ImageIntact.build/Debug/ImageIntactTests.build/Objects-normal/arm64/ImageIntactTests-OutputFileMap.json (in target 'ImageIntactTests' from project 'ImageIntact')
    cd /Users/konrad/Library/Mobile\ Documents/com\~apple\~CloudDocs/XCode/ImageIntact
    write-file /Users/konrad/Library/Developer/Xcode/DerivedData/ImageIntact-bhmsucagebmynrdqgnmudwywfvam/Build/Intermediates.noindex/ImageIntact.build/Debug/ImageIntactTests.build/Objects-normal/arm64/ImageIntactTests-OutputFileMap.json

WriteAuxiliaryFile /Users/konrad/Library/Developer/Xcode/DerivedData/ImageIntact-bhmsucagebmynrdqgnmudwywfvam/Build/Intermediates.noindex/ImageIntact.build/Debug/ImageIntactTests.build/Objects-normal/arm64/ImageIntactTests.SwiftConstValuesFileList (in target 'ImageIntactTests' from project 'ImageIntact')
    cd /Users/konrad/Library/Mobile\ Documents/com\~apple\~CloudDocs/XCode/ImageIntact
    write-file /Users/konrad/Library/Developer/Xcode/DerivedData/ImageIntact-bhmsucagebmynrdqgnmudwywfvam/Build/Intermediates.noindex/ImageIntact.build/Debug/ImageIntactTests.build/Objects-normal/arm64/ImageIntactTests.SwiftConstValuesFileList

WriteAuxiliaryFile /Users/konrad/Library/Developer/Xcode/DerivedData/ImageIntact-bhmsucagebmynrdqgnmudwywfvam/Build/Intermediates.noindex/ImageIntact.build/Debug/ImageIntactTests.build/Objects-normal/arm64/ImageIntactTests_const_extract_protocols.json (in target 'ImageIntactTests' from project 'ImageIntact')
    cd /Users/konrad/Library/Mobile\ Documents/com\~apple\~CloudDocs/XCode/ImageIntact
    write-file /Users/konrad/Library/Developer/Xcode/DerivedData/ImageIntact-bhmsucagebmynrdqgnmudwywfvam/Build/Intermediates.noindex/ImageIntact.build/Debug/ImageIntactTests.build/Objects-normal/arm64/ImageIntactTests_const_extract_protocols.json

WriteAuxiliaryFile /Users/konrad/Library/Developer/Xcode/DerivedData/ImageIntact-bhmsucagebmynrdqgnmudwywfvam/Build/Intermediates.noindex/ImageIntact.build/Debug/ImageIntactTests.build/Objects-normal/arm64/ImageIntactTests.LinkFileList (in target 'ImageIntactTests' from project 'ImageIntact')
    cd /Users/konrad/Library/Mobile\ Documents/com\~apple\~CloudDocs/XCode/ImageIntact
    write-file /Users/konrad/Library/Developer/Xcode/DerivedData/ImageIntact-bhmsucagebmynrdqgnmudwywfvam/Build/Intermediates.noindex/ImageIntact.build/Debug/ImageIntactTests.build/Objects-normal/arm64/ImageIntactTests.LinkFileList

WriteAuxiliaryFile /Users/konrad/Library/Developer/Xcode/DerivedData/ImageIntact-bhmsucagebmynrdqgnmudwywfvam/Build/Intermediates.noindex/ImageIntact.build/Debug/ImageIntactTests.build/ImageIntactTests.DependencyMetadataFileList (in target 'ImageIntactTests' from project 'ImageIntact')
    cd /Users/konrad/Library/Mobile\ Documents/com\~apple\~CloudDocs/XCode/ImageIntact
    write-file /Users/konrad/Library/Developer/Xcode/DerivedData/ImageIntact-bhmsucagebmynrdqgnmudwywfvam/Build/Intermediates.noindex/ImageIntact.build/Debug/ImageIntactTests.build/ImageIntactTests.DependencyMetadataFileList

WriteAuxiliaryFile /Users/konrad/Library/Developer/Xcode/DerivedData/ImageIntact-bhmsucagebmynrdqgnmudwywfvam/Build/Intermediates.noindex/ImageIntact.build/Debug/ImageIntactTests.build/ImageIntactTests.DependencyStaticMetadataFileList (in target 'ImageIntactTests' from project 'ImageIntact')
    cd /Users/konrad/Library/Mobile\ Documents/com\~apple\~CloudDocs/XCode/ImageIntact
    write-file /Users/konrad/Library/Developer/Xcode/DerivedData/ImageIntact-bhmsucagebmynrdqgnmudwywfvam/Build/Intermediates.noindex/ImageIntact.build/Debug/ImageIntactTests.build/ImageIntactTests.DependencyStaticMetadataFileList

WriteAuxiliaryFile /Users/konrad/Library/Developer/Xcode/DerivedData/ImageIntact-bhmsucagebmynrdqgnmudwywfvam/Build/Intermediates.noindex/ImageIntact.build/Debug/ImageIntact.build/empty-ImageIntact.plist (in target 'ImageIntact' from project 'ImageIntact')
    cd /Users/konrad/Library/Mobile\ Documents/com\~apple\~CloudDocs/XCode/ImageIntact
    write-file /Users/konrad/Library/Developer/Xcode/DerivedData/ImageIntact-bhmsucagebmynrdqgnmudwywfvam/Build/Intermediates.noindex/ImageIntact.build/Debug/ImageIntact.build/empty-ImageIntact.plist

WriteAuxiliaryFile /Users/konrad/Library/Developer/Xcode/DerivedData/ImageIntact-bhmsucagebmynrdqgnmudwywfvam/Build/Intermediates.noindex/ImageIntact.build/Debug/ImageIntact.build/Objects-normal/arm64/ImageIntact_const_extract_protocols.json (in target 'ImageIntact' from project 'ImageIntact')
    cd /Users/konrad/Library/Mobile\ Documents/com\~apple\~CloudDocs/XCode/ImageIntact
    write-file /Users/konrad/Library/Developer/Xcode/DerivedData/ImageIntact-bhmsucagebmynrdqgnmudwywfvam/Build/Intermediates.noindex/ImageIntact.build/Debug/ImageIntact.build/Objects-normal/arm64/ImageIntact_const_extract_protocols.json

WriteAuxiliaryFile /Users/konrad/Library/Developer/Xcode/DerivedData/ImageIntact-bhmsucagebmynrdqgnmudwywfvam/Build/Intermediates.noindex/ImageIntact.build/Debug/ImageIntact.build/Objects-normal/arm64/ImageIntact.SwiftConstValuesFileList (in target 'ImageIntact' from project 'ImageIntact')
    cd /Users/konrad/Library/Mobile\ Documents/com\~apple\~CloudDocs/XCode/ImageIntact
    write-file /Users/konrad/Library/Developer/Xcode/DerivedData/ImageIntact-bhmsucagebmynrdqgnmudwywfvam/Build/Intermediates.noindex/ImageIntact.build/Debug/ImageIntact.build/Objects-normal/arm64/ImageIntact.SwiftConstValuesFileList

WriteAuxiliaryFile /Users/konrad/Library/Developer/Xcode/DerivedData/ImageIntact-bhmsucagebmynrdqgnmudwywfvam/Build/Intermediates.noindex/ImageIntact.build/Debug/ImageIntact.build/Objects-normal/arm64/ImageIntact.SwiftFileList (in target 'ImageIntact' from project 'ImageIntact')
    cd /Users/konrad/Library/Mobile\ Documents/com\~apple\~CloudDocs/XCode/ImageIntact
    write-file /Users/konrad/Library/Developer/Xcode/DerivedData/ImageIntact-bhmsucagebmynrdqgnmudwywfvam/Build/Intermediates.noindex/ImageIntact.build/Debug/ImageIntact.build/Objects-normal/arm64/ImageIntact.SwiftFileList

WriteAuxiliaryFile /Users/konrad/Library/Developer/Xcode/DerivedData/ImageIntact-bhmsucagebmynrdqgnmudwywfvam/Build/Intermediates.noindex/ImageIntact.build/Debug/ImageIntact.build/Objects-normal/arm64/ImageIntact.LinkFileList (in target 'ImageIntact' from project 'ImageIntact')
    cd /Users/konrad/Library/Mobile\ Documents/com\~apple\~CloudDocs/XCode/ImageIntact
    write-file /Users/konrad/Library/Developer/Xcode/DerivedData/ImageIntact-bhmsucagebmynrdqgnmudwywfvam/Build/Intermediates.noindex/ImageIntact.build/Debug/ImageIntact.build/Objects-normal/arm64/ImageIntact.LinkFileList

WriteAuxiliaryFile /Users/konrad/Library/Developer/Xcode/DerivedData/ImageIntact-bhmsucagebmynrdqgnmudwywfvam/Build/Intermediates.noindex/ImageIntact.build/Debug/ImageIntact.build/Objects-normal/arm64/ImageIntact-OutputFileMap.json (in target 'ImageIntact' from project 'ImageIntact')
    cd /Users/konrad/Library/Mobile\ Documents/com\~apple\~CloudDocs/XCode/ImageIntact
    write-file /Users/konrad/Library/Developer/Xcode/DerivedData/ImageIntact-bhmsucagebmynrdqgnmudwywfvam/Build/Intermediates.noindex/ImageIntact.build/Debug/ImageIntact.build/Objects-normal/arm64/ImageIntact-OutputFileMap.json

WriteAuxiliaryFile /Users/konrad/Library/Developer/Xcode/DerivedData/ImageIntact-bhmsucagebmynrdqgnmudwywfvam/Build/Intermediates.noindex/ImageIntact.build/Debug/ImageIntact.build/ImageIntact.hmap (in target 'ImageIntact' from project 'ImageIntact')
    cd /Users/konrad/Library/Mobile\ Documents/com\~apple\~CloudDocs/XCode/ImageIntact
    write-file /Users/konrad/Library/Developer/Xcode/DerivedData/ImageIntact-bhmsucagebmynrdqgnmudwywfvam/Build/Intermediates.noindex/ImageIntact.build/Debug/ImageIntact.build/ImageIntact.hmap

WriteAuxiliaryFile /Users/konrad/Library/Developer/Xcode/DerivedData/ImageIntact-bhmsucagebmynrdqgnmudwywfvam/Build/Intermediates.noindex/ImageIntact.build/Debug/ImageIntact.build/ImageIntact.DependencyStaticMetadataFileList (in target 'ImageIntact' from project 'ImageIntact')
    cd /Users/konrad/Library/Mobile\ Documents/com\~apple\~CloudDocs/XCode/ImageIntact
    write-file /Users/konrad/Library/Developer/Xcode/DerivedData/ImageIntact-bhmsucagebmynrdqgnmudwywfvam/Build/Intermediates.noindex/ImageIntact.build/Debug/ImageIntact.build/ImageIntact.DependencyStaticMetadataFileList

WriteAuxiliaryFile /Users/konrad/Library/Developer/Xcode/DerivedData/ImageIntact-bhmsucagebmynrdqgnmudwywfvam/Build/Intermediates.noindex/ImageIntact.build/Debug/ImageIntact.build/ImageIntact.DependencyMetadataFileList (in target 'ImageIntact' from project 'ImageIntact')
    cd /Users/konrad/Library/Mobile\ Documents/com\~apple\~CloudDocs/XCode/ImageIntact
    write-file /Users/konrad/Library/Developer/Xcode/DerivedData/ImageIntact-bhmsucagebmynrdqgnmudwywfvam/Build/Intermediates.noindex/ImageIntact.build/Debug/ImageIntact.build/ImageIntact.DependencyMetadataFileList

WriteAuxiliaryFile /Users/konrad/Library/Developer/Xcode/DerivedData/ImageIntact-bhmsucagebmynrdqgnmudwywfvam/Build/Intermediates.noindex/ImageIntact.build/Debug/ImageIntact.build/ImageIntact-project-headers.hmap (in target 'ImageIntact' from project 'ImageIntact')
    cd /Users/konrad/Library/Mobile\ Documents/com\~apple\~CloudDocs/XCode/ImageIntact
    write-file /Users/konrad/Library/Developer/Xcode/DerivedData/ImageIntact-bhmsucagebmynrdqgnmudwywfvam/Build/Intermediates.noindex/ImageIntact.build/Debug/ImageIntact.build/ImageIntact-project-headers.hmap

WriteAuxiliaryFile /Users/konrad/Library/Developer/Xcode/DerivedData/ImageIntact-bhmsucagebmynrdqgnmudwywfvam/Build/Intermediates.noindex/ImageIntact.build/Debug/ImageIntact.build/ImageIntact-own-target-headers.hmap (in target 'ImageIntact' from project 'ImageIntact')
    cd /Users/konrad/Library/Mobile\ Documents/com\~apple\~CloudDocs/XCode/ImageIntact
    write-file /Users/konrad/Library/Developer/Xcode/DerivedData/ImageIntact-bhmsucagebmynrdqgnmudwywfvam/Build/Intermediates.noindex/ImageIntact.build/Debug/ImageIntact.build/ImageIntact-own-target-headers.hmap

WriteAuxiliaryFile /Users/konrad/Library/Developer/Xcode/DerivedData/ImageIntact-bhmsucagebmynrdqgnmudwywfvam/Build/Intermediates.noindex/ImageIntact.build/Debug/ImageIntact.build/ImageIntact-generated-files.hmap (in target 'ImageIntact' from project 'ImageIntact')
    cd /Users/konrad/Library/Mobile\ Documents/com\~apple\~CloudDocs/XCode/ImageIntact
    write-file /Users/konrad/Library/Developer/Xcode/DerivedData/ImageIntact-bhmsucagebmynrdqgnmudwywfvam/Build/Intermediates.noindex/ImageIntact.build/Debug/ImageIntact.build/ImageIntact-generated-files.hmap

WriteAuxiliaryFile /Users/konrad/Library/Developer/Xcode/DerivedData/ImageIntact-bhmsucagebmynrdqgnmudwywfvam/Build/Intermediates.noindex/ImageIntact.build/Debug/ImageIntact.build/ImageIntact-all-target-headers.hmap (in target 'ImageIntact' from project 'ImageIntact')
    cd /Users/konrad/Library/Mobile\ Documents/com\~apple\~CloudDocs/XCode/ImageIntact
    write-file /Users/konrad/Library/Developer/Xcode/DerivedData/ImageIntact-bhmsucagebmynrdqgnmudwywfvam/Build/Intermediates.noindex/ImageIntact.build/Debug/ImageIntact.build/ImageIntact-all-target-headers.hmap

WriteAuxiliaryFile /Users/konrad/Library/Developer/Xcode/DerivedData/ImageIntact-bhmsucagebmynrdqgnmudwywfvam/Build/Intermediates.noindex/ImageIntact.build/Debug/ImageIntact.build/ImageIntact-all-non-framework-target-headers.hmap (in target 'ImageIntact' from project 'ImageIntact')
    cd /Users/konrad/Library/Mobile\ Documents/com\~apple\~CloudDocs/XCode/ImageIntact
    write-file /Users/konrad/Library/Developer/Xcode/DerivedData/ImageIntact-bhmsucagebmynrdqgnmudwywfvam/Build/Intermediates.noindex/ImageIntact.build/Debug/ImageIntact.build/ImageIntact-all-non-framework-target-headers.hmap

WriteAuxiliaryFile /Users/konrad/Library/Developer/Xcode/DerivedData/ImageIntact-bhmsucagebmynrdqgnmudwywfvam/Build/Intermediates.noindex/ImageIntact.build/Debug/ImageIntact.build/ImageIntact-DebugDylibPath-normal-arm64.txt (in target 'ImageIntact' from project 'ImageIntact')
    cd /Users/konrad/Library/Mobile\ Documents/com\~apple\~CloudDocs/XCode/ImageIntact
    write-file /Users/konrad/Library/Developer/Xcode/DerivedData/ImageIntact-bhmsucagebmynrdqgnmudwywfvam/Build/Intermediates.noindex/ImageIntact.build/Debug/ImageIntact.build/ImageIntact-DebugDylibPath-normal-arm64.txt

WriteAuxiliaryFile /Users/konrad/Library/Developer/Xcode/DerivedData/ImageIntact-bhmsucagebmynrdqgnmudwywfvam/Build/Intermediates.noindex/ImageIntact.build/Debug/ImageIntact.build/ImageIntact-DebugDylibInstallName-normal-arm64.txt (in target 'ImageIntact' from project 'ImageIntact')
    cd /Users/konrad/Library/Mobile\ Documents/com\~apple\~CloudDocs/XCode/ImageIntact
    write-file /Users/konrad/Library/Developer/Xcode/DerivedData/ImageIntact-bhmsucagebmynrdqgnmudwywfvam/Build/Intermediates.noindex/ImageIntact.build/Debug/ImageIntact.build/ImageIntact-DebugDylibInstallName-normal-arm64.txt

WriteAuxiliaryFile /Users/konrad/Library/Developer/Xcode/DerivedData/ImageIntact-bhmsucagebmynrdqgnmudwywfvam/Build/Intermediates.noindex/ImageIntact.build/Debug/ImageIntact.build/DerivedSources/Entitlements.plist (in target 'ImageIntact' from project 'ImageIntact')
    cd /Users/konrad/Library/Mobile\ Documents/com\~apple\~CloudDocs/XCode/ImageIntact
    write-file /Users/konrad/Library/Developer/Xcode/DerivedData/ImageIntact-bhmsucagebmynrdqgnmudwywfvam/Build/Intermediates.noindex/ImageIntact.build/Debug/ImageIntact.build/DerivedSources/Entitlements.plist

MkDir /Users/konrad/Library/Developer/Xcode/DerivedData/ImageIntact-bhmsucagebmynrdqgnmudwywfvam/Build/Products/Debug/ImageIntact.app/Contents/PlugIns/ImageIntactTests.xctest/Contents/Resources (in target 'ImageIntactTests' from project 'ImageIntact')
    cd /Users/konrad/Library/Mobile\ Documents/com\~apple\~CloudDocs/XCode/ImageIntact
    /bin/mkdir -p /Users/konrad/Library/Developer/Xcode/DerivedData/ImageIntact-bhmsucagebmynrdqgnmudwywfvam/Build/Products/Debug/ImageIntact.app/Contents/PlugIns/ImageIntactTests.xctest/Contents/Resources

MkDir /Users/konrad/Library/Developer/Xcode/DerivedData/ImageIntact-bhmsucagebmynrdqgnmudwywfvam/Build/Products/Debug/ImageIntact.app/Contents/PlugIns/ImageIntactTests.xctest/Contents/MacOS (in target 'ImageIntactTests' from project 'ImageIntact')
    cd /Users/konrad/Library/Mobile\ Documents/com\~apple\~CloudDocs/XCode/ImageIntact
    /bin/mkdir -p /Users/konrad/Library/Developer/Xcode/DerivedData/ImageIntact-bhmsucagebmynrdqgnmudwywfvam/Build/Products/Debug/ImageIntact.app/Contents/PlugIns/ImageIntactTests.xctest/Contents/MacOS

MkDir /Users/konrad/Library/Developer/Xcode/DerivedData/ImageIntact-bhmsucagebmynrdqgnmudwywfvam/Build/Products/Debug/ImageIntact.app/Contents/PlugIns/ImageIntactTests.xctest/Contents (in target 'ImageIntactTests' from project 'ImageIntact')
    cd /Users/konrad/Library/Mobile\ Documents/com\~apple\~CloudDocs/XCode/ImageIntact
    /bin/mkdir -p /Users/konrad/Library/Developer/Xcode/DerivedData/ImageIntact-bhmsucagebmynrdqgnmudwywfvam/Build/Products/Debug/ImageIntact.app/Contents/PlugIns/ImageIntactTests.xctest/Contents

MkDir /Users/konrad/Library/Developer/Xcode/DerivedData/ImageIntact-bhmsucagebmynrdqgnmudwywfvam/Build/Products/Debug/ImageIntact.app/Contents/PlugIns/ImageIntactTests.xctest (in target 'ImageIntactTests' from project 'ImageIntact')
    cd /Users/konrad/Library/Mobile\ Documents/com\~apple\~CloudDocs/XCode/ImageIntact
    /bin/mkdir -p /Users/konrad/Library/Developer/Xcode/DerivedData/ImageIntact-bhmsucagebmynrdqgnmudwywfvam/Build/Products/Debug/ImageIntact.app/Contents/PlugIns/ImageIntactTests.xctest

MkDir /Users/konrad/Library/Developer/Xcode/DerivedData/ImageIntact-bhmsucagebmynrdqgnmudwywfvam/Build/Products/Debug/ImageIntact.app/Contents/Resources (in target 'ImageIntact' from project 'ImageIntact')
    cd /Users/konrad/Library/Mobile\ Documents/com\~apple\~CloudDocs/XCode/ImageIntact
    /bin/mkdir -p /Users/konrad/Library/Developer/Xcode/DerivedData/ImageIntact-bhmsucagebmynrdqgnmudwywfvam/Build/Products/Debug/ImageIntact.app/Contents/Resources

MkDir /Users/konrad/Library/Developer/Xcode/DerivedData/ImageIntact-bhmsucagebmynrdqgnmudwywfvam/Build/Products/Debug/ImageIntact.app/Contents/PlugIns (in target 'ImageIntact' from project 'ImageIntact')
    cd /Users/konrad/Library/Mobile\ Documents/com\~apple\~CloudDocs/XCode/ImageIntact
    /bin/mkdir -p /Users/konrad/Library/Developer/Xcode/DerivedData/ImageIntact-bhmsucagebmynrdqgnmudwywfvam/Build/Products/Debug/ImageIntact.app/Contents/PlugIns

MkDir /Users/konrad/Library/Developer/Xcode/DerivedData/ImageIntact-bhmsucagebmynrdqgnmudwywfvam/Build/Products/Debug/ImageIntact.app/Contents/MacOS (in target 'ImageIntact' from project 'ImageIntact')
    cd /Users/konrad/Library/Mobile\ Documents/com\~apple\~CloudDocs/XCode/ImageIntact
    /bin/mkdir -p /Users/konrad/Library/Developer/Xcode/DerivedData/ImageIntact-bhmsucagebmynrdqgnmudwywfvam/Build/Products/Debug/ImageIntact.app/Contents/MacOS

MkDir /Users/konrad/Library/Developer/Xcode/DerivedData/ImageIntact-bhmsucagebmynrdqgnmudwywfvam/Build/Products/Debug/ImageIntact.app/Contents/Frameworks (in target 'ImageIntact' from project 'ImageIntact')
    cd /Users/konrad/Library/Mobile\ Documents/com\~apple\~CloudDocs/XCode/ImageIntact
    /bin/mkdir -p /Users/konrad/Library/Developer/Xcode/DerivedData/ImageIntact-bhmsucagebmynrdqgnmudwywfvam/Build/Products/Debug/ImageIntact.app/Contents/Frameworks

MkDir /Users/konrad/Library/Developer/Xcode/DerivedData/ImageIntact-bhmsucagebmynrdqgnmudwywfvam/Build/Products/Debug/ImageIntact.app/Contents (in target 'ImageIntact' from project 'ImageIntact')
    cd /Users/konrad/Library/Mobile\ Documents/com\~apple\~CloudDocs/XCode/ImageIntact
    /bin/mkdir -p /Users/konrad/Library/Developer/Xcode/DerivedData/ImageIntact-bhmsucagebmynrdqgnmudwywfvam/Build/Products/Debug/ImageIntact.app/Contents

MkDir /Users/konrad/Library/Developer/Xcode/DerivedData/ImageIntact-bhmsucagebmynrdqgnmudwywfvam/Build/Products/Debug/ImageIntact.app (in target 'ImageIntact' from project 'ImageIntact')
    cd /Users/konrad/Library/Mobile\ Documents/com\~apple\~CloudDocs/XCode/ImageIntact
    /bin/mkdir -p /Users/konrad/Library/Developer/Xcode/DerivedData/ImageIntact-bhmsucagebmynrdqgnmudwywfvam/Build/Products/Debug/ImageIntact.app

ProcessProductPackaging /Users/konrad/Library/Mobile\ Documents/com~apple~CloudDocs/XCode/ImageIntact/ImageIntact/ImageIntact.entitlements /Users/konrad/Library/Developer/Xcode/DerivedData/ImageIntact-bhmsucagebmynrdqgnmudwywfvam/Build/Intermediates.noindex/ImageIntact.build/Debug/ImageIntact.build/ImageIntact.app.xcent (in target 'ImageIntact' from project 'ImageIntact')
    cd /Users/konrad/Library/Mobile\ Documents/com\~apple\~CloudDocs/XCode/ImageIntact
    
    Entitlements:
    
    {
    "com.apple.security.app-sandbox" = 1;
    "com.apple.security.files.user-selected.read-write" = 1;
    "com.apple.security.get-task-allow" = 1;
    "com.apple.security.network.client" = 1;
}
    
    builtin-productPackagingUtility /Users/konrad/Library/Mobile\ Documents/com\~apple\~CloudDocs/XCode/ImageIntact/ImageIntact/ImageIntact.entitlements -entitlements -format xml -o /Users/konrad/Library/Developer/Xcode/DerivedData/ImageIntact-bhmsucagebmynrdqgnmudwywfvam/Build/Intermediates.noindex/ImageIntact.build/Debug/ImageIntact.build/ImageIntact.app.xcent

ProcessProductPackagingDER /Users/konrad/Library/Developer/Xcode/DerivedData/ImageIntact-bhmsucagebmynrdqgnmudwywfvam/Build/Intermediates.noindex/ImageIntact.build/Debug/ImageIntact.build/ImageIntact.app.xcent /Users/konrad/Library/Developer/Xcode/DerivedData/ImageIntact-bhmsucagebmynrdqgnmudwywfvam/Build/Intermediates.noindex/ImageIntact.build/Debug/ImageIntact.build/ImageIntact.app.xcent.der (in target 'ImageIntact' from project 'ImageIntact')
    cd /Users/konrad/Library/Mobile\ Documents/com\~apple\~CloudDocs/XCode/ImageIntact
    /usr/bin/derq query -f xml -i /Users/konrad/Library/Developer/Xcode/DerivedData/ImageIntact-bhmsucagebmynrdqgnmudwywfvam/Build/Intermediates.noindex/ImageIntact.build/Debug/ImageIntact.build/ImageIntact.app.xcent -o /Users/konrad/Library/Developer/Xcode/DerivedData/ImageIntact-bhmsucagebmynrdqgnmudwywfvam/Build/Intermediates.noindex/ImageIntact.build/Debug/ImageIntact.build/ImageIntact.app.xcent.der --raw

DataModelCompile /Users/konrad/Library/Developer/Xcode/DerivedData/ImageIntact-bhmsucagebmynrdqgnmudwywfvam/Build/Products/Debug/ImageIntact.app/Contents/Resources/ /Users/konrad/Library/Mobile\ Documents/com~apple~CloudDocs/XCode/ImageIntact/ImageIntact/Models/EventLogger/ImageIntactEvents.xcdatamodeld (in target 'ImageIntact' from project 'ImageIntact')
    cd /Users/konrad/Library/Mobile\ Documents/com\~apple\~CloudDocs/XCode/ImageIntact
    /Applications/Xcode.app/Contents/Developer/usr/bin/momc --sdkroot /Applications/Xcode.app/Contents/Developer/Platforms/MacOSX.platform/Developer/SDKs/MacOSX15.5.sdk --macosx-deployment-target 14.0 --module ImageIntact /Users/konrad/Library/Mobile\ Documents/com\~apple\~CloudDocs/XCode/ImageIntact/ImageIntact/Models/EventLogger/ImageIntactEvents.xcdatamodeld /Users/konrad/Library/Developer/Xcode/DerivedData/ImageIntact-bhmsucagebmynrdqgnmudwywfvam/Build/Products/Debug/ImageIntact.app/Contents/Resources/
ImageIntactEvents.xcdatamodel: note: Model ImageIntactEvents version checksum: okRURC5TTBEMIsdRkSeZt16D6wH3NUWRGOpwMc5mssU=

GenerateAssetSymbols /Users/konrad/Library/Mobile\ Documents/com~apple~CloudDocs/XCode/ImageIntact/ImageIntact/Assets.xcassets (in target 'ImageIntact' from project 'ImageIntact')
    cd /Users/konrad/Library/Mobile\ Documents/com\~apple\~CloudDocs/XCode/ImageIntact
    /Applications/Xcode.app/Contents/Developer/usr/bin/actool /Users/konrad/Library/Mobile\ Documents/com\~apple\~CloudDocs/XCode/ImageIntact/ImageIntact/Assets.xcassets --compile /Users/konrad/Library/Developer/Xcode/DerivedData/ImageIntact-bhmsucagebmynrdqgnmudwywfvam/Build/Products/Debug/ImageIntact.app/Contents/Resources --output-format human-readable-text --notices --warnings --export-dependency-info /Users/konrad/Library/Developer/Xcode/DerivedData/ImageIntact-bhmsucagebmynrdqgnmudwywfvam/Build/Intermediates.noindex/ImageIntact.build/Debug/ImageIntact.build/assetcatalog_dependencies --output-partial-info-plist /Users/konrad/Library/Developer/Xcode/DerivedData/ImageIntact-bhmsucagebmynrdqgnmudwywfvam/Build/Intermediates.noindex/ImageIntact.build/Debug/ImageIntact.build/assetcatalog_generated_info.plist --app-icon AppIcon --accent-color AccentColor --enable-on-demand-resources NO --development-region en --target-device mac --minimum-deployment-target 14.0 --platform macosx --bundle-identifier com.tonalphoto.tech.ImageIntact --generate-swift-asset-symbols /Users/konrad/Library/Developer/Xcode/DerivedData/ImageIntact-bhmsucagebmynrdqgnmudwywfvam/Build/Intermediates.noindex/ImageIntact.build/Debug/ImageIntact.build/DerivedSources/GeneratedAssetSymbols.swift --generate-objc-asset-symbols /Users/konrad/Library/Developer/Xcode/DerivedData/ImageIntact-bhmsucagebmynrdqgnmudwywfvam/Build/Intermediates.noindex/ImageIntact.build/Debug/ImageIntact.build/DerivedSources/GeneratedAssetSymbols.h --generate-asset-symbol-index /Users/konrad/Library/Developer/Xcode/DerivedData/ImageIntact-bhmsucagebmynrdqgnmudwywfvam/Build/Intermediates.noindex/ImageIntact.build/Debug/ImageIntact.build/DerivedSources/GeneratedAssetSymbols-Index.plist
/* com.apple.actool.compilation-results */
/Users/konrad/Library/Developer/Xcode/DerivedData/ImageIntact-bhmsucagebmynrdqgnmudwywfvam/Build/Intermediates.noindex/ImageIntact.build/Debug/ImageIntact.build/DerivedSources/GeneratedAssetSymbols-Index.plist
/Users/konrad/Library/Developer/Xcode/DerivedData/ImageIntact-bhmsucagebmynrdqgnmudwywfvam/Build/Intermediates.noindex/ImageIntact.build/Debug/ImageIntact.build/DerivedSources/GeneratedAssetSymbols.h
/Users/konrad/Library/Developer/Xcode/DerivedData/ImageIntact-bhmsucagebmynrdqgnmudwywfvam/Build/Intermediates.noindex/ImageIntact.build/Debug/ImageIntact.build/DerivedSources/GeneratedAssetSymbols.swift


MkDir /Users/konrad/Library/Developer/Xcode/DerivedData/ImageIntact-bhmsucagebmynrdqgnmudwywfvam/Build/Intermediates.noindex/ImageIntact.build/Debug/ImageIntact.build/assetcatalog_output/unthinned (in target 'ImageIntact' from project 'ImageIntact')
    cd /Users/konrad/Library/Mobile\ Documents/com\~apple\~CloudDocs/XCode/ImageIntact
    /bin/mkdir -p /Users/konrad/Library/Developer/Xcode/DerivedData/ImageIntact-bhmsucagebmynrdqgnmudwywfvam/Build/Intermediates.noindex/ImageIntact.build/Debug/ImageIntact.build/assetcatalog_output/unthinned

MkDir /Users/konrad/Library/Developer/Xcode/DerivedData/ImageIntact-bhmsucagebmynrdqgnmudwywfvam/Build/Intermediates.noindex/ImageIntact.build/Debug/ImageIntact.build/assetcatalog_output/thinned (in target 'ImageIntact' from project 'ImageIntact')
    cd /Users/konrad/Library/Mobile\ Documents/com\~apple\~CloudDocs/XCode/ImageIntact
    /bin/mkdir -p /Users/konrad/Library/Developer/Xcode/DerivedData/ImageIntact-bhmsucagebmynrdqgnmudwywfvam/Build/Intermediates.noindex/ImageIntact.build/Debug/ImageIntact.build/assetcatalog_output/thinned

Ld /Users/konrad/Library/Developer/Xcode/DerivedData/ImageIntact-bhmsucagebmynrdqgnmudwywfvam/Build/Products/Debug/ImageIntact.app/Contents/MacOS/__preview.dylib normal (in target 'ImageIntact' from project 'ImageIntact')
    cd /Users/konrad/Library/Mobile\ Documents/com\~apple\~CloudDocs/XCode/ImageIntact
    /Applications/Xcode.app/Contents/Developer/Toolchains/XcodeDefault.xctoolchain/usr/bin/clang -Xlinker -reproducible -target arm64-apple-macos14.0 -dynamiclib -isysroot /Applications/Xcode.app/Contents/Developer/Platforms/MacOSX.platform/Developer/SDKs/MacOSX15.5.sdk -O0 -L/Users/konrad/Library/Developer/Xcode/DerivedData/ImageIntact-bhmsucagebmynrdqgnmudwywfvam/Build/Products/Debug -F/Users/konrad/Library/Developer/Xcode/DerivedData/ImageIntact-bhmsucagebmynrdqgnmudwywfvam/Build/Products/Debug -install_name @rpath/ImageIntact.debug.dylib -dead_strip -rdynamic -Xlinker -no_deduplicate -Xlinker -debug_variant -Xlinker -dependency_info -Xlinker /Users/konrad/Library/Developer/Xcode/DerivedData/ImageIntact-bhmsucagebmynrdqgnmudwywfvam/Build/Intermediates.noindex/ImageIntact.build/Debug/ImageIntact.build/Objects-normal/arm64/ImageIntact_dependency_info.dat -Xlinker -no_adhoc_codesign -o /Users/konrad/Library/Developer/Xcode/DerivedData/ImageIntact-bhmsucagebmynrdqgnmudwywfvam/Build/Products/Debug/ImageIntact.app/Contents/MacOS/__preview.dylib

CpResource /Users/konrad/Library/Developer/Xcode/DerivedData/ImageIntact-bhmsucagebmynrdqgnmudwywfvam/Build/Products/Debug/ImageIntact.app/Contents/Resources/README.md /Users/konrad/Library/Mobile\ Documents/com~apple~CloudDocs/XCode/ImageIntact/README.md (in target 'ImageIntact' from project 'ImageIntact')
    cd /Users/konrad/Library/Mobile\ Documents/com\~apple\~CloudDocs/XCode/ImageIntact
    builtin-copy -exclude .DS_Store -exclude CVS -exclude .svn -exclude .git -exclude .hg -resolve-src-symlinks /Users/konrad/Library/Mobile\ Documents/com\~apple\~CloudDocs/XCode/ImageIntact/README.md /Users/konrad/Library/Developer/Xcode/DerivedData/ImageIntact-bhmsucagebmynrdqgnmudwywfvam/Build/Products/Debug/ImageIntact.app/Contents/Resources

Copy /Users/konrad/Library/Developer/Xcode/DerivedData/ImageIntact-bhmsucagebmynrdqgnmudwywfvam/Build/Products/Debug/ImageIntact.app/Contents/Frameworks/libXCTestSwiftSupport.dylib /Applications/Xcode.app/Contents/Developer/Platforms/MacOSX.platform/Developer/usr/lib/libXCTestSwiftSupport.dylib (in target 'ImageIntact' from project 'ImageIntact')
    cd /Users/konrad/Library/Mobile\ Documents/com\~apple\~CloudDocs/XCode/ImageIntact
    builtin-copy -exclude .DS_Store -exclude CVS -exclude .svn -exclude .git -exclude .hg -exclude Headers -exclude PrivateHeaders -exclude Modules -exclude \*.tbd -resolve-src-symlinks /Applications/Xcode.app/Contents/Developer/Platforms/MacOSX.platform/Developer/usr/lib/libXCTestSwiftSupport.dylib /Users/konrad/Library/Developer/Xcode/DerivedData/ImageIntact-bhmsucagebmynrdqgnmudwywfvam/Build/Products/Debug/ImageIntact.app/Contents/Frameworks

Copy /Users/konrad/Library/Developer/Xcode/DerivedData/ImageIntact-bhmsucagebmynrdqgnmudwywfvam/Build/Products/Debug/ImageIntact.app/Contents/Frameworks/libXCTestBundleInject.dylib /Applications/Xcode.app/Contents/Developer/Platforms/MacOSX.platform/Developer/usr/lib/libXCTestBundleInject.dylib (in target 'ImageIntact' from project 'ImageIntact')
    cd /Users/konrad/Library/Mobile\ Documents/com\~apple\~CloudDocs/XCode/ImageIntact
    builtin-copy -exclude .DS_Store -exclude CVS -exclude .svn -exclude .git -exclude .hg -exclude Headers -exclude PrivateHeaders -exclude Modules -exclude \*.tbd -resolve-src-symlinks /Applications/Xcode.app/Contents/Developer/Platforms/MacOSX.platform/Developer/usr/lib/libXCTestBundleInject.dylib /Users/konrad/Library/Developer/Xcode/DerivedData/ImageIntact-bhmsucagebmynrdqgnmudwywfvam/Build/Products/Debug/ImageIntact.app/Contents/Frameworks

CpResource /Users/konrad/Library/Developer/Xcode/DerivedData/ImageIntact-bhmsucagebmynrdqgnmudwywfvam/Build/Products/Debug/ImageIntact.app/Contents/Resources/LICENSE /Users/konrad/Library/Mobile\ Documents/com~apple~CloudDocs/XCode/ImageIntact/LICENSE (in target 'ImageIntact' from project 'ImageIntact')
    cd /Users/konrad/Library/Mobile\ Documents/com\~apple\~CloudDocs/XCode/ImageIntact
    builtin-copy -exclude .DS_Store -exclude CVS -exclude .svn -exclude .git -exclude .hg -resolve-src-symlinks /Users/konrad/Library/Mobile\ Documents/com\~apple\~CloudDocs/XCode/ImageIntact/LICENSE /Users/konrad/Library/Developer/Xcode/DerivedData/ImageIntact-bhmsucagebmynrdqgnmudwywfvam/Build/Products/Debug/ImageIntact.app/Contents/Resources

Copy /Users/konrad/Library/Developer/Xcode/DerivedData/ImageIntact-bhmsucagebmynrdqgnmudwywfvam/Build/Products/Debug/ImageIntact.app/Contents/Frameworks/XCUnit.framework /Applications/Xcode.app/Contents/Developer/Platforms/MacOSX.platform/Developer/Library/PrivateFrameworks/XCUnit.framework (in target 'ImageIntact' from project 'ImageIntact')
    cd /Users/konrad/Library/Mobile\ Documents/com\~apple\~CloudDocs/XCode/ImageIntact
    builtin-copy -exclude .DS_Store -exclude CVS -exclude .svn -exclude .git -exclude .hg -exclude Headers -exclude PrivateHeaders -exclude Modules -exclude \*.tbd -resolve-src-symlinks /Applications/Xcode.app/Contents/Developer/Platforms/MacOSX.platform/Developer/Library/PrivateFrameworks/XCUnit.framework /Users/konrad/Library/Developer/Xcode/DerivedData/ImageIntact-bhmsucagebmynrdqgnmudwywfvam/Build/Products/Debug/ImageIntact.app/Contents/Frameworks

Copy /Users/konrad/Library/Developer/Xcode/DerivedData/ImageIntact-bhmsucagebmynrdqgnmudwywfvam/Build/Products/Debug/ImageIntact.app/Contents/Frameworks/XCUIAutomation.framework /Applications/Xcode.app/Contents/Developer/Platforms/MacOSX.platform/Developer/Library/Frameworks/XCUIAutomation.framework (in target 'ImageIntact' from project 'ImageIntact')
    cd /Users/konrad/Library/Mobile\ Documents/com\~apple\~CloudDocs/XCode/ImageIntact
    builtin-copy -exclude .DS_Store -exclude CVS -exclude .svn -exclude .git -exclude .hg -exclude Headers -exclude PrivateHeaders -exclude Modules -exclude \*.tbd -resolve-src-symlinks /Applications/Xcode.app/Contents/Developer/Platforms/MacOSX.platform/Developer/Library/Frameworks/XCUIAutomation.framework /Users/konrad/Library/Developer/Xcode/DerivedData/ImageIntact-bhmsucagebmynrdqgnmudwywfvam/Build/Products/Debug/ImageIntact.app/Contents/Frameworks

DataModelCodegen /Users/konrad/Library/Mobile\ Documents/com~apple~CloudDocs/XCode/ImageIntact/ImageIntact/Models/EventLogger/ImageIntactEvents.xcdatamodeld (in target 'ImageIntact' from project 'ImageIntact')
    cd /Users/konrad/Library/Mobile\ Documents/com\~apple\~CloudDocs/XCode/ImageIntact
    /Applications/Xcode.app/Contents/Developer/usr/bin/momc --action generate --swift-version 5.0 --sdkroot /Applications/Xcode.app/Contents/Developer/Platforms/MacOSX.platform/Developer/SDKs/MacOSX15.5.sdk --macosx-deployment-target 14.0 --module ImageIntact /Users/konrad/Library/Mobile\ Documents/com\~apple\~CloudDocs/XCode/ImageIntact/ImageIntact/Models/EventLogger/ImageIntactEvents.xcdatamodeld /Users/konrad/Library/Developer/Xcode/DerivedData/ImageIntact-bhmsucagebmynrdqgnmudwywfvam/Build/Intermediates.noindex/ImageIntact.build/Debug/ImageIntact.build/DerivedSources/CoreDataGenerated/ImageIntactEvents

Copy /Users/konrad/Library/Developer/Xcode/DerivedData/ImageIntact-bhmsucagebmynrdqgnmudwywfvam/Build/Products/Debug/ImageIntact.app/Contents/Frameworks/XCTestSupport.framework /Applications/Xcode.app/Contents/Developer/Platforms/MacOSX.platform/Developer/Library/PrivateFrameworks/XCTestSupport.framework (in target 'ImageIntact' from project 'ImageIntact')
    cd /Users/konrad/Library/Mobile\ Documents/com\~apple\~CloudDocs/XCode/ImageIntact
    builtin-copy -exclude .DS_Store -exclude CVS -exclude .svn -exclude .git -exclude .hg -exclude Headers -exclude PrivateHeaders -exclude Modules -exclude \*.tbd -resolve-src-symlinks /Applications/Xcode.app/Contents/Developer/Platforms/MacOSX.platform/Developer/Library/PrivateFrameworks/XCTestSupport.framework /Users/konrad/Library/Developer/Xcode/DerivedData/ImageIntact-bhmsucagebmynrdqgnmudwywfvam/Build/Products/Debug/ImageIntact.app/Contents/Frameworks

Copy /Users/konrad/Library/Developer/Xcode/DerivedData/ImageIntact-bhmsucagebmynrdqgnmudwywfvam/Build/Products/Debug/ImageIntact.app/Contents/Frameworks/XCTestCore.framework /Applications/Xcode.app/Contents/Developer/Platforms/MacOSX.platform/Developer/Library/PrivateFrameworks/XCTestCore.framework (in target 'ImageIntact' from project 'ImageIntact')
    cd /Users/konrad/Library/Mobile\ Documents/com\~apple\~CloudDocs/XCode/ImageIntact
    builtin-copy -exclude .DS_Store -exclude CVS -exclude .svn -exclude .git -exclude .hg -exclude Headers -exclude PrivateHeaders -exclude Modules -exclude \*.tbd -resolve-src-symlinks /Applications/Xcode.app/Contents/Developer/Platforms/MacOSX.platform/Developer/Library/PrivateFrameworks/XCTestCore.framework /Users/konrad/Library/Developer/Xcode/DerivedData/ImageIntact-bhmsucagebmynrdqgnmudwywfvam/Build/Products/Debug/ImageIntact.app/Contents/Frameworks

Copy /Users/konrad/Library/Developer/Xcode/DerivedData/ImageIntact-bhmsucagebmynrdqgnmudwywfvam/Build/Products/Debug/ImageIntact.app/Contents/Frameworks/XCTest.framework /Applications/Xcode.app/Contents/Developer/Platforms/MacOSX.platform/Developer/Library/Frameworks/XCTest.framework (in target 'ImageIntact' from project 'ImageIntact')
    cd /Users/konrad/Library/Mobile\ Documents/com\~apple\~CloudDocs/XCode/ImageIntact
    builtin-copy -exclude .DS_Store -exclude CVS -exclude .svn -exclude .git -exclude .hg -exclude Headers -exclude PrivateHeaders -exclude Modules -exclude \*.tbd -resolve-src-symlinks /Applications/Xcode.app/Contents/Developer/Platforms/MacOSX.platform/Developer/Library/Frameworks/XCTest.framework /Users/konrad/Library/Developer/Xcode/DerivedData/ImageIntact-bhmsucagebmynrdqgnmudwywfvam/Build/Products/Debug/ImageIntact.app/Contents/Frameworks

Copy /Users/konrad/Library/Developer/Xcode/DerivedData/ImageIntact-bhmsucagebmynrdqgnmudwywfvam/Build/Products/Debug/ImageIntact.app/Contents/Frameworks/XCTAutomationSupport.framework /Applications/Xcode.app/Contents/Developer/Platforms/MacOSX.platform/Developer/Library/PrivateFrameworks/XCTAutomationSupport.framework (in target 'ImageIntact' from project 'ImageIntact')
    cd /Users/konrad/Library/Mobile\ Documents/com\~apple\~CloudDocs/XCode/ImageIntact
    builtin-copy -exclude .DS_Store -exclude CVS -exclude .svn -exclude .git -exclude .hg -exclude Headers -exclude PrivateHeaders -exclude Modules -exclude \*.tbd -resolve-src-symlinks /Applications/Xcode.app/Contents/Developer/Platforms/MacOSX.platform/Developer/Library/PrivateFrameworks/XCTAutomationSupport.framework /Users/konrad/Library/Developer/Xcode/DerivedData/ImageIntact-bhmsucagebmynrdqgnmudwywfvam/Build/Products/Debug/ImageIntact.app/Contents/Frameworks

Copy /Users/konrad/Library/Developer/Xcode/DerivedData/ImageIntact-bhmsucagebmynrdqgnmudwywfvam/Build/Products/Debug/ImageIntact.app/Contents/Frameworks/Testing.framework /Applications/Xcode.app/Contents/Developer/Platforms/MacOSX.platform/Developer/Library/Frameworks/Testing.framework (in target 'ImageIntact' from project 'ImageIntact')
    cd /Users/konrad/Library/Mobile\ Documents/com\~apple\~CloudDocs/XCode/ImageIntact
    builtin-copy -exclude .DS_Store -exclude CVS -exclude .svn -exclude .git -exclude .hg -exclude Headers -exclude PrivateHeaders -exclude Modules -exclude \*.tbd -resolve-src-symlinks /Applications/Xcode.app/Contents/Developer/Platforms/MacOSX.platform/Developer/Library/Frameworks/Testing.framework /Users/konrad/Library/Developer/Xcode/DerivedData/ImageIntact-bhmsucagebmynrdqgnmudwywfvam/Build/Products/Debug/ImageIntact.app/Contents/Frameworks

CompileAssetCatalogVariant thinned /Users/konrad/Library/Developer/Xcode/DerivedData/ImageIntact-bhmsucagebmynrdqgnmudwywfvam/Build/Products/Debug/ImageIntact.app/Contents/Resources /Users/konrad/Library/Mobile\ Documents/com~apple~CloudDocs/XCode/ImageIntact/ImageIntact/Assets.xcassets (in target 'ImageIntact' from project 'ImageIntact')
    cd /Users/konrad/Library/Mobile\ Documents/com\~apple\~CloudDocs/XCode/ImageIntact
    /Applications/Xcode.app/Contents/Developer/usr/bin/actool /Users/konrad/Library/Mobile\ Documents/com\~apple\~CloudDocs/XCode/ImageIntact/ImageIntact/Assets.xcassets --compile /Users/konrad/Library/Developer/Xcode/DerivedData/ImageIntact-bhmsucagebmynrdqgnmudwywfvam/Build/Intermediates.noindex/ImageIntact.build/Debug/ImageIntact.build/assetcatalog_output/thinned --output-format human-readable-text --notices --warnings --export-dependency-info /Users/konrad/Library/Developer/Xcode/DerivedData/ImageIntact-bhmsucagebmynrdqgnmudwywfvam/Build/Intermediates.noindex/ImageIntact.build/Debug/ImageIntact.build/assetcatalog_dependencies_thinned --output-partial-info-plist /Users/konrad/Library/Developer/Xcode/DerivedData/ImageIntact-bhmsucagebmynrdqgnmudwywfvam/Build/Intermediates.noindex/ImageIntact.build/Debug/ImageIntact.build/assetcatalog_generated_info.plist_thinned --app-icon AppIcon --accent-color AccentColor --enable-on-demand-resources NO --development-region en --target-device mac --minimum-deployment-target 14.0 --platform macosx
2025-09-12 19:42:19.130 ibtoold[16360:15255198] NSFileCoordinator is doing nothing.
/* com.apple.actool.compilation-results */
/Users/konrad/Library/Developer/Xcode/DerivedData/ImageIntact-bhmsucagebmynrdqgnmudwywfvam/Build/Intermediates.noindex/ImageIntact.build/Debug/ImageIntact.build/assetcatalog_generated_info.plist_thinned
/Users/konrad/Library/Developer/Xcode/DerivedData/ImageIntact-bhmsucagebmynrdqgnmudwywfvam/Build/Intermediates.noindex/ImageIntact.build/Debug/ImageIntact.build/assetcatalog_output/thinned/AppIcon.icns
/Users/konrad/Library/Developer/Xcode/DerivedData/ImageIntact-bhmsucagebmynrdqgnmudwywfvam/Build/Intermediates.noindex/ImageIntact.build/Debug/ImageIntact.build/assetcatalog_output/thinned/Assets.car


CodeSign /Users/konrad/Library/Developer/Xcode/DerivedData/ImageIntact-bhmsucagebmynrdqgnmudwywfvam/Build/Products/Debug/ImageIntact.app/Contents/Frameworks/libXCTestBundleInject.dylib (in target 'ImageIntact' from project 'ImageIntact')
    cd /Users/konrad/Library/Mobile\ Documents/com\~apple\~CloudDocs/XCode/ImageIntact
    
    Signing Identity:     "Apple Development: Konrad Michels (6F28J4K727)"
    
    /usr/bin/codesign --force --sign 59213B4A96FA3777340B3BC852A0C6F24304180D -o runtime --timestamp\=none --preserve-metadata\=identifier,entitlements,flags --generate-entitlement-der /Users/konrad/Library/Developer/Xcode/DerivedData/ImageIntact-bhmsucagebmynrdqgnmudwywfvam/Build/Products/Debug/ImageIntact.app/Contents/Frameworks/libXCTestBundleInject.dylib
/Users/konrad/Library/Developer/Xcode/DerivedData/ImageIntact-bhmsucagebmynrdqgnmudwywfvam/Build/Products/Debug/ImageIntact.app/Contents/Frameworks/libXCTestBundleInject.dylib: replacing existing signature

CodeSign /Users/konrad/Library/Developer/Xcode/DerivedData/ImageIntact-bhmsucagebmynrdqgnmudwywfvam/Build/Products/Debug/ImageIntact.app/Contents/Frameworks/libXCTestSwiftSupport.dylib (in target 'ImageIntact' from project 'ImageIntact')
    cd /Users/konrad/Library/Mobile\ Documents/com\~apple\~CloudDocs/XCode/ImageIntact
    
    Signing Identity:     "Apple Development: Konrad Michels (6F28J4K727)"
    
    /usr/bin/codesign --force --sign 59213B4A96FA3777340B3BC852A0C6F24304180D -o runtime --timestamp\=none --preserve-metadata\=identifier,entitlements,flags --generate-entitlement-der /Users/konrad/Library/Developer/Xcode/DerivedData/ImageIntact-bhmsucagebmynrdqgnmudwywfvam/Build/Products/Debug/ImageIntact.app/Contents/Frameworks/libXCTestSwiftSupport.dylib
/Users/konrad/Library/Developer/Xcode/DerivedData/ImageIntact-bhmsucagebmynrdqgnmudwywfvam/Build/Products/Debug/ImageIntact.app/Contents/Frameworks/libXCTestSwiftSupport.dylib: replacing existing signature

CodeSign /Users/konrad/Library/Developer/Xcode/DerivedData/ImageIntact-bhmsucagebmynrdqgnmudwywfvam/Build/Products/Debug/ImageIntact.app/Contents/Frameworks/XCUnit.framework (in target 'ImageIntact' from project 'ImageIntact')
    cd /Users/konrad/Library/Mobile\ Documents/com\~apple\~CloudDocs/XCode/ImageIntact
    
    Signing Identity:     "Apple Development: Konrad Michels (6F28J4K727)"
    
    /usr/bin/codesign --force --sign 59213B4A96FA3777340B3BC852A0C6F24304180D -o runtime --timestamp\=none --preserve-metadata\=identifier,entitlements,flags --generate-entitlement-der /Users/konrad/Library/Developer/Xcode/DerivedData/ImageIntact-bhmsucagebmynrdqgnmudwywfvam/Build/Products/Debug/ImageIntact.app/Contents/Frameworks/XCUnit.framework
/Users/konrad/Library/Developer/Xcode/DerivedData/ImageIntact-bhmsucagebmynrdqgnmudwywfvam/Build/Products/Debug/ImageIntact.app/Contents/Frameworks/XCUnit.framework: replacing existing signature

CodeSign /Users/konrad/Library/Developer/Xcode/DerivedData/ImageIntact-bhmsucagebmynrdqgnmudwywfvam/Build/Products/Debug/ImageIntact.app/Contents/Frameworks/XCTestSupport.framework (in target 'ImageIntact' from project 'ImageIntact')
    cd /Users/konrad/Library/Mobile\ Documents/com\~apple\~CloudDocs/XCode/ImageIntact
    
    Signing Identity:     "Apple Development: Konrad Michels (6F28J4K727)"
    
    /usr/bin/codesign --force --sign 59213B4A96FA3777340B3BC852A0C6F24304180D -o runtime --timestamp\=none --preserve-metadata\=identifier,entitlements,flags --generate-entitlement-der /Users/konrad/Library/Developer/Xcode/DerivedData/ImageIntact-bhmsucagebmynrdqgnmudwywfvam/Build/Products/Debug/ImageIntact.app/Contents/Frameworks/XCTestSupport.framework
/Users/konrad/Library/Developer/Xcode/DerivedData/ImageIntact-bhmsucagebmynrdqgnmudwywfvam/Build/Products/Debug/ImageIntact.app/Contents/Frameworks/XCTestSupport.framework: replacing existing signature

CodeSign /Users/konrad/Library/Developer/Xcode/DerivedData/ImageIntact-bhmsucagebmynrdqgnmudwywfvam/Build/Products/Debug/ImageIntact.app/Contents/Frameworks/XCTest.framework (in target 'ImageIntact' from project 'ImageIntact')
    cd /Users/konrad/Library/Mobile\ Documents/com\~apple\~CloudDocs/XCode/ImageIntact
    
    Signing Identity:     "Apple Development: Konrad Michels (6F28J4K727)"
    
    /usr/bin/codesign --force --sign 59213B4A96FA3777340B3BC852A0C6F24304180D -o runtime --timestamp\=none --preserve-metadata\=identifier,entitlements,flags --generate-entitlement-der /Users/konrad/Library/Developer/Xcode/DerivedData/ImageIntact-bhmsucagebmynrdqgnmudwywfvam/Build/Products/Debug/ImageIntact.app/Contents/Frameworks/XCTest.framework
/Users/konrad/Library/Developer/Xcode/DerivedData/ImageIntact-bhmsucagebmynrdqgnmudwywfvam/Build/Products/Debug/ImageIntact.app/Contents/Frameworks/XCTest.framework: replacing existing signature

CodeSign /Users/konrad/Library/Developer/Xcode/DerivedData/ImageIntact-bhmsucagebmynrdqgnmudwywfvam/Build/Products/Debug/ImageIntact.app/Contents/Frameworks/XCUIAutomation.framework (in target 'ImageIntact' from project 'ImageIntact')
    cd /Users/konrad/Library/Mobile\ Documents/com\~apple\~CloudDocs/XCode/ImageIntact
    
    Signing Identity:     "Apple Development: Konrad Michels (6F28J4K727)"
    
    /usr/bin/codesign --force --sign 59213B4A96FA3777340B3BC852A0C6F24304180D -o runtime --timestamp\=none --preserve-metadata\=identifier,entitlements,flags --generate-entitlement-der /Users/konrad/Library/Developer/Xcode/DerivedData/ImageIntact-bhmsucagebmynrdqgnmudwywfvam/Build/Products/Debug/ImageIntact.app/Contents/Frameworks/XCUIAutomation.framework
/Users/konrad/Library/Developer/Xcode/DerivedData/ImageIntact-bhmsucagebmynrdqgnmudwywfvam/Build/Products/Debug/ImageIntact.app/Contents/Frameworks/XCUIAutomation.framework: replacing existing signature

CodeSign /Users/konrad/Library/Developer/Xcode/DerivedData/ImageIntact-bhmsucagebmynrdqgnmudwywfvam/Build/Products/Debug/ImageIntact.app/Contents/Frameworks/XCTestCore.framework (in target 'ImageIntact' from project 'ImageIntact')
    cd /Users/konrad/Library/Mobile\ Documents/com\~apple\~CloudDocs/XCode/ImageIntact
    
    Signing Identity:     "Apple Development: Konrad Michels (6F28J4K727)"
    
    /usr/bin/codesign --force --sign 59213B4A96FA3777340B3BC852A0C6F24304180D -o runtime --timestamp\=none --preserve-metadata\=identifier,entitlements,flags --generate-entitlement-der /Users/konrad/Library/Developer/Xcode/DerivedData/ImageIntact-bhmsucagebmynrdqgnmudwywfvam/Build/Products/Debug/ImageIntact.app/Contents/Frameworks/XCTestCore.framework
/Users/konrad/Library/Developer/Xcode/DerivedData/ImageIntact-bhmsucagebmynrdqgnmudwywfvam/Build/Products/Debug/ImageIntact.app/Contents/Frameworks/XCTestCore.framework: replacing existing signature

CodeSign /Users/konrad/Library/Developer/Xcode/DerivedData/ImageIntact-bhmsucagebmynrdqgnmudwywfvam/Build/Products/Debug/ImageIntact.app/Contents/Frameworks/XCTAutomationSupport.framework (in target 'ImageIntact' from project 'ImageIntact')
    cd /Users/konrad/Library/Mobile\ Documents/com\~apple\~CloudDocs/XCode/ImageIntact
    
    Signing Identity:     "Apple Development: Konrad Michels (6F28J4K727)"
    
    /usr/bin/codesign --force --sign 59213B4A96FA3777340B3BC852A0C6F24304180D -o runtime --timestamp\=none --preserve-metadata\=identifier,entitlements,flags --generate-entitlement-der /Users/konrad/Library/Developer/Xcode/DerivedData/ImageIntact-bhmsucagebmynrdqgnmudwywfvam/Build/Products/Debug/ImageIntact.app/Contents/Frameworks/XCTAutomationSupport.framework
/Users/konrad/Library/Developer/Xcode/DerivedData/ImageIntact-bhmsucagebmynrdqgnmudwywfvam/Build/Products/Debug/ImageIntact.app/Contents/Frameworks/XCTAutomationSupport.framework: replacing existing signature

CodeSign /Users/konrad/Library/Developer/Xcode/DerivedData/ImageIntact-bhmsucagebmynrdqgnmudwywfvam/Build/Products/Debug/ImageIntact.app/Contents/Frameworks/Testing.framework (in target 'ImageIntact' from project 'ImageIntact')
    cd /Users/konrad/Library/Mobile\ Documents/com\~apple\~CloudDocs/XCode/ImageIntact
    
    Signing Identity:     "Apple Development: Konrad Michels (6F28J4K727)"
    
    /usr/bin/codesign --force --sign 59213B4A96FA3777340B3BC852A0C6F24304180D -o runtime --timestamp\=none --preserve-metadata\=identifier,entitlements,flags --generate-entitlement-der /Users/konrad/Library/Developer/Xcode/DerivedData/ImageIntact-bhmsucagebmynrdqgnmudwywfvam/Build/Products/Debug/ImageIntact.app/Contents/Frameworks/Testing.framework
/Users/konrad/Library/Developer/Xcode/DerivedData/ImageIntact-bhmsucagebmynrdqgnmudwywfvam/Build/Products/Debug/ImageIntact.app/Contents/Frameworks/Testing.framework: replacing existing signature

SwiftDriver ImageIntact normal arm64 com.apple.xcode.tools.swift.compiler (in target 'ImageIntact' from project 'ImageIntact')
    cd /Users/konrad/Library/Mobile\ Documents/com\~apple\~CloudDocs/XCode/ImageIntact
    builtin-SwiftDriver -- /Applications/Xcode.app/Contents/Developer/Toolchains/XcodeDefault.xctoolchain/usr/bin/swiftc -module-name ImageIntact -Onone -enforce-exclusivity\=checked @/Users/konrad/Library/Developer/Xcode/DerivedData/ImageIntact-bhmsucagebmynrdqgnmudwywfvam/Build/Intermediates.noindex/ImageIntact.build/Debug/ImageIntact.build/Objects-normal/arm64/ImageIntact.SwiftFileList -DDEBUG -enable-bare-slash-regex -enable-experimental-feature DebugDescriptionMacro -sdk /Applications/Xcode.app/Contents/Developer/Platforms/MacOSX.platform/Developer/SDKs/MacOSX15.5.sdk -target arm64-apple-macos14.0 -g -module-cache-path /Users/konrad/Library/Developer/Xcode/DerivedData/ModuleCache.noindex -Xfrontend -serialize-debugging-options -profile-coverage-mapping -profile-generate -enable-testing -index-store-path /Users/konrad/Library/Developer/Xcode/DerivedData/ImageIntact-bhmsucagebmynrdqgnmudwywfvam/Index.noindex/DataStore -swift-version 5 -I /Users/konrad/Library/Developer/Xcode/DerivedData/ImageIntact-bhmsucagebmynrdqgnmudwywfvam/Build/Products/Debug -F /Users/konrad/Library/Developer/Xcode/DerivedData/ImageIntact-bhmsucagebmynrdqgnmudwywfvam/Build/Products/Debug -emit-localized-strings -emit-localized-strings-path /Users/konrad/Library/Developer/Xcode/DerivedData/ImageIntact-bhmsucagebmynrdqgnmudwywfvam/Build/Intermediates.noindex/ImageIntact.build/Debug/ImageIntact.build/Objects-normal/arm64 -c -j12 -enable-batch-mode -incremental -Xcc -ivfsstatcache -Xcc /Users/konrad/Library/Developer/Xcode/DerivedData/SDKStatCaches.noindex/macosx15.5-24F74-8254517eb8b97d462ccbc072ba9094c9.sdkstatcache -output-file-map /Users/konrad/Library/Developer/Xcode/DerivedData/ImageIntact-bhmsucagebmynrdqgnmudwywfvam/Build/Intermediates.noindex/ImageIntact.build/Debug/ImageIntact.build/Objects-normal/arm64/ImageIntact-OutputFileMap.json -use-frontend-parseable-output -save-temps -no-color-diagnostics -serialize-diagnostics -emit-dependencies -emit-module -emit-module-path /Users/konrad/Library/Developer/Xcode/DerivedData/ImageIntact-bhmsucagebmynrdqgnmudwywfvam/Build/Intermediates.noindex/ImageIntact.build/Debug/ImageIntact.build/Objects-normal/arm64/ImageIntact.swiftmodule -validate-clang-modules-once -clang-build-session-file /Users/konrad/Library/Developer/Xcode/DerivedData/ModuleCache.noindex/Session.modulevalidation -Xcc -I/Users/konrad/Library/Developer/Xcode/DerivedData/ImageIntact-bhmsucagebmynrdqgnmudwywfvam/Build/Intermediates.noindex/ImageIntact.build/Debug/ImageIntact.build/swift-overrides.hmap -emit-const-values -Xfrontend -const-gather-protocols-file -Xfrontend /Users/konrad/Library/Developer/Xcode/DerivedData/ImageIntact-bhmsucagebmynrdqgnmudwywfvam/Build/Intermediates.noindex/ImageIntact.build/Debug/ImageIntact.build/Objects-normal/arm64/ImageIntact_const_extract_protocols.json -Xcc -iquote -Xcc /Users/konrad/Library/Developer/Xcode/DerivedData/ImageIntact-bhmsucagebmynrdqgnmudwywfvam/Build/Intermediates.noindex/ImageIntact.build/Debug/ImageIntact.build/ImageIntact-generated-files.hmap -Xcc -I/Users/konrad/Library/Developer/Xcode/DerivedData/ImageIntact-bhmsucagebmynrdqgnmudwywfvam/Build/Intermediates.noindex/ImageIntact.build/Debug/ImageIntact.build/ImageIntact-own-target-headers.hmap -Xcc -I/Users/konrad/Library/Developer/Xcode/DerivedData/ImageIntact-bhmsucagebmynrdqgnmudwywfvam/Build/Intermediates.noindex/ImageIntact.build/Debug/ImageIntact.build/ImageIntact-all-target-headers.hmap -Xcc -iquote -Xcc /Users/konrad/Library/Developer/Xcode/DerivedData/ImageIntact-bhmsucagebmynrdqgnmudwywfvam/Build/Intermediates.noindex/ImageIntact.build/Debug/ImageIntact.build/ImageIntact-project-headers.hmap -Xcc -I/Users/konrad/Library/Developer/Xcode/DerivedData/ImageIntact-bhmsucagebmynrdqgnmudwywfvam/Build/Products/Debug/include -Xcc -I/Users/konrad/Library/Developer/Xcode/DerivedData/ImageIntact-bhmsucagebmynrdqgnmudwywfvam/Build/Intermediates.noindex/ImageIntact.build/Debug/ImageIntact.build/DerivedSources-normal/arm64 -Xcc -I/Users/konrad/Library/Developer/Xcode/DerivedData/ImageIntact-bhmsucagebmynrdqgnmudwywfvam/Build/Intermediates.noindex/ImageIntact.build/Debug/ImageIntact.build/DerivedSources/arm64 -Xcc -I/Users/konrad/Library/Developer/Xcode/DerivedData/ImageIntact-bhmsucagebmynrdqgnmudwywfvam/Build/Intermediates.noindex/ImageIntact.build/Debug/ImageIntact.build/DerivedSources -Xcc -DDEBUG\=1 -emit-objc-header -emit-objc-header-path /Users/konrad/Library/Developer/Xcode/DerivedData/ImageIntact-bhmsucagebmynrdqgnmudwywfvam/Build/Intermediates.noindex/ImageIntact.build/Debug/ImageIntact.build/Objects-normal/arm64/ImageIntact-Swift.h -working-directory /Users/konrad/Library/Mobile\ Documents/com\~apple\~CloudDocs/XCode/ImageIntact -experimental-emit-module-separately -disable-cmo

SwiftCompile normal arm64 Compiling\ SystemCapabilities.swift,\ BatchFileProcessor.swift,\ NetworkRetryHelper.swift,\ DiskSpaceChecker.swift,\ FileTypeFilter.swift,\ EventLogger.swift,\ DuplicateWarningView.swift,\ CancellableFileOperations.swift,\ AppStoreUpdateProvider.swift /Users/konrad/Library/Mobile\ Documents/com~apple~CloudDocs/XCode/ImageIntact/ImageIntact/Models/SystemCapabilities.swift /Users/konrad/Library/Mobile\ Documents/com~apple~CloudDocs/XCode/ImageIntact/ImageIntact/Models/QueueSystem/BatchFileProcessor.swift /Users/konrad/Library/Mobile\ Documents/com~apple~CloudDocs/XCode/ImageIntact/ImageIntact/Models/NetworkRetryHelper.swift /Users/konrad/Library/Mobile\ Documents/com~apple~CloudDocs/XCode/ImageIntact/ImageIntact/Utilities/DiskSpaceChecker.swift /Users/konrad/Library/Mobile\ Documents/com~apple~CloudDocs/XCode/ImageIntact/ImageIntact/Models/FileTypeFilter.swift /Users/konrad/Library/Mobile\ Documents/com~apple~CloudDocs/XCode/ImageIntact/ImageIntact/Models/EventLogger/EventLogger.swift /Users/konrad/Library/Mobile\ Documents/com~apple~CloudDocs/XCode/ImageIntact/ImageIntact/Views/DuplicateWarningView.swift /Users/konrad/Library/Mobile\ Documents/com~apple~CloudDocs/XCode/ImageIntact/ImageIntact/Protocols/CancellableFileOperations.swift /Users/konrad/Library/Mobile\ Documents/com~apple~CloudDocs/XCode/ImageIntact/ImageIntact/Models/AppStoreUpdateProvider.swift (in target 'ImageIntact' from project 'ImageIntact')
SwiftCompile normal arm64 /Users/konrad/Library/Mobile\ Documents/com~apple~CloudDocs/XCode/ImageIntact/ImageIntact/Models/SystemCapabilities.swift (in target 'ImageIntact' from project 'ImageIntact')
    cd /Users/konrad/Library/Mobile\ Documents/com\~apple\~CloudDocs/XCode/ImageIntact
    

SwiftCompile normal arm64 /Users/konrad/Library/Mobile\ Documents/com~apple~CloudDocs/XCode/ImageIntact/ImageIntact/Models/QueueSystem/BatchFileProcessor.swift (in target 'ImageIntact' from project 'ImageIntact')
    cd /Users/konrad/Library/Mobile\ Documents/com\~apple\~CloudDocs/XCode/ImageIntact
    

SwiftCompile normal arm64 /Users/konrad/Library/Mobile\ Documents/com~apple~CloudDocs/XCode/ImageIntact/ImageIntact/Models/NetworkRetryHelper.swift (in target 'ImageIntact' from project 'ImageIntact')
    cd /Users/konrad/Library/Mobile\ Documents/com\~apple\~CloudDocs/XCode/ImageIntact
    

SwiftCompile normal arm64 /Users/konrad/Library/Mobile\ Documents/com~apple~CloudDocs/XCode/ImageIntact/ImageIntact/Utilities/DiskSpaceChecker.swift (in target 'ImageIntact' from project 'ImageIntact')
    cd /Users/konrad/Library/Mobile\ Documents/com\~apple\~CloudDocs/XCode/ImageIntact
    

SwiftCompile normal arm64 /Users/konrad/Library/Mobile\ Documents/com~apple~CloudDocs/XCode/ImageIntact/ImageIntact/Models/FileTypeFilter.swift (in target 'ImageIntact' from project 'ImageIntact')
    cd /Users/konrad/Library/Mobile\ Documents/com\~apple\~CloudDocs/XCode/ImageIntact
    

SwiftCompile normal arm64 /Users/konrad/Library/Mobile\ Documents/com~apple~CloudDocs/XCode/ImageIntact/ImageIntact/Models/EventLogger/EventLogger.swift (in target 'ImageIntact' from project 'ImageIntact')
    cd /Users/konrad/Library/Mobile\ Documents/com\~apple\~CloudDocs/XCode/ImageIntact
    

SwiftCompile normal arm64 /Users/konrad/Library/Mobile\ Documents/com~apple~CloudDocs/XCode/ImageIntact/ImageIntact/Views/DuplicateWarningView.swift (in target 'ImageIntact' from project 'ImageIntact')
    cd /Users/konrad/Library/Mobile\ Documents/com\~apple\~CloudDocs/XCode/ImageIntact
    

SwiftCompile normal arm64 /Users/konrad/Library/Mobile\ Documents/com~apple~CloudDocs/XCode/ImageIntact/ImageIntact/Protocols/CancellableFileOperations.swift (in target 'ImageIntact' from project 'ImageIntact')
    cd /Users/konrad/Library/Mobile\ Documents/com\~apple\~CloudDocs/XCode/ImageIntact
    

SwiftCompile normal arm64 /Users/konrad/Library/Mobile\ Documents/com~apple~CloudDocs/XCode/ImageIntact/ImageIntact/Models/AppStoreUpdateProvider.swift (in target 'ImageIntact' from project 'ImageIntact')
    cd /Users/konrad/Library/Mobile\ Documents/com\~apple\~CloudDocs/XCode/ImageIntact
    

SwiftCompile normal arm64 Compiling\ PrivacyExplanationView.swift,\ HashingProtocol.swift,\ GitHubUpdateProvider.swift,\ FileOperationsProtocol.swift,\ BackupStatistics.swift,\ ErrorClassifier.swift,\ BugReportView.swift,\ UIUpdateThrottler.swift /Users/konrad/Library/Mobile\ Documents/com~apple~CloudDocs/XCode/ImageIntact/ImageIntact/Views/PrivacyExplanationView.swift /Users/konrad/Library/Mobile\ Documents/com~apple~CloudDocs/XCode/ImageIntact/ImageIntact/Models/Protocols/HashingProtocol.swift /Users/konrad/Library/Mobile\ Documents/com~apple~CloudDocs/XCode/ImageIntact/ImageIntact/Models/GitHubUpdateProvider.swift /Users/konrad/Library/Mobile\ Documents/com~apple~CloudDocs/XCode/ImageIntact/ImageIntact/Protocols/FileOperationsProtocol.swift /Users/konrad/Library/Mobile\ Documents/com~apple~CloudDocs/XCode/ImageIntact/ImageIntact/Models/BackupStatistics.swift /Users/konrad/Library/Mobile\ Documents/com~apple~CloudDocs/XCode/ImageIntact/ImageIntact/Models/ErrorHandling/ErrorClassifier.swift /Users/konrad/Library/Mobile\ Documents/com~apple~CloudDocs/XCode/ImageIntact/ImageIntact/Views/BugReportView.swift /Users/konrad/Library/Mobile\ Documents/com~apple~CloudDocs/XCode/ImageIntact/ImageIntact/Models/UIUpdateThrottler.swift (in target 'ImageIntact' from project 'ImageIntact')

SwiftCompile normal arm64 /Users/konrad/Library/Mobile\ Documents/com~apple~CloudDocs/XCode/ImageIntact/ImageIntact/Views/PrivacyExplanationView.swift (in target 'ImageIntact' from project 'ImageIntact')
    cd /Users/konrad/Library/Mobile\ Documents/com\~apple\~CloudDocs/XCode/ImageIntact
    

SwiftCompile normal arm64 /Users/konrad/Library/Mobile\ Documents/com~apple~CloudDocs/XCode/ImageIntact/ImageIntact/Models/Protocols/HashingProtocol.swift (in target 'ImageIntact' from project 'ImageIntact')
    cd /Users/konrad/Library/Mobile\ Documents/com\~apple\~CloudDocs/XCode/ImageIntact
    

SwiftCompile normal arm64 /Users/konrad/Library/Mobile\ Documents/com~apple~CloudDocs/XCode/ImageIntact/ImageIntact/Models/GitHubUpdateProvider.swift (in target 'ImageIntact' from project 'ImageIntact')
    cd /Users/konrad/Library/Mobile\ Documents/com\~apple\~CloudDocs/XCode/ImageIntact
    

SwiftCompile normal arm64 /Users/konrad/Library/Mobile\ Documents/com~apple~CloudDocs/XCode/ImageIntact/ImageIntact/Protocols/FileOperationsProtocol.swift (in target 'ImageIntact' from project 'ImageIntact')
    cd /Users/konrad/Library/Mobile\ Documents/com\~apple\~CloudDocs/XCode/ImageIntact
    

SwiftCompile normal arm64 /Users/konrad/Library/Mobile\ Documents/com~apple~CloudDocs/XCode/ImageIntact/ImageIntact/Models/BackupStatistics.swift (in target 'ImageIntact' from project 'ImageIntact')
    cd /Users/konrad/Library/Mobile\ Documents/com\~apple\~CloudDocs/XCode/ImageIntact
    

SwiftCompile normal arm64 /Users/konrad/Library/Mobile\ Documents/com~apple~CloudDocs/XCode/ImageIntact/ImageIntact/Models/ErrorHandling/ErrorClassifier.swift (in target 'ImageIntact' from project 'ImageIntact')
    cd /Users/konrad/Library/Mobile\ Documents/com\~apple\~CloudDocs/XCode/ImageIntact
    

SwiftCompile normal arm64 /Users/konrad/Library/Mobile\ Documents/com~apple~CloudDocs/XCode/ImageIntact/ImageIntact/Views/BugReportView.swift (in target 'ImageIntact' from project 'ImageIntact')
    cd /Users/konrad/Library/Mobile\ Documents/com\~apple\~CloudDocs/XCode/ImageIntact
    

SwiftCompile normal arm64 /Users/konrad/Library/Mobile\ Documents/com~apple~CloudDocs/XCode/ImageIntact/ImageIntact/Models/UIUpdateThrottler.swift (in target 'ImageIntact' from project 'ImageIntact')
    cd /Users/konrad/Library/Mobile\ Documents/com\~apple\~CloudDocs/XCode/ImageIntact
    

SwiftCompile normal arm64 Compiling\ SMARTMonitor.swift,\ SleepPrevention.swift,\ PresetSelectionSheet.swift,\ DriveAnalyzerProtocol.swift,\ ErrorHandlingProtocol.swift,\ BackupPreset.swift,\ BackupConfigurationView.swift,\ UpdateProtocol.swift,\ WelcomeView.swift /Users/konrad/Library/Mobile\ Documents/com~apple~CloudDocs/XCode/ImageIntact/ImageIntact/Models/SMARTMonitor.swift /Users/konrad/Library/Mobile\ Documents/com~apple~CloudDocs/XCode/ImageIntact/ImageIntact/Utilities/SleepPrevention.swift /Users/konrad/Library/Mobile\ Documents/com~apple~CloudDocs/XCode/ImageIntact/ImageIntact/Views/PresetSelectionSheet.swift /Users/konrad/Library/Mobile\ Documents/com~apple~CloudDocs/XCode/ImageIntact/ImageIntact/Models/Protocols/DriveAnalyzerProtocol.swift /Users/konrad/Library/Mobile\ Documents/com~apple~CloudDocs/XCode/ImageIntact/ImageIntact/Protocols/ErrorHandlingProtocol.swift /Users/konrad/Library/Mobile\ Documents/com~apple~CloudDocs/XCode/ImageIntact/ImageIntact/Models/BackupPreset.swift /Users/konrad/Library/Mobile\ Documents/com~apple~CloudDocs/XCode/ImageIntact/ImageIntact/Views/BackupConfigurationView.swift /Users/konrad/Library/Mobile\ Documents/com~apple~CloudDocs/XCode/ImageIntact/ImageIntact/Models/UpdateProtocol.swift /Users/konrad/Library/Mobile\ Documents/com~apple~CloudDocs/XCode/ImageIntact/ImageIntact/Views/WelcomeView.swift (in target 'ImageIntact' from project 'ImageIntact')
SwiftCompile normal arm64 /Users/konrad/Library/Mobile\ Documents/com~apple~CloudDocs/XCode/ImageIntact/ImageIntact/Models/SMARTMonitor.swift (in target 'ImageIntact' from project 'ImageIntact')
    cd /Users/konrad/Library/Mobile\ Documents/com\~apple\~CloudDocs/XCode/ImageIntact
    

SwiftCompile normal arm64 /Users/konrad/Library/Mobile\ Documents/com~apple~CloudDocs/XCode/ImageIntact/ImageIntact/Utilities/SleepPrevention.swift (in target 'ImageIntact' from project 'ImageIntact')
    cd /Users/konrad/Library/Mobile\ Documents/com\~apple\~CloudDocs/XCode/ImageIntact
    

SwiftCompile normal arm64 /Users/konrad/Library/Mobile\ Documents/com~apple~CloudDocs/XCode/ImageIntact/ImageIntact/Views/PresetSelectionSheet.swift (in target 'ImageIntact' from project 'ImageIntact')
    cd /Users/konrad/Library/Mobile\ Documents/com\~apple\~CloudDocs/XCode/ImageIntact
    

SwiftCompile normal arm64 /Users/konrad/Library/Mobile\ Documents/com~apple~CloudDocs/XCode/ImageIntact/ImageIntact/Models/Protocols/DriveAnalyzerProtocol.swift (in target 'ImageIntact' from project 'ImageIntact')
    cd /Users/konrad/Library/Mobile\ Documents/com\~apple\~CloudDocs/XCode/ImageIntact
    

SwiftCompile normal arm64 /Users/konrad/Library/Mobile\ Documents/com~apple~CloudDocs/XCode/ImageIntact/ImageIntact/Protocols/ErrorHandlingProtocol.swift (in target 'ImageIntact' from project 'ImageIntact')
    cd /Users/konrad/Library/Mobile\ Documents/com\~apple\~CloudDocs/XCode/ImageIntact
    

SwiftCompile normal arm64 /Users/konrad/Library/Mobile\ Documents/com~apple~CloudDocs/XCode/ImageIntact/ImageIntact/Models/BackupPreset.swift (in target 'ImageIntact' from project 'ImageIntact')
    cd /Users/konrad/Library/Mobile\ Documents/com\~apple\~CloudDocs/XCode/ImageIntact
    

SwiftCompile normal arm64 /Users/konrad/Library/Mobile\ Documents/com~apple~CloudDocs/XCode/ImageIntact/ImageIntact/Views/BackupConfigurationView.swift (in target 'ImageIntact' from project 'ImageIntact')
    cd /Users/konrad/Library/Mobile\ Documents/com\~apple\~CloudDocs/XCode/ImageIntact
    

SwiftCompile normal arm64 /Users/konrad/Library/Mobile\ Documents/com~apple~CloudDocs/XCode/ImageIntact/ImageIntact/Models/UpdateProtocol.swift (in target 'ImageIntact' from project 'ImageIntact')
    cd /Users/konrad/Library/Mobile\ Documents/com\~apple\~CloudDocs/XCode/ImageIntact
    

SwiftCompile normal arm64 /Users/konrad/Library/Mobile\ Documents/com~apple~CloudDocs/XCode/ImageIntact/ImageIntact/Views/WelcomeView.swift (in target 'ImageIntact' from project 'ImageIntact')
    cd /Users/konrad/Library/Mobile\ Documents/com\~apple\~CloudDocs/XCode/ImageIntact
    

SwiftCompile normal arm64 Compiling\ DuplicateDetectorProtocol.swift,\ BackupOrchestrator.swift,\ UpdateStatusSheet.swift,\ BackupCoordinator.swift,\ ManifestBuilder.swift,\ DuplicateDetector.swift,\ BatchEventLogger.swift,\ DriveStatusView.swift,\ ApplicationLogger.swift /Users/konrad/Library/Mobile\ Documents/com~apple~CloudDocs/XCode/ImageIntact/ImageIntact/Protocols/DuplicateDetectorProtocol.swift /Users/konrad/Library/Mobile\ Documents/com~apple~CloudDocs/XCode/ImageIntact/ImageIntact/Models/BackupOrchestrator.swift /Users/konrad/Library/Mobile\ Documents/com~apple~CloudDocs/XCode/ImageIntact/ImageIntact/Views/UpdateStatusSheet.swift /Users/konrad/Library/Mobile\ Documents/com~apple~CloudDocs/XCode/ImageIntact/ImageIntact/Models/QueueSystem/BackupCoordinator.swift /Users/konrad/Library/Mobile\ Documents/com~apple~CloudDocs/XCode/ImageIntact/ImageIntact/Models/ManifestBuilder.swift /Users/konrad/Library/Mobile\ Documents/com~apple~CloudDocs/XCode/ImageIntact/ImageIntact/Models/DuplicateDetector.swift /Users/konrad/Library/Mobile\ Documents/com~apple~CloudDocs/XCode/ImageIntact/ImageIntact/Models/EventLogger/BatchEventLogger.swift /Users/konrad/Library/Mobile\ Documents/com~apple~CloudDocs/XCode/ImageIntact/ImageIntact/Views/DriveStatusView.swift /Users/konrad/Library/Mobile\ Documents/com~apple~CloudDocs/XCode/ImageIntact/ImageIntact/Models/ApplicationLogger.swift (in target 'ImageIntact' from project 'ImageIntact')

SwiftCompile normal arm64 /Users/konrad/Library/Mobile\ Documents/com~apple~CloudDocs/XCode/ImageIntact/ImageIntact/Protocols/DuplicateDetectorProtocol.swift (in target 'ImageIntact' from project 'ImageIntact')
    cd /Users/konrad/Library/Mobile\ Documents/com\~apple\~CloudDocs/XCode/ImageIntact
    

SwiftCompile normal arm64 /Users/konrad/Library/Mobile\ Documents/com~apple~CloudDocs/XCode/ImageIntact/ImageIntact/Models/BackupOrchestrator.swift (in target 'ImageIntact' from project 'ImageIntact')
    cd /Users/konrad/Library/Mobile\ Documents/com\~apple\~CloudDocs/XCode/ImageIntact
    

SwiftCompile normal arm64 /Users/konrad/Library/Mobile\ Documents/com~apple~CloudDocs/XCode/ImageIntact/ImageIntact/Views/UpdateStatusSheet.swift (in target 'ImageIntact' from project 'ImageIntact')
    cd /Users/konrad/Library/Mobile\ Documents/com\~apple\~CloudDocs/XCode/ImageIntact
    

SwiftCompile normal arm64 /Users/konrad/Library/Mobile\ Documents/com~apple~CloudDocs/XCode/ImageIntact/ImageIntact/Models/QueueSystem/BackupCoordinator.swift (in target 'ImageIntact' from project 'ImageIntact')
    cd /Users/konrad/Library/Mobile\ Documents/com\~apple\~CloudDocs/XCode/ImageIntact
    

SwiftCompile normal arm64 /Users/konrad/Library/Mobile\ Documents/com~apple~CloudDocs/XCode/ImageIntact/ImageIntact/Models/ManifestBuilder.swift (in target 'ImageIntact' from project 'ImageIntact')
    cd /Users/konrad/Library/Mobile\ Documents/com\~apple\~CloudDocs/XCode/ImageIntact
    

SwiftCompile normal arm64 /Users/konrad/Library/Mobile\ Documents/com~apple~CloudDocs/XCode/ImageIntact/ImageIntact/Models/DuplicateDetector.swift (in target 'ImageIntact' from project 'ImageIntact')
    cd /Users/konrad/Library/Mobile\ Documents/com\~apple\~CloudDocs/XCode/ImageIntact
    

SwiftCompile normal arm64 /Users/konrad/Library/Mobile\ Documents/com~apple~CloudDocs/XCode/ImageIntact/ImageIntact/Models/EventLogger/BatchEventLogger.swift (in target 'ImageIntact' from project 'ImageIntact')
    cd /Users/konrad/Library/Mobile\ Documents/com\~apple\~CloudDocs/XCode/ImageIntact
    

SwiftCompile normal arm64 /Users/konrad/Library/Mobile\ Documents/com~apple~CloudDocs/XCode/ImageIntact/ImageIntact/Views/DriveStatusView.swift (in target 'ImageIntact' from project 'ImageIntact')
    cd /Users/konrad/Library/Mobile\ Documents/com\~apple\~CloudDocs/XCode/ImageIntact
    

SwiftCompile normal arm64 /Users/konrad/Library/Mobile\ Documents/com~apple~CloudDocs/XCode/ImageIntact/ImageIntact/Models/ApplicationLogger.swift (in target 'ImageIntact' from project 'ImageIntact')
    cd /Users/konrad/Library/Mobile\ Documents/com\~apple\~CloudDocs/XCode/ImageIntact
    

SwiftCompile normal arm64 Compiling\ FileSystemProtocol.swift,\ EventLoggerProtocol.swift,\ ImageIntactApp.swift,\ BackupProgressState.swift,\ BackupPresetView.swift,\ UTIFileTypeDetector.swift,\ SystemInfoEntity.swift,\ DestinationQueue.swift /Users/konrad/Library/Mobile\ Documents/com~apple~CloudDocs/XCode/ImageIntact/ImageIntact/Models/Protocols/FileSystemProtocol.swift /Users/konrad/Library/Mobile\ Documents/com~apple~CloudDocs/XCode/ImageIntact/ImageIntact/Protocols/EventLoggerProtocol.swift /Users/konrad/Library/Mobile\ Documents/com~apple~CloudDocs/XCode/ImageIntact/ImageIntact/ImageIntactApp.swift /Users/konrad/Library/Mobile\ Documents/com~apple~CloudDocs/XCode/ImageIntact/ImageIntact/Models/BackupProgressState.swift /Users/konrad/Library/Mobile\ Documents/com~apple~CloudDocs/XCode/ImageIntact/ImageIntact/Views/BackupPresetView.swift /Users/konrad/Library/Mobile\ Documents/com~apple~CloudDocs/XCode/ImageIntact/ImageIntact/Models/UTIFileTypeDetector.swift /Users/konrad/Library/Mobile\ Documents/com~apple~CloudDocs/XCode/ImageIntact/ImageIntact/Models/SystemInfoEntity.swift /Users/konrad/Library/Mobile\ Documents/com~apple~CloudDocs/XCode/ImageIntact/ImageIntact/Models/QueueSystem/DestinationQueue.swift (in target 'ImageIntact' from project 'ImageIntact')

SwiftCompile normal arm64 /Users/konrad/Library/Mobile\ Documents/com~apple~CloudDocs/XCode/ImageIntact/ImageIntact/Models/Protocols/FileSystemProtocol.swift (in target 'ImageIntact' from project 'ImageIntact')
    cd /Users/konrad/Library/Mobile\ Documents/com\~apple\~CloudDocs/XCode/ImageIntact
    

SwiftCompile normal arm64 /Users/konrad/Library/Mobile\ Documents/com~apple~CloudDocs/XCode/ImageIntact/ImageIntact/Protocols/EventLoggerProtocol.swift (in target 'ImageIntact' from project 'ImageIntact')
    cd /Users/konrad/Library/Mobile\ Documents/com\~apple\~CloudDocs/XCode/ImageIntact
    

SwiftCompile normal arm64 /Users/konrad/Library/Mobile\ Documents/com~apple~CloudDocs/XCode/ImageIntact/ImageIntact/ImageIntactApp.swift (in target 'ImageIntact' from project 'ImageIntact')
    cd /Users/konrad/Library/Mobile\ Documents/com\~apple\~CloudDocs/XCode/ImageIntact
    

SwiftCompile normal arm64 /Users/konrad/Library/Mobile\ Documents/com~apple~CloudDocs/XCode/ImageIntact/ImageIntact/Models/BackupProgressState.swift (in target 'ImageIntact' from project 'ImageIntact')
    cd /Users/konrad/Library/Mobile\ Documents/com\~apple\~CloudDocs/XCode/ImageIntact
    

SwiftCompile normal arm64 /Users/konrad/Library/Mobile\ Documents/com~apple~CloudDocs/XCode/ImageIntact/ImageIntact/Views/BackupPresetView.swift (in target 'ImageIntact' from project 'ImageIntact')
    cd /Users/konrad/Library/Mobile\ Documents/com\~apple\~CloudDocs/XCode/ImageIntact
    

SwiftCompile normal arm64 /Users/konrad/Library/Mobile\ Documents/com~apple~CloudDocs/XCode/ImageIntact/ImageIntact/Models/UTIFileTypeDetector.swift (in target 'ImageIntact' from project 'ImageIntact')
    cd /Users/konrad/Library/Mobile\ Documents/com\~apple\~CloudDocs/XCode/ImageIntact
    

SwiftCompile normal arm64 /Users/konrad/Library/Mobile\ Documents/com~apple~CloudDocs/XCode/ImageIntact/ImageIntact/Models/SystemInfoEntity.swift (in target 'ImageIntact' from project 'ImageIntact')
    cd /Users/konrad/Library/Mobile\ Documents/com\~apple\~CloudDocs/XCode/ImageIntact
    

SwiftCompile normal arm64 /Users/konrad/Library/Mobile\ Documents/com~apple~CloudDocs/XCode/ImageIntact/ImageIntact/Models/QueueSystem/DestinationQueue.swift (in target 'ImageIntact' from project 'ImageIntact')
    cd /Users/konrad/Library/Mobile\ Documents/com\~apple\~CloudDocs/XCode/ImageIntact
    

SwiftCompile normal arm64 Compiling\ OptimizedChecksum.swift,\ HelpWindowManager.swift,\ MigrationConfirmationView.swift,\ FileTypeFilterView.swift,\ ChecksumCalculatorProtocol.swift,\ BuildConfiguration.swift,\ BackupManager.swift,\ DriveIdentityManager.swift /Users/konrad/Library/Mobile\ Documents/com~apple~CloudDocs/XCode/ImageIntact/ImageIntact/Models/OptimizedChecksum.swift /Users/konrad/Library/Mobile\ Documents/com~apple~CloudDocs/XCode/ImageIntact/ImageIntact/Utilities/HelpWindowManager.swift /Users/konrad/Library/Mobile\ Documents/com~apple~CloudDocs/XCode/ImageIntact/ImageIntact/Views/MigrationConfirmationView.swift /Users/konrad/Library/Mobile\ Documents/com~apple~CloudDocs/XCode/ImageIntact/ImageIntact/Views/FileTypeFilterView.swift /Users/konrad/Library/Mobile\ Documents/com~apple~CloudDocs/XCode/ImageIntact/ImageIntact/Protocols/ChecksumCalculatorProtocol.swift /Users/konrad/Library/Mobile\ Documents/com~apple~CloudDocs/XCode/ImageIntact/ImageIntact/BuildConfiguration.swift /Users/konrad/Library/Mobile\ Documents/com~apple~CloudDocs/XCode/ImageIntact/ImageIntact/Models/BackupManager.swift /Users/konrad/Library/Mobile\ Documents/com~apple~CloudDocs/XCode/ImageIntact/ImageIntact/ViewModels/DriveIdentityManager.swift (in target 'ImageIntact' from project 'ImageIntact')
SwiftCompile normal arm64 /Users/konrad/Library/Mobile\ Documents/com~apple~CloudDocs/XCode/ImageIntact/ImageIntact/Models/OptimizedChecksum.swift (in target 'ImageIntact' from project 'ImageIntact')
    cd /Users/konrad/Library/Mobile\ Documents/com\~apple\~CloudDocs/XCode/ImageIntact
    

SwiftCompile normal arm64 /Users/konrad/Library/Mobile\ Documents/com~apple~CloudDocs/XCode/ImageIntact/ImageIntact/Utilities/HelpWindowManager.swift (in target 'ImageIntact' from project 'ImageIntact')
    cd /Users/konrad/Library/Mobile\ Documents/com\~apple\~CloudDocs/XCode/ImageIntact
    

SwiftCompile normal arm64 /Users/konrad/Library/Mobile\ Documents/com~apple~CloudDocs/XCode/ImageIntact/ImageIntact/Views/MigrationConfirmationView.swift (in target 'ImageIntact' from project 'ImageIntact')
    cd /Users/konrad/Library/Mobile\ Documents/com\~apple\~CloudDocs/XCode/ImageIntact
    

SwiftCompile normal arm64 /Users/konrad/Library/Mobile\ Documents/com~apple~CloudDocs/XCode/ImageIntact/ImageIntact/Views/FileTypeFilterView.swift (in target 'ImageIntact' from project 'ImageIntact')
    cd /Users/konrad/Library/Mobile\ Documents/com\~apple\~CloudDocs/XCode/ImageIntact
    

SwiftCompile normal arm64 /Users/konrad/Library/Mobile\ Documents/com~apple~CloudDocs/XCode/ImageIntact/ImageIntact/Protocols/ChecksumCalculatorProtocol.swift (in target 'ImageIntact' from project 'ImageIntact')
    cd /Users/konrad/Library/Mobile\ Documents/com\~apple\~CloudDocs/XCode/ImageIntact
    

SwiftCompile normal arm64 /Users/konrad/Library/Mobile\ Documents/com~apple~CloudDocs/XCode/ImageIntact/ImageIntact/BuildConfiguration.swift (in target 'ImageIntact' from project 'ImageIntact')
    cd /Users/konrad/Library/Mobile\ Documents/com\~apple\~CloudDocs/XCode/ImageIntact
    

SwiftCompile normal arm64 /Users/konrad/Library/Mobile\ Documents/com~apple~CloudDocs/XCode/ImageIntact/ImageIntact/Models/BackupManager.swift (in target 'ImageIntact' from project 'ImageIntact')
    cd /Users/konrad/Library/Mobile\ Documents/com\~apple\~CloudDocs/XCode/ImageIntact
    

SwiftCompile normal arm64 /Users/konrad/Library/Mobile\ Documents/com~apple~CloudDocs/XCode/ImageIntact/ImageIntact/ViewModels/DriveIdentityManager.swift (in target 'ImageIntact' from project 'ImageIntact')
    cd /Users/konrad/Library/Mobile\ Documents/com\~apple\~CloudDocs/XCode/ImageIntact
    

SwiftEmitModule normal arm64 Emitting\ module\ for\ ImageIntact (in target 'ImageIntact' from project 'ImageIntact')

EmitSwiftModule normal arm64 (in target 'ImageIntact' from project 'ImageIntact')
    cd /Users/konrad/Library/Mobile\ Documents/com\~apple\~CloudDocs/XCode/ImageIntact
    
/Users/konrad/Library/Mobile Documents/com~apple~CloudDocs/XCode/ImageIntact/ImageIntact/Views/ManagePresetsSheet.swift:336:16: warning: main actor-isolated static property 'readableContentTypes' cannot be used to satisfy nonisolated requirement from protocol 'FileDocument'; this is an error in the Swift 6 language mode
    static var readableContentTypes: [UTType] { [.json] }
               ^
/Users/konrad/Library/Mobile Documents/com~apple~CloudDocs/XCode/ImageIntact/ImageIntact/Views/ManagePresetsSheet.swift:335:24: note: add '@preconcurrency' to the 'FileDocument' conformance to defer isolation checking to run time
struct PresetDocument: FileDocument {
                       ^
                       @preconcurrency 
/Users/konrad/Library/Mobile Documents/com~apple~CloudDocs/XCode/ImageIntact/ImageIntact/Views/ManagePresetsSheet.swift:344:5: warning: main actor-isolated initializer 'init(configuration:)' cannot be used to satisfy nonisolated requirement from protocol 'FileDocument'; this is an error in the Swift 6 language mode
    init(configuration: ReadConfiguration) throws {
    ^
/Users/konrad/Library/Mobile Documents/com~apple~CloudDocs/XCode/ImageIntact/ImageIntact/Views/ManagePresetsSheet.swift:344:5: note: add 'nonisolated' to 'init(configuration:)' to make this initializer not isolated to the actor
    init(configuration: ReadConfiguration) throws {
    ^
    nonisolated 
/Users/konrad/Library/Mobile Documents/com~apple~CloudDocs/XCode/ImageIntact/ImageIntact/Views/ManagePresetsSheet.swift:348:10: warning: main actor-isolated instance method 'fileWrapper(configuration:)' cannot be used to satisfy nonisolated requirement from protocol 'FileDocument'; this is an error in the Swift 6 language mode
    func fileWrapper(configuration: WriteConfiguration) throws -> FileWrapper {
         ^
/Users/konrad/Library/Mobile Documents/com~apple~CloudDocs/XCode/ImageIntact/ImageIntact/Views/ManagePresetsSheet.swift:348:10: note: add 'nonisolated' to 'fileWrapper(configuration:)' to make this instance method not isolated to the actor
    func fileWrapper(configuration: WriteConfiguration) throws -> FileWrapper {
         ^
    nonisolated 

SwiftCompile normal arm64 Compiling\ UpdateManager.swift,\ PriorityQueue.swift,\ ProgressTracker.swift,\ PathAnonymizer.swift,\ OrganizationSection.swift,\ HelpWindowView.swift,\ DefaultFileOperations.swift,\ FolderPicker.swift /Users/konrad/Library/Mobile\ Documents/com~apple~CloudDocs/XCode/ImageIntact/ImageIntact/Models/UpdateManager.swift /Users/konrad/Library/Mobile\ Documents/com~apple~CloudDocs/XCode/ImageIntact/ImageIntact/Models/QueueSystem/PriorityQueue.swift /Users/konrad/Library/Mobile\ Documents/com~apple~CloudDocs/XCode/ImageIntact/ImageIntact/Models/ProgressTracker.swift /Users/konrad/Library/Mobile\ Documents/com~apple~CloudDocs/XCode/ImageIntact/ImageIntact/Utilities/PathAnonymizer.swift /Users/konrad/Library/Mobile\ Documents/com~apple~CloudDocs/XCode/ImageIntact/ImageIntact/Views/OrganizationSection.swift /Users/konrad/Library/Mobile\ Documents/com~apple~CloudDocs/XCode/ImageIntact/ImageIntact/Views/HelpWindowView.swift /Users/konrad/Library/Mobile\ Documents/com~apple~CloudDocs/XCode/ImageIntact/ImageIntact/Protocols/DefaultFileOperations.swift /Users/konrad/Library/Mobile\ Documents/com~apple~CloudDocs/XCode/ImageIntact/ImageIntact/FolderPicker.swift (in target 'ImageIntact' from project 'ImageIntact')

SwiftCompile normal arm64 /Users/konrad/Library/Mobile\ Documents/com~apple~CloudDocs/XCode/ImageIntact/ImageIntact/Models/UpdateManager.swift (in target 'ImageIntact' from project 'ImageIntact')
    cd /Users/konrad/Library/Mobile\ Documents/com\~apple\~CloudDocs/XCode/ImageIntact
    

SwiftCompile normal arm64 /Users/konrad/Library/Mobile\ Documents/com~apple~CloudDocs/XCode/ImageIntact/ImageIntact/Models/QueueSystem/PriorityQueue.swift (in target 'ImageIntact' from project 'ImageIntact')
    cd /Users/konrad/Library/Mobile\ Documents/com\~apple\~CloudDocs/XCode/ImageIntact
    

SwiftCompile normal arm64 /Users/konrad/Library/Mobile\ Documents/com~apple~CloudDocs/XCode/ImageIntact/ImageIntact/Models/ProgressTracker.swift (in target 'ImageIntact' from project 'ImageIntact')
    cd /Users/konrad/Library/Mobile\ Documents/com\~apple\~CloudDocs/XCode/ImageIntact
    

SwiftCompile normal arm64 /Users/konrad/Library/Mobile\ Documents/com~apple~CloudDocs/XCode/ImageIntact/ImageIntact/Utilities/PathAnonymizer.swift (in target 'ImageIntact' from project 'ImageIntact')
    cd /Users/konrad/Library/Mobile\ Documents/com\~apple\~CloudDocs/XCode/ImageIntact
    

SwiftCompile normal arm64 /Users/konrad/Library/Mobile\ Documents/com~apple~CloudDocs/XCode/ImageIntact/ImageIntact/Views/OrganizationSection.swift (in target 'ImageIntact' from project 'ImageIntact')
    cd /Users/konrad/Library/Mobile\ Documents/com\~apple\~CloudDocs/XCode/ImageIntact
    

SwiftCompile normal arm64 /Users/konrad/Library/Mobile\ Documents/com~apple~CloudDocs/XCode/ImageIntact/ImageIntact/Views/HelpWindowView.swift (in target 'ImageIntact' from project 'ImageIntact')
    cd /Users/konrad/Library/Mobile\ Documents/com\~apple\~CloudDocs/XCode/ImageIntact
    

SwiftCompile normal arm64 /Users/konrad/Library/Mobile\ Documents/com~apple~CloudDocs/XCode/ImageIntact/ImageIntact/Protocols/DefaultFileOperations.swift (in target 'ImageIntact' from project 'ImageIntact')
    cd /Users/konrad/Library/Mobile\ Documents/com\~apple\~CloudDocs/XCode/ImageIntact
    

SwiftCompile normal arm64 /Users/konrad/Library/Mobile\ Documents/com~apple~CloudDocs/XCode/ImageIntact/ImageIntact/FolderPicker.swift (in target 'ImageIntact' from project 'ImageIntact')
    cd /Users/konrad/Library/Mobile\ Documents/com\~apple\~CloudDocs/XCode/ImageIntact
    

SwiftCompile normal arm64 Compiling\ BackupMigrationDetector.swift,\ BackupCompletionView.swift,\ SourceFolderSection.swift,\ LogEntities.swift,\ StoreProtocols.swift,\ DriveMonitor.swift,\ DriveCustomizationView.swift,\ StoreManager.swift /Users/konrad/Library/Mobile\ Documents/com~apple~CloudDocs/XCode/ImageIntact/ImageIntact/Models/BackupMigrationDetector.swift /Users/konrad/Library/Mobile\ Documents/com~apple~CloudDocs/XCode/ImageIntact/ImageIntact/Views/BackupCompletionView.swift /Users/konrad/Library/Mobile\ Documents/com~apple~CloudDocs/XCode/ImageIntact/ImageIntact/Views/SourceFolderSection.swift /Users/konrad/Library/Mobile\ Documents/com~apple~CloudDocs/XCode/ImageIntact/ImageIntact/Models/LogEntities.swift /Users/konrad/Library/Mobile\ Documents/com~apple~CloudDocs/XCode/ImageIntact/ImageIntact/Protocols/StoreProtocols.swift /Users/konrad/Library/Mobile\ Documents/com~apple~CloudDocs/XCode/ImageIntact/ImageIntact/Models/DriveMonitor.swift /Users/konrad/Library/Mobile\ Documents/com~apple~CloudDocs/XCode/ImageIntact/ImageIntact/Views/DriveCustomizationView.swift /Users/konrad/Library/Mobile\ Documents/com~apple~CloudDocs/XCode/ImageIntact/ImageIntact/Monetization/StoreManager.swift (in target 'ImageIntact' from project 'ImageIntact')
SwiftCompile normal arm64 /Users/konrad/Library/Mobile\ Documents/com~apple~CloudDocs/XCode/ImageIntact/ImageIntact/Models/BackupMigrationDetector.swift (in target 'ImageIntact' from project 'ImageIntact')
    cd /Users/konrad/Library/Mobile\ Documents/com\~apple\~CloudDocs/XCode/ImageIntact
    

SwiftCompile normal arm64 /Users/konrad/Library/Mobile\ Documents/com~apple~CloudDocs/XCode/ImageIntact/ImageIntact/Views/BackupCompletionView.swift (in target 'ImageIntact' from project 'ImageIntact')
    cd /Users/konrad/Library/Mobile\ Documents/com\~apple\~CloudDocs/XCode/ImageIntact
    

SwiftCompile normal arm64 /Users/konrad/Library/Mobile\ Documents/com~apple~CloudDocs/XCode/ImageIntact/ImageIntact/Views/SourceFolderSection.swift (in target 'ImageIntact' from project 'ImageIntact')
    cd /Users/konrad/Library/Mobile\ Documents/com\~apple\~CloudDocs/XCode/ImageIntact
    

SwiftCompile normal arm64 /Users/konrad/Library/Mobile\ Documents/com~apple~CloudDocs/XCode/ImageIntact/ImageIntact/Models/LogEntities.swift (in target 'ImageIntact' from project 'ImageIntact')
    cd /Users/konrad/Library/Mobile\ Documents/com\~apple\~CloudDocs/XCode/ImageIntact
    

SwiftCompile normal arm64 /Users/konrad/Library/Mobile\ Documents/com~apple~CloudDocs/XCode/ImageIntact/ImageIntact/Protocols/StoreProtocols.swift (in target 'ImageIntact' from project 'ImageIntact')
    cd /Users/konrad/Library/Mobile\ Documents/com\~apple\~CloudDocs/XCode/ImageIntact
    

SwiftCompile normal arm64 /Users/konrad/Library/Mobile\ Documents/com~apple~CloudDocs/XCode/ImageIntact/ImageIntact/Models/DriveMonitor.swift (in target 'ImageIntact' from project 'ImageIntact')
    cd /Users/konrad/Library/Mobile\ Documents/com\~apple\~CloudDocs/XCode/ImageIntact
    

SwiftCompile normal arm64 /Users/konrad/Library/Mobile\ Documents/com~apple~CloudDocs/XCode/ImageIntact/ImageIntact/Views/DriveCustomizationView.swift (in target 'ImageIntact' from project 'ImageIntact')
    cd /Users/konrad/Library/Mobile\ Documents/com\~apple\~CloudDocs/XCode/ImageIntact
    

SwiftCompile normal arm64 /Users/konrad/Library/Mobile\ Documents/com~apple~CloudDocs/XCode/ImageIntact/ImageIntact/Monetization/StoreManager.swift (in target 'ImageIntact' from project 'ImageIntact')
    cd /Users/konrad/Library/Mobile\ Documents/com\~apple\~CloudDocs/XCode/ImageIntact
    

SwiftCompile normal arm64 Compiling\ ThroughputMonitor.swift,\ ResourceManager.swift,\ PIISanitizer.swift,\ PreferencesView.swift,\ ManagePresetsSheet.swift,\ DiskSpaceProtocol.swift,\ BackupEvent+CoreDataClass.swift,\ BackupEvent+CoreDataProperties.swift /Users/konrad/Library/Mobile\ Documents/com~apple~CloudDocs/XCode/ImageIntact/ImageIntact/Models/QueueSystem/ThroughputMonitor.swift /Users/konrad/Library/Mobile\ Documents/com~apple~CloudDocs/XCode/ImageIntact/ImageIntact/Models/ResourceManager.swift /Users/konrad/Library/Mobile\ Documents/com~apple~CloudDocs/XCode/ImageIntact/ImageIntact/Utilities/PIISanitizer.swift /Users/konrad/Library/Mobile\ Documents/com~apple~CloudDocs/XCode/ImageIntact/ImageIntact/Views/PreferencesView.swift /Users/konrad/Library/Mobile\ Documents/com~apple~CloudDocs/XCode/ImageIntact/ImageIntact/Views/ManagePresetsSheet.swift /Users/konrad/Library/Mobile\ Documents/com~apple~CloudDocs/XCode/ImageIntact/ImageIntact/Models/Protocols/DiskSpaceProtocol.swift /Users/konrad/Library/Developer/Xcode/DerivedData/ImageIntact-bhmsucagebmynrdqgnmudwywfvam/Build/Intermediates.noindex/ImageIntact.build/Debug/ImageIntact.build/DerivedSources/CoreDataGenerated/ImageIntactEvents/BackupEvent+CoreDataClass.swift /Users/konrad/Library/Developer/Xcode/DerivedData/ImageIntact-bhmsucagebmynrdqgnmudwywfvam/Build/Intermediates.noindex/ImageIntact.build/Debug/ImageIntact.build/DerivedSources/CoreDataGenerated/ImageIntactEvents/BackupEvent+CoreDataProperties.swift (in target 'ImageIntact' from project 'ImageIntact')

SwiftCompile normal arm64 /Users/konrad/Library/Mobile\ Documents/com~apple~CloudDocs/XCode/ImageIntact/ImageIntact/Models/QueueSystem/ThroughputMonitor.swift (in target 'ImageIntact' from project 'ImageIntact')
    cd /Users/konrad/Library/Mobile\ Documents/com\~apple\~CloudDocs/XCode/ImageIntact
    

SwiftCompile normal arm64 /Users/konrad/Library/Mobile\ Documents/com~apple~CloudDocs/XCode/ImageIntact/ImageIntact/Models/ResourceManager.swift (in target 'ImageIntact' from project 'ImageIntact')
    cd /Users/konrad/Library/Mobile\ Documents/com\~apple\~CloudDocs/XCode/ImageIntact
    

SwiftCompile normal arm64 /Users/konrad/Library/Mobile\ Documents/com~apple~CloudDocs/XCode/ImageIntact/ImageIntact/Utilities/PIISanitizer.swift (in target 'ImageIntact' from project 'ImageIntact')
    cd /Users/konrad/Library/Mobile\ Documents/com\~apple\~CloudDocs/XCode/ImageIntact
    
/Users/konrad/Library/Mobile Documents/com~apple~CloudDocs/XCode/ImageIntact/ImageIntact/Utilities/PIISanitizer.swift:233:13: warning: initialization of immutable value 'standardDirs' was never used; consider replacing with assignment to '_' or removing it
        let standardDirs = ["Users", "Volumes", "Applications", "Library", "System",
        ~~~~^~~~~~~~~~~~
        _
/Users/konrad/Library/Mobile Documents/com~apple~CloudDocs/XCode/ImageIntact/ImageIntact/Utilities/PIISanitizer.swift:239:13: warning: initialization of immutable value 'personalPattern' was never used; consider replacing with assignment to '_' or removing it
        let personalPattern = #"(\d{4}[-_]\d{2}[-_]\d{2})|([Ww]edding\d{4})|([Bb]irthday\d{4})|([Vv]acation\d{4})|([Tt]rip\d{4})|([Ee]vent\d{4})|([Pp]arty\d{4})|(\d{4}[-_][A-Za-z]+)|([A-Za-z]+[-_]\d{4})"#
        ~~~~^~~~~~~~~~~~~~~
        _

SwiftCompile normal arm64 /Users/konrad/Library/Mobile\ Documents/com~apple~CloudDocs/XCode/ImageIntact/ImageIntact/Views/PreferencesView.swift (in target 'ImageIntact' from project 'ImageIntact')
    cd /Users/konrad/Library/Mobile\ Documents/com\~apple\~CloudDocs/XCode/ImageIntact
    

SwiftCompile normal arm64 /Users/konrad/Library/Mobile\ Documents/com~apple~CloudDocs/XCode/ImageIntact/ImageIntact/Views/ManagePresetsSheet.swift (in target 'ImageIntact' from project 'ImageIntact')
    cd /Users/konrad/Library/Mobile\ Documents/com\~apple\~CloudDocs/XCode/ImageIntact
    
/Users/konrad/Library/Mobile Documents/com~apple~CloudDocs/XCode/ImageIntact/ImageIntact/Views/ManagePresetsSheet.swift:336:16: warning: main actor-isolated static property 'readableContentTypes' cannot be used to satisfy nonisolated requirement from protocol 'FileDocument'; this is an error in the Swift 6 language mode
    static var readableContentTypes: [UTType] { [.json] }
               ^
/Users/konrad/Library/Mobile Documents/com~apple~CloudDocs/XCode/ImageIntact/ImageIntact/Views/ManagePresetsSheet.swift:335:24: note: add '@preconcurrency' to the 'FileDocument' conformance to defer isolation checking to run time
struct PresetDocument: FileDocument {
                       ^
                       @preconcurrency 
/Users/konrad/Library/Mobile Documents/com~apple~CloudDocs/XCode/ImageIntact/ImageIntact/Views/ManagePresetsSheet.swift:344:5: warning: main actor-isolated initializer 'init(configuration:)' cannot be used to satisfy nonisolated requirement from protocol 'FileDocument'; this is an error in the Swift 6 language mode
    init(configuration: ReadConfiguration) throws {
    ^
/Users/konrad/Library/Mobile Documents/com~apple~CloudDocs/XCode/ImageIntact/ImageIntact/Views/ManagePresetsSheet.swift:344:5: note: add 'nonisolated' to 'init(configuration:)' to make this initializer not isolated to the actor
    init(configuration: ReadConfiguration) throws {
    ^
    nonisolated 
/Users/konrad/Library/Mobile Documents/com~apple~CloudDocs/XCode/ImageIntact/ImageIntact/Views/ManagePresetsSheet.swift:348:10: warning: main actor-isolated instance method 'fileWrapper(configuration:)' cannot be used to satisfy nonisolated requirement from protocol 'FileDocument'; this is an error in the Swift 6 language mode
    func fileWrapper(configuration: WriteConfiguration) throws -> FileWrapper {
         ^
/Users/konrad/Library/Mobile Documents/com~apple~CloudDocs/XCode/ImageIntact/ImageIntact/Views/ManagePresetsSheet.swift:348:10: note: add 'nonisolated' to 'fileWrapper(configuration:)' to make this instance method not isolated to the actor
    func fileWrapper(configuration: WriteConfiguration) throws -> FileWrapper {
         ^
    nonisolated 

SwiftCompile normal arm64 /Users/konrad/Library/Mobile\ Documents/com~apple~CloudDocs/XCode/ImageIntact/ImageIntact/Models/Protocols/DiskSpaceProtocol.swift (in target 'ImageIntact' from project 'ImageIntact')
    cd /Users/konrad/Library/Mobile\ Documents/com\~apple\~CloudDocs/XCode/ImageIntact
    

SwiftCompile normal arm64 /Users/konrad/Library/Developer/Xcode/DerivedData/ImageIntact-bhmsucagebmynrdqgnmudwywfvam/Build/Intermediates.noindex/ImageIntact.build/Debug/ImageIntact.build/DerivedSources/CoreDataGenerated/ImageIntactEvents/BackupEvent+CoreDataClass.swift (in target 'ImageIntact' from project 'ImageIntact')
    cd /Users/konrad/Library/Mobile\ Documents/com\~apple\~CloudDocs/XCode/ImageIntact
    

SwiftCompile normal arm64 /Users/konrad/Library/Developer/Xcode/DerivedData/ImageIntact-bhmsucagebmynrdqgnmudwywfvam/Build/Intermediates.noindex/ImageIntact.build/Debug/ImageIntact.build/DerivedSources/CoreDataGenerated/ImageIntactEvents/BackupEvent+CoreDataProperties.swift (in target 'ImageIntact' from project 'ImageIntact')
    cd /Users/konrad/Library/Mobile\ Documents/com\~apple\~CloudDocs/XCode/ImageIntact
    

SwiftCompile normal arm64 Compiling\ SimpleProgressSection.swift,\ NotificationProtocol.swift,\ ImageFileType.swift,\ ProgressTrackerProtocol.swift,\ DriveAnalyzer.swift,\ RetryHandler.swift,\ DestinationSection.swift,\ PremiumFeatureManager.swift /Users/konrad/Library/Mobile\ Documents/com~apple~CloudDocs/XCode/ImageIntact/ImageIntact/Views/SimpleProgressSection.swift /Users/konrad/Library/Mobile\ Documents/com~apple~CloudDocs/XCode/ImageIntact/ImageIntact/Models/Protocols/NotificationProtocol.swift /Users/konrad/Library/Mobile\ Documents/com~apple~CloudDocs/XCode/ImageIntact/ImageIntact/Models/ImageFileType.swift /Users/konrad/Library/Mobile\ Documents/com~apple~CloudDocs/XCode/ImageIntact/ImageIntact/Protocols/ProgressTrackerProtocol.swift /Users/konrad/Library/Mobile\ Documents/com~apple~CloudDocs/XCode/ImageIntact/ImageIntact/Models/DriveAnalyzer.swift /Users/konrad/Library/Mobile\ Documents/com~apple~CloudDocs/XCode/ImageIntact/ImageIntact/Models/ErrorHandling/RetryHandler.swift /Users/konrad/Library/Mobile\ Documents/com~apple~CloudDocs/XCode/ImageIntact/ImageIntact/Views/DestinationSection.swift /Users/konrad/Library/Mobile\ Documents/com~apple~CloudDocs/XCode/ImageIntact/ImageIntact/Monetization/PremiumFeatureManager.swift (in target 'ImageIntact' from project 'ImageIntact')

SwiftCompile normal arm64 /Users/konrad/Library/Mobile\ Documents/com~apple~CloudDocs/XCode/ImageIntact/ImageIntact/Views/SimpleProgressSection.swift (in target 'ImageIntact' from project 'ImageIntact')
    cd /Users/konrad/Library/Mobile\ Documents/com\~apple\~CloudDocs/XCode/ImageIntact
    

SwiftCompile normal arm64 /Users/konrad/Library/Mobile\ Documents/com~apple~CloudDocs/XCode/ImageIntact/ImageIntact/Models/Protocols/NotificationProtocol.swift (in target 'ImageIntact' from project 'ImageIntact')
    cd /Users/konrad/Library/Mobile\ Documents/com\~apple\~CloudDocs/XCode/ImageIntact
    

SwiftCompile normal arm64 /Users/konrad/Library/Mobile\ Documents/com~apple~CloudDocs/XCode/ImageIntact/ImageIntact/Models/ImageFileType.swift (in target 'ImageIntact' from project 'ImageIntact')
    cd /Users/konrad/Library/Mobile\ Documents/com\~apple\~CloudDocs/XCode/ImageIntact
    

SwiftCompile normal arm64 /Users/konrad/Library/Mobile\ Documents/com~apple~CloudDocs/XCode/ImageIntact/ImageIntact/Protocols/ProgressTrackerProtocol.swift (in target 'ImageIntact' from project 'ImageIntact')
    cd /Users/konrad/Library/Mobile\ Documents/com\~apple\~CloudDocs/XCode/ImageIntact
    

SwiftCompile normal arm64 /Users/konrad/Library/Mobile\ Documents/com~apple~CloudDocs/XCode/ImageIntact/ImageIntact/Models/DriveAnalyzer.swift (in target 'ImageIntact' from project 'ImageIntact')
    cd /Users/konrad/Library/Mobile\ Documents/com\~apple\~CloudDocs/XCode/ImageIntact
    

SwiftCompile normal arm64 /Users/konrad/Library/Mobile\ Documents/com~apple~CloudDocs/XCode/ImageIntact/ImageIntact/Models/ErrorHandling/RetryHandler.swift (in target 'ImageIntact' from project 'ImageIntact')
    cd /Users/konrad/Library/Mobile\ Documents/com\~apple\~CloudDocs/XCode/ImageIntact
    

SwiftCompile normal arm64 /Users/konrad/Library/Mobile\ Documents/com~apple~CloudDocs/XCode/ImageIntact/ImageIntact/Views/DestinationSection.swift (in target 'ImageIntact' from project 'ImageIntact')
    cd /Users/konrad/Library/Mobile\ Documents/com\~apple\~CloudDocs/XCode/ImageIntact
    

SwiftCompile normal arm64 /Users/konrad/Library/Mobile\ Documents/com~apple~CloudDocs/XCode/ImageIntact/ImageIntact/Monetization/PremiumFeatureManager.swift (in target 'ImageIntact' from project 'ImageIntact')
    cd /Users/konrad/Library/Mobile\ Documents/com\~apple\~CloudDocs/XCode/ImageIntact
    

SwiftCompile normal arm64 Compiling\ BackupSession+CoreDataClass.swift,\ BackupSession+CoreDataProperties.swift,\ DriveIdentity+CoreDataClass.swift,\ DriveIdentity+CoreDataProperties.swift,\ SourceDestinationMapping+CoreDataClass.swift,\ SourceDestinationMapping+CoreDataProperties.swift,\ ImageIntactEvents+CoreDataModel.swift,\ GeneratedAssetSymbols.swift /Users/konrad/Library/Developer/Xcode/DerivedData/ImageIntact-bhmsucagebmynrdqgnmudwywfvam/Build/Intermediates.noindex/ImageIntact.build/Debug/ImageIntact.build/DerivedSources/CoreDataGenerated/ImageIntactEvents/BackupSession+CoreDataClass.swift /Users/konrad/Library/Developer/Xcode/DerivedData/ImageIntact-bhmsucagebmynrdqgnmudwywfvam/Build/Intermediates.noindex/ImageIntact.build/Debug/ImageIntact.build/DerivedSources/CoreDataGenerated/ImageIntactEvents/BackupSession+CoreDataProperties.swift /Users/konrad/Library/Developer/Xcode/DerivedData/ImageIntact-bhmsucagebmynrdqgnmudwywfvam/Build/Intermediates.noindex/ImageIntact.build/Debug/ImageIntact.build/DerivedSources/CoreDataGenerated/ImageIntactEvents/DriveIdentity+CoreDataClass.swift /Users/konrad/Library/Developer/Xcode/DerivedData/ImageIntact-bhmsucagebmynrdqgnmudwywfvam/Build/Intermediates.noindex/ImageIntact.build/Debug/ImageIntact.build/DerivedSources/CoreDataGenerated/ImageIntactEvents/DriveIdentity+CoreDataProperties.swift /Users/konrad/Library/Developer/Xcode/DerivedData/ImageIntact-bhmsucagebmynrdqgnmudwywfvam/Build/Intermediates.noindex/ImageIntact.build/Debug/ImageIntact.build/DerivedSources/CoreDataGenerated/ImageIntactEvents/SourceDestinationMapping+CoreDataClass.swift /Users/konrad/Library/Developer/Xcode/DerivedData/ImageIntact-bhmsucagebmynrdqgnmudwywfvam/Build/Intermediates.noindex/ImageIntact.build/Debug/ImageIntact.build/DerivedSources/CoreDataGenerated/ImageIntactEvents/SourceDestinationMapping+CoreDataProperties.swift /Users/konrad/Library/Developer/Xcode/DerivedData/ImageIntact-bhmsucagebmynrdqgnmudwywfvam/Build/Intermediates.noindex/ImageIntact.build/Debug/ImageIntact.build/DerivedSources/CoreDataGenerated/ImageIntactEvents/ImageIntactEvents+CoreDataModel.swift /Users/konrad/Library/Developer/Xcode/DerivedData/ImageIntact-bhmsucagebmynrdqgnmudwywfvam/Build/Intermediates.noindex/ImageIntact.build/Debug/ImageIntact.build/DerivedSources/GeneratedAssetSymbols.swift (in target 'ImageIntact' from project 'ImageIntact')

SwiftCompile normal arm64 /Users/konrad/Library/Developer/Xcode/DerivedData/ImageIntact-bhmsucagebmynrdqgnmudwywfvam/Build/Intermediates.noindex/ImageIntact.build/Debug/ImageIntact.build/DerivedSources/CoreDataGenerated/ImageIntactEvents/BackupSession+CoreDataClass.swift (in target 'ImageIntact' from project 'ImageIntact')
    cd /Users/konrad/Library/Mobile\ Documents/com\~apple\~CloudDocs/XCode/ImageIntact
    

SwiftCompile normal arm64 /Users/konrad/Library/Developer/Xcode/DerivedData/ImageIntact-bhmsucagebmynrdqgnmudwywfvam/Build/Intermediates.noindex/ImageIntact.build/Debug/ImageIntact.build/DerivedSources/CoreDataGenerated/ImageIntactEvents/BackupSession+CoreDataProperties.swift (in target 'ImageIntact' from project 'ImageIntact')
    cd /Users/konrad/Library/Mobile\ Documents/com\~apple\~CloudDocs/XCode/ImageIntact
    

SwiftCompile normal arm64 /Users/konrad/Library/Developer/Xcode/DerivedData/ImageIntact-bhmsucagebmynrdqgnmudwywfvam/Build/Intermediates.noindex/ImageIntact.build/Debug/ImageIntact.build/DerivedSources/CoreDataGenerated/ImageIntactEvents/DriveIdentity+CoreDataClass.swift (in target 'ImageIntact' from project 'ImageIntact')
    cd /Users/konrad/Library/Mobile\ Documents/com\~apple\~CloudDocs/XCode/ImageIntact
    

SwiftCompile normal arm64 /Users/konrad/Library/Developer/Xcode/DerivedData/ImageIntact-bhmsucagebmynrdqgnmudwywfvam/Build/Intermediates.noindex/ImageIntact.build/Debug/ImageIntact.build/DerivedSources/CoreDataGenerated/ImageIntactEvents/DriveIdentity+CoreDataProperties.swift (in target 'ImageIntact' from project 'ImageIntact')
    cd /Users/konrad/Library/Mobile\ Documents/com\~apple\~CloudDocs/XCode/ImageIntact
    

SwiftCompile normal arm64 /Users/konrad/Library/Developer/Xcode/DerivedData/ImageIntact-bhmsucagebmynrdqgnmudwywfvam/Build/Intermediates.noindex/ImageIntact.build/Debug/ImageIntact.build/DerivedSources/CoreDataGenerated/ImageIntactEvents/SourceDestinationMapping+CoreDataClass.swift (in target 'ImageIntact' from project 'ImageIntact')
    cd /Users/konrad/Library/Mobile\ Documents/com\~apple\~CloudDocs/XCode/ImageIntact
    

SwiftCompile normal arm64 /Users/konrad/Library/Developer/Xcode/DerivedData/ImageIntact-bhmsucagebmynrdqgnmudwywfvam/Build/Intermediates.noindex/ImageIntact.build/Debug/ImageIntact.build/DerivedSources/CoreDataGenerated/ImageIntactEvents/SourceDestinationMapping+CoreDataProperties.swift (in target 'ImageIntact' from project 'ImageIntact')
    cd /Users/konrad/Library/Mobile\ Documents/com\~apple\~CloudDocs/XCode/ImageIntact
    

SwiftCompile normal arm64 /Users/konrad/Library/Developer/Xcode/DerivedData/ImageIntact-bhmsucagebmynrdqgnmudwywfvam/Build/Intermediates.noindex/ImageIntact.build/Debug/ImageIntact.build/DerivedSources/CoreDataGenerated/ImageIntactEvents/ImageIntactEvents+CoreDataModel.swift (in target 'ImageIntact' from project 'ImageIntact')
    cd /Users/konrad/Library/Mobile\ Documents/com\~apple\~CloudDocs/XCode/ImageIntact
    

SwiftCompile normal arm64 /Users/konrad/Library/Developer/Xcode/DerivedData/ImageIntact-bhmsucagebmynrdqgnmudwywfvam/Build/Intermediates.noindex/ImageIntact.build/Debug/ImageIntact.build/DerivedSources/GeneratedAssetSymbols.swift (in target 'ImageIntact' from project 'ImageIntact')
    cd /Users/konrad/Library/Mobile\ Documents/com\~apple\~CloudDocs/XCode/ImageIntact
    

LinkAssetCatalog /Users/konrad/Library/Mobile\ Documents/com~apple~CloudDocs/XCode/ImageIntact/ImageIntact/Assets.xcassets (in target 'ImageIntact' from project 'ImageIntact')
    cd /Users/konrad/Library/Mobile\ Documents/com\~apple\~CloudDocs/XCode/ImageIntact
    builtin-linkAssetCatalog --thinned /Users/konrad/Library/Developer/Xcode/DerivedData/ImageIntact-bhmsucagebmynrdqgnmudwywfvam/Build/Intermediates.noindex/ImageIntact.build/Debug/ImageIntact.build/assetcatalog_output/thinned --thinned-dependencies /Users/konrad/Library/Developer/Xcode/DerivedData/ImageIntact-bhmsucagebmynrdqgnmudwywfvam/Build/Intermediates.noindex/ImageIntact.build/Debug/ImageIntact.build/assetcatalog_dependencies_thinned --thinned-info-plist-content /Users/konrad/Library/Developer/Xcode/DerivedData/ImageIntact-bhmsucagebmynrdqgnmudwywfvam/Build/Intermediates.noindex/ImageIntact.build/Debug/ImageIntact.build/assetcatalog_generated_info.plist_thinned --unthinned /Users/konrad/Library/Developer/Xcode/DerivedData/ImageIntact-bhmsucagebmynrdqgnmudwywfvam/Build/Intermediates.noindex/ImageIntact.build/Debug/ImageIntact.build/assetcatalog_output/unthinned --unthinned-dependencies /Users/konrad/Library/Developer/Xcode/DerivedData/ImageIntact-bhmsucagebmynrdqgnmudwywfvam/Build/Intermediates.noindex/ImageIntact.build/Debug/ImageIntact.build/assetcatalog_dependencies_unthinned --unthinned-info-plist-content /Users/konrad/Library/Developer/Xcode/DerivedData/ImageIntact-bhmsucagebmynrdqgnmudwywfvam/Build/Intermediates.noindex/ImageIntact.build/Debug/ImageIntact.build/assetcatalog_generated_info.plist_unthinned --output /Users/konrad/Library/Developer/Xcode/DerivedData/ImageIntact-bhmsucagebmynrdqgnmudwywfvam/Build/Products/Debug/ImageIntact.app/Contents/Resources --plist-output /Users/konrad/Library/Developer/Xcode/DerivedData/ImageIntact-bhmsucagebmynrdqgnmudwywfvam/Build/Intermediates.noindex/ImageIntact.build/Debug/ImageIntact.build/assetcatalog_generated_info.plist
note: Emplaced /Users/konrad/Library/Developer/Xcode/DerivedData/ImageIntact-bhmsucagebmynrdqgnmudwywfvam/Build/Products/Debug/ImageIntact.app/Contents/Resources/Assets.car (in target 'ImageIntact' from project 'ImageIntact')
note: Emplaced /Users/konrad/Library/Developer/Xcode/DerivedData/ImageIntact-bhmsucagebmynrdqgnmudwywfvam/Build/Products/Debug/ImageIntact.app/Contents/Resources/AppIcon.icns (in target 'ImageIntact' from project 'ImageIntact')

SwiftDriverJobDiscovery normal arm64 Emitting module for ImageIntact (in target 'ImageIntact' from project 'ImageIntact')

SwiftDriver\ Compilation\ Requirements ImageIntact normal arm64 com.apple.xcode.tools.swift.compiler (in target 'ImageIntact' from project 'ImageIntact')
    cd /Users/konrad/Library/Mobile\ Documents/com\~apple\~CloudDocs/XCode/ImageIntact
    builtin-Swift-Compilation-Requirements -- /Applications/Xcode.app/Contents/Developer/Toolchains/XcodeDefault.xctoolchain/usr/bin/swiftc -module-name ImageIntact -Onone -enforce-exclusivity\=checked @/Users/konrad/Library/Developer/Xcode/DerivedData/ImageIntact-bhmsucagebmynrdqgnmudwywfvam/Build/Intermediates.noindex/ImageIntact.build/Debug/ImageIntact.build/Objects-normal/arm64/ImageIntact.SwiftFileList -DDEBUG -enable-bare-slash-regex -enable-experimental-feature DebugDescriptionMacro -sdk /Applications/Xcode.app/Contents/Developer/Platforms/MacOSX.platform/Developer/SDKs/MacOSX15.5.sdk -target arm64-apple-macos14.0 -g -module-cache-path /Users/konrad/Library/Developer/Xcode/DerivedData/ModuleCache.noindex -Xfrontend -serialize-debugging-options -profile-coverage-mapping -profile-generate -enable-testing -index-store-path /Users/konrad/Library/Developer/Xcode/DerivedData/ImageIntact-bhmsucagebmynrdqgnmudwywfvam/Index.noindex/DataStore -swift-version 5 -I /Users/konrad/Library/Developer/Xcode/DerivedData/ImageIntact-bhmsucagebmynrdqgnmudwywfvam/Build/Products/Debug -F /Users/konrad/Library/Developer/Xcode/DerivedData/ImageIntact-bhmsucagebmynrdqgnmudwywfvam/Build/Products/Debug -emit-localized-strings -emit-localized-strings-path /Users/konrad/Library/Developer/Xcode/DerivedData/ImageIntact-bhmsucagebmynrdqgnmudwywfvam/Build/Intermediates.noindex/ImageIntact.build/Debug/ImageIntact.build/Objects-normal/arm64 -c -j12 -enable-batch-mode -incremental -Xcc -ivfsstatcache -Xcc /Users/konrad/Library/Developer/Xcode/DerivedData/SDKStatCaches.noindex/macosx15.5-24F74-8254517eb8b97d462ccbc072ba9094c9.sdkstatcache -output-file-map /Users/konrad/Library/Developer/Xcode/DerivedData/ImageIntact-bhmsucagebmynrdqgnmudwywfvam/Build/Intermediates.noindex/ImageIntact.build/Debug/ImageIntact.build/Objects-normal/arm64/ImageIntact-OutputFileMap.json -use-frontend-parseable-output -save-temps -no-color-diagnostics -serialize-diagnostics -emit-dependencies -emit-module -emit-module-path /Users/konrad/Library/Developer/Xcode/DerivedData/ImageIntact-bhmsucagebmynrdqgnmudwywfvam/Build/Intermediates.noindex/ImageIntact.build/Debug/ImageIntact.build/Objects-normal/arm64/ImageIntact.swiftmodule -validate-clang-modules-once -clang-build-session-file /Users/konrad/Library/Developer/Xcode/DerivedData/ModuleCache.noindex/Session.modulevalidation -Xcc -I/Users/konrad/Library/Developer/Xcode/DerivedData/ImageIntact-bhmsucagebmynrdqgnmudwywfvam/Build/Intermediates.noindex/ImageIntact.build/Debug/ImageIntact.build/swift-overrides.hmap -emit-const-values -Xfrontend -const-gather-protocols-file -Xfrontend /Users/konrad/Library/Developer/Xcode/DerivedData/ImageIntact-bhmsucagebmynrdqgnmudwywfvam/Build/Intermediates.noindex/ImageIntact.build/Debug/ImageIntact.build/Objects-normal/arm64/ImageIntact_const_extract_protocols.json -Xcc -iquote -Xcc /Users/konrad/Library/Developer/Xcode/DerivedData/ImageIntact-bhmsucagebmynrdqgnmudwywfvam/Build/Intermediates.noindex/ImageIntact.build/Debug/ImageIntact.build/ImageIntact-generated-files.hmap -Xcc -I/Users/konrad/Library/Developer/Xcode/DerivedData/ImageIntact-bhmsucagebmynrdqgnmudwywfvam/Build/Intermediates.noindex/ImageIntact.build/Debug/ImageIntact.build/ImageIntact-own-target-headers.hmap -Xcc -I/Users/konrad/Library/Developer/Xcode/DerivedData/ImageIntact-bhmsucagebmynrdqgnmudwywfvam/Build/Intermediates.noindex/ImageIntact.build/Debug/ImageIntact.build/ImageIntact-all-target-headers.hmap -Xcc -iquote -Xcc /Users/konrad/Library/Developer/Xcode/DerivedData/ImageIntact-bhmsucagebmynrdqgnmudwywfvam/Build/Intermediates.noindex/ImageIntact.build/Debug/ImageIntact.build/ImageIntact-project-headers.hmap -Xcc -I/Users/konrad/Library/Developer/Xcode/DerivedData/ImageIntact-bhmsucagebmynrdqgnmudwywfvam/Build/Products/Debug/include -Xcc -I/Users/konrad/Library/Developer/Xcode/DerivedData/ImageIntact-bhmsucagebmynrdqgnmudwywfvam/Build/Intermediates.noindex/ImageIntact.build/Debug/ImageIntact.build/DerivedSources-normal/arm64 -Xcc -I/Users/konrad/Library/Developer/Xcode/DerivedData/ImageIntact-bhmsucagebmynrdqgnmudwywfvam/Build/Intermediates.noindex/ImageIntact.build/Debug/ImageIntact.build/DerivedSources/arm64 -Xcc -I/Users/konrad/Library/Developer/Xcode/DerivedData/ImageIntact-bhmsucagebmynrdqgnmudwywfvam/Build/Intermediates.noindex/ImageIntact.build/Debug/ImageIntact.build/DerivedSources -Xcc -DDEBUG\=1 -emit-objc-header -emit-objc-header-path /Users/konrad/Library/Developer/Xcode/DerivedData/ImageIntact-bhmsucagebmynrdqgnmudwywfvam/Build/Intermediates.noindex/ImageIntact.build/Debug/ImageIntact.build/Objects-normal/arm64/ImageIntact-Swift.h -working-directory /Users/konrad/Library/Mobile\ Documents/com\~apple\~CloudDocs/XCode/ImageIntact -experimental-emit-module-separately -disable-cmo

ProcessInfoPlistFile /Users/konrad/Library/Developer/Xcode/DerivedData/ImageIntact-bhmsucagebmynrdqgnmudwywfvam/Build/Products/Debug/ImageIntact.app/Contents/Info.plist /Users/konrad/Library/Developer/Xcode/DerivedData/ImageIntact-bhmsucagebmynrdqgnmudwywfvam/Build/Intermediates.noindex/ImageIntact.build/Debug/ImageIntact.build/empty-ImageIntact.plist (in target 'ImageIntact' from project 'ImageIntact')
    cd /Users/konrad/Library/Mobile\ Documents/com\~apple\~CloudDocs/XCode/ImageIntact
    builtin-infoPlistUtility /Users/konrad/Library/Developer/Xcode/DerivedData/ImageIntact-bhmsucagebmynrdqgnmudwywfvam/Build/Intermediates.noindex/ImageIntact.build/Debug/ImageIntact.build/empty-ImageIntact.plist -producttype com.apple.product-type.application -genpkginfo /Users/konrad/Library/Developer/Xcode/DerivedData/ImageIntact-bhmsucagebmynrdqgnmudwywfvam/Build/Products/Debug/ImageIntact.app/Contents/PkgInfo -expandbuildsettings -platform macosx -additionalcontentfile /Users/konrad/Library/Developer/Xcode/DerivedData/ImageIntact-bhmsucagebmynrdqgnmudwywfvam/Build/Intermediates.noindex/ImageIntact.build/Debug/ImageIntact.build/assetcatalog_generated_info.plist -o /Users/konrad/Library/Developer/Xcode/DerivedData/ImageIntact-bhmsucagebmynrdqgnmudwywfvam/Build/Products/Debug/ImageIntact.app/Contents/Info.plist

SwiftMergeGeneratedHeaders /Users/konrad/Library/Developer/Xcode/DerivedData/ImageIntact-bhmsucagebmynrdqgnmudwywfvam/Build/Intermediates.noindex/ImageIntact.build/Debug/ImageIntact.build/DerivedSources/ImageIntact-Swift.h /Users/konrad/Library/Developer/Xcode/DerivedData/ImageIntact-bhmsucagebmynrdqgnmudwywfvam/Build/Intermediates.noindex/ImageIntact.build/Debug/ImageIntact.build/Objects-normal/arm64/ImageIntact-Swift.h (in target 'ImageIntact' from project 'ImageIntact')
    cd /Users/konrad/Library/Mobile\ Documents/com\~apple\~CloudDocs/XCode/ImageIntact
    builtin-swiftHeaderTool -arch arm64 /Users/konrad/Library/Developer/Xcode/DerivedData/ImageIntact-bhmsucagebmynrdqgnmudwywfvam/Build/Intermediates.noindex/ImageIntact.build/Debug/ImageIntact.build/Objects-normal/arm64/ImageIntact-Swift.h -o /Users/konrad/Library/Developer/Xcode/DerivedData/ImageIntact-bhmsucagebmynrdqgnmudwywfvam/Build/Intermediates.noindex/ImageIntact.build/Debug/ImageIntact.build/DerivedSources/ImageIntact-Swift.h

Copy /Users/konrad/Library/Developer/Xcode/DerivedData/ImageIntact-bhmsucagebmynrdqgnmudwywfvam/Build/Products/Debug/ImageIntact.swiftmodule/arm64-apple-macos.swiftmodule /Users/konrad/Library/Developer/Xcode/DerivedData/ImageIntact-bhmsucagebmynrdqgnmudwywfvam/Build/Intermediates.noindex/ImageIntact.build/Debug/ImageIntact.build/Objects-normal/arm64/ImageIntact.swiftmodule (in target 'ImageIntact' from project 'ImageIntact')
    cd /Users/konrad/Library/Mobile\ Documents/com\~apple\~CloudDocs/XCode/ImageIntact
    builtin-copy -exclude .DS_Store -exclude CVS -exclude .svn -exclude .git -exclude .hg -resolve-src-symlinks -rename /Users/konrad/Library/Developer/Xcode/DerivedData/ImageIntact-bhmsucagebmynrdqgnmudwywfvam/Build/Intermediates.noindex/ImageIntact.build/Debug/ImageIntact.build/Objects-normal/arm64/ImageIntact.swiftmodule /Users/konrad/Library/Developer/Xcode/DerivedData/ImageIntact-bhmsucagebmynrdqgnmudwywfvam/Build/Products/Debug/ImageIntact.swiftmodule/arm64-apple-macos.swiftmodule

Copy /Users/konrad/Library/Developer/Xcode/DerivedData/ImageIntact-bhmsucagebmynrdqgnmudwywfvam/Build/Products/Debug/ImageIntact.swiftmodule/arm64-apple-macos.swiftdoc /Users/konrad/Library/Developer/Xcode/DerivedData/ImageIntact-bhmsucagebmynrdqgnmudwywfvam/Build/Intermediates.noindex/ImageIntact.build/Debug/ImageIntact.build/Objects-normal/arm64/ImageIntact.swiftdoc (in target 'ImageIntact' from project 'ImageIntact')
    cd /Users/konrad/Library/Mobile\ Documents/com\~apple\~CloudDocs/XCode/ImageIntact
    builtin-copy -exclude .DS_Store -exclude CVS -exclude .svn -exclude .git -exclude .hg -resolve-src-symlinks -rename /Users/konrad/Library/Developer/Xcode/DerivedData/ImageIntact-bhmsucagebmynrdqgnmudwywfvam/Build/Intermediates.noindex/ImageIntact.build/Debug/ImageIntact.build/Objects-normal/arm64/ImageIntact.swiftdoc /Users/konrad/Library/Developer/Xcode/DerivedData/ImageIntact-bhmsucagebmynrdqgnmudwywfvam/Build/Products/Debug/ImageIntact.swiftmodule/arm64-apple-macos.swiftdoc

Copy /Users/konrad/Library/Developer/Xcode/DerivedData/ImageIntact-bhmsucagebmynrdqgnmudwywfvam/Build/Products/Debug/ImageIntact.swiftmodule/arm64-apple-macos.abi.json /Users/konrad/Library/Developer/Xcode/DerivedData/ImageIntact-bhmsucagebmynrdqgnmudwywfvam/Build/Intermediates.noindex/ImageIntact.build/Debug/ImageIntact.build/Objects-normal/arm64/ImageIntact.abi.json (in target 'ImageIntact' from project 'ImageIntact')
    cd /Users/konrad/Library/Mobile\ Documents/com\~apple\~CloudDocs/XCode/ImageIntact
    builtin-copy -exclude .DS_Store -exclude CVS -exclude .svn -exclude .git -exclude .hg -resolve-src-symlinks -rename /Users/konrad/Library/Developer/Xcode/DerivedData/ImageIntact-bhmsucagebmynrdqgnmudwywfvam/Build/Intermediates.noindex/ImageIntact.build/Debug/ImageIntact.build/Objects-normal/arm64/ImageIntact.abi.json /Users/konrad/Library/Developer/Xcode/DerivedData/ImageIntact-bhmsucagebmynrdqgnmudwywfvam/Build/Products/Debug/ImageIntact.swiftmodule/arm64-apple-macos.abi.json

Copy /Users/konrad/Library/Developer/Xcode/DerivedData/ImageIntact-bhmsucagebmynrdqgnmudwywfvam/Build/Products/Debug/ImageIntact.swiftmodule/Project/arm64-apple-macos.swiftsourceinfo /Users/konrad/Library/Developer/Xcode/DerivedData/ImageIntact-bhmsucagebmynrdqgnmudwywfvam/Build/Intermediates.noindex/ImageIntact.build/Debug/ImageIntact.build/Objects-normal/arm64/ImageIntact.swiftsourceinfo (in target 'ImageIntact' from project 'ImageIntact')
    cd /Users/konrad/Library/Mobile\ Documents/com\~apple\~CloudDocs/XCode/ImageIntact
    builtin-copy -exclude .DS_Store -exclude CVS -exclude .svn -exclude .git -exclude .hg -resolve-src-symlinks -rename /Users/konrad/Library/Developer/Xcode/DerivedData/ImageIntact-bhmsucagebmynrdqgnmudwywfvam/Build/Intermediates.noindex/ImageIntact.build/Debug/ImageIntact.build/Objects-normal/arm64/ImageIntact.swiftsourceinfo /Users/konrad/Library/Developer/Xcode/DerivedData/ImageIntact-bhmsucagebmynrdqgnmudwywfvam/Build/Products/Debug/ImageIntact.swiftmodule/Project/arm64-apple-macos.swiftsourceinfo

SwiftCompile normal arm64 Compiling\ FileTask.swift,\ PreferencesManager.swift,\ NotificationManager.swift,\ MultiDestinationProgressSection.swift,\ HelpView.swift,\ DefaultChecksumCalculator.swift,\ ContentView.swift,\ BackupManagerQueueIntegration.swift /Users/konrad/Library/Mobile\ Documents/com~apple~CloudDocs/XCode/ImageIntact/ImageIntact/Models/QueueSystem/FileTask.swift /Users/konrad/Library/Mobile\ Documents/com~apple~CloudDocs/XCode/ImageIntact/ImageIntact/Models/PreferencesManager.swift /Users/konrad/Library/Mobile\ Documents/com~apple~CloudDocs/XCode/ImageIntact/ImageIntact/Utilities/NotificationManager.swift /Users/konrad/Library/Mobile\ Documents/com~apple~CloudDocs/XCode/ImageIntact/ImageIntact/Views/MultiDestinationProgressSection.swift /Users/konrad/Library/Mobile\ Documents/com~apple~CloudDocs/XCode/ImageIntact/ImageIntact/Views/HelpView.swift /Users/konrad/Library/Mobile\ Documents/com~apple~CloudDocs/XCode/ImageIntact/ImageIntact/Protocols/DefaultChecksumCalculator.swift /Users/konrad/Library/Mobile\ Documents/com~apple~CloudDocs/XCode/ImageIntact/ImageIntact/ContentView.swift /Users/konrad/Library/Mobile\ Documents/com~apple~CloudDocs/XCode/ImageIntact/ImageIntact/Models/BackupManagerQueueIntegration.swift (in target 'ImageIntact' from project 'ImageIntact')
SwiftCompile normal arm64 /Users/konrad/Library/Mobile\ Documents/com~apple~CloudDocs/XCode/ImageIntact/ImageIntact/Models/QueueSystem/FileTask.swift (in target 'ImageIntact' from project 'ImageIntact')
    cd /Users/konrad/Library/Mobile\ Documents/com\~apple\~CloudDocs/XCode/ImageIntact
    

SwiftCompile normal arm64 /Users/konrad/Library/Mobile\ Documents/com~apple~CloudDocs/XCode/ImageIntact/ImageIntact/Models/PreferencesManager.swift (in target 'ImageIntact' from project 'ImageIntact')
    cd /Users/konrad/Library/Mobile\ Documents/com\~apple\~CloudDocs/XCode/ImageIntact
    

SwiftCompile normal arm64 /Users/konrad/Library/Mobile\ Documents/com~apple~CloudDocs/XCode/ImageIntact/ImageIntact/Utilities/NotificationManager.swift (in target 'ImageIntact' from project 'ImageIntact')
    cd /Users/konrad/Library/Mobile\ Documents/com\~apple\~CloudDocs/XCode/ImageIntact
    

SwiftCompile normal arm64 /Users/konrad/Library/Mobile\ Documents/com~apple~CloudDocs/XCode/ImageIntact/ImageIntact/Views/MultiDestinationProgressSection.swift (in target 'ImageIntact' from project 'ImageIntact')
    cd /Users/konrad/Library/Mobile\ Documents/com\~apple\~CloudDocs/XCode/ImageIntact
    

SwiftCompile normal arm64 /Users/konrad/Library/Mobile\ Documents/com~apple~CloudDocs/XCode/ImageIntact/ImageIntact/Views/HelpView.swift (in target 'ImageIntact' from project 'ImageIntact')
    cd /Users/konrad/Library/Mobile\ Documents/com\~apple\~CloudDocs/XCode/ImageIntact
    

SwiftCompile normal arm64 /Users/konrad/Library/Mobile\ Documents/com~apple~CloudDocs/XCode/ImageIntact/ImageIntact/Protocols/DefaultChecksumCalculator.swift (in target 'ImageIntact' from project 'ImageIntact')
    cd /Users/konrad/Library/Mobile\ Documents/com\~apple\~CloudDocs/XCode/ImageIntact
    

SwiftCompile normal arm64 /Users/konrad/Library/Mobile\ Documents/com~apple~CloudDocs/XCode/ImageIntact/ImageIntact/ContentView.swift (in target 'ImageIntact' from project 'ImageIntact')
    cd /Users/konrad/Library/Mobile\ Documents/com\~apple\~CloudDocs/XCode/ImageIntact
    

SwiftCompile normal arm64 /Users/konrad/Library/Mobile\ Documents/com~apple~CloudDocs/XCode/ImageIntact/ImageIntact/Models/BackupManagerQueueIntegration.swift (in target 'ImageIntact' from project 'ImageIntact')
    cd /Users/konrad/Library/Mobile\ Documents/com\~apple\~CloudDocs/XCode/ImageIntact
    

SwiftDriverJobDiscovery normal arm64 Compiling BackupSession+CoreDataClass.swift, BackupSession+CoreDataProperties.swift, DriveIdentity+CoreDataClass.swift, DriveIdentity+CoreDataProperties.swift, SourceDestinationMapping+CoreDataClass.swift, SourceDestinationMapping+CoreDataProperties.swift, ImageIntactEvents+CoreDataModel.swift, GeneratedAssetSymbols.swift (in target 'ImageIntact' from project 'ImageIntact')

SwiftDriver ImageIntactTests normal arm64 com.apple.xcode.tools.swift.compiler (in target 'ImageIntactTests' from project 'ImageIntact')
    cd /Users/konrad/Library/Mobile\ Documents/com\~apple\~CloudDocs/XCode/ImageIntact
    builtin-SwiftDriver -- /Applications/Xcode.app/Contents/Developer/Toolchains/XcodeDefault.xctoolchain/usr/bin/swiftc -module-name ImageIntactTests -Onone -enforce-exclusivity\=checked @/Users/konrad/Library/Developer/Xcode/DerivedData/ImageIntact-bhmsucagebmynrdqgnmudwywfvam/Build/Intermediates.noindex/ImageIntact.build/Debug/ImageIntactTests.build/Objects-normal/arm64/ImageIntactTests.SwiftFileList -DDEBUG -plugin-path /Applications/Xcode.app/Contents/Developer/Toolchains/XcodeDefault.xctoolchain/usr/lib/swift/host/plugins/testing -enable-bare-slash-regex -enable-experimental-feature DebugDescriptionMacro -sdk /Applications/Xcode.app/Contents/Developer/Platforms/MacOSX.platform/Developer/SDKs/MacOSX15.5.sdk -target arm64-apple-macos14.0 -g -module-cache-path /Users/konrad/Library/Developer/Xcode/DerivedData/ModuleCache.noindex -Xfrontend -serialize-debugging-options -profile-coverage-mapping -profile-generate -enable-testing -index-store-path /Users/konrad/Library/Developer/Xcode/DerivedData/ImageIntact-bhmsucagebmynrdqgnmudwywfvam/Index.noindex/DataStore -swift-version 5 -I /Users/konrad/Library/Developer/Xcode/DerivedData/ImageIntact-bhmsucagebmynrdqgnmudwywfvam/Build/Products/Debug -I /Applications/Xcode.app/Contents/Developer/Platforms/MacOSX.platform/Developer/usr/lib -F /Users/konrad/Library/Developer/Xcode/DerivedData/ImageIntact-bhmsucagebmynrdqgnmudwywfvam/Build/Products/Debug -F /Applications/Xcode.app/Contents/Developer/Platforms/MacOSX.platform/Developer/Library/Frameworks -c -j12 -enable-batch-mode -incremental -Xcc -ivfsstatcache -Xcc /Users/konrad/Library/Developer/Xcode/DerivedData/SDKStatCaches.noindex/macosx15.5-24F74-8254517eb8b97d462ccbc072ba9094c9.sdkstatcache -output-file-map /Users/konrad/Library/Developer/Xcode/DerivedData/ImageIntact-bhmsucagebmynrdqgnmudwywfvam/Build/Intermediates.noindex/ImageIntact.build/Debug/ImageIntactTests.build/Objects-normal/arm64/ImageIntactTests-OutputFileMap.json -use-frontend-parseable-output -save-temps -no-color-diagnostics -serialize-diagnostics -emit-dependencies -emit-module -emit-module-path /Users/konrad/Library/Developer/Xcode/DerivedData/ImageIntact-bhmsucagebmynrdqgnmudwywfvam/Build/Intermediates.noindex/ImageIntact.build/Debug/ImageIntactTests.build/Objects-normal/arm64/ImageIntactTests.swiftmodule -validate-clang-modules-once -clang-build-session-file /Users/konrad/Library/Developer/Xcode/DerivedData/ModuleCache.noindex/Session.modulevalidation -Xcc -I/Users/konrad/Library/Developer/Xcode/DerivedData/ImageIntact-bhmsucagebmynrdqgnmudwywfvam/Build/Intermediates.noindex/ImageIntact.build/Debug/ImageIntactTests.build/swift-overrides.hmap -emit-const-values -Xfrontend -const-gather-protocols-file -Xfrontend /Users/konrad/Library/Developer/Xcode/DerivedData/ImageIntact-bhmsucagebmynrdqgnmudwywfvam/Build/Intermediates.noindex/ImageIntact.build/Debug/ImageIntactTests.build/Objects-normal/arm64/ImageIntactTests_const_extract_protocols.json -Xcc -iquote -Xcc /Users/konrad/Library/Developer/Xcode/DerivedData/ImageIntact-bhmsucagebmynrdqgnmudwywfvam/Build/Intermediates.noindex/ImageIntact.build/Debug/ImageIntactTests.build/ImageIntactTests-generated-files.hmap -Xcc -I/Users/konrad/Library/Developer/Xcode/DerivedData/ImageIntact-bhmsucagebmynrdqgnmudwywfvam/Build/Intermediates.noindex/ImageIntact.build/Debug/ImageIntactTests.build/ImageIntactTests-own-target-headers.hmap -Xcc -I/Users/konrad/Library/Developer/Xcode/DerivedData/ImageIntact-bhmsucagebmynrdqgnmudwywfvam/Build/Intermediates.noindex/ImageIntact.build/Debug/ImageIntactTests.build/ImageIntactTests-all-target-headers.hmap -Xcc -iquote -Xcc /Users/konrad/Library/Developer/Xcode/DerivedData/ImageIntact-bhmsucagebmynrdqgnmudwywfvam/Build/Intermediates.noindex/ImageIntact.build/Debug/ImageIntactTests.build/ImageIntactTests-project-headers.hmap -Xcc -I/Users/konrad/Library/Developer/Xcode/DerivedData/ImageIntact-bhmsucagebmynrdqgnmudwywfvam/Build/Products/Debug/include -Xcc -I/Users/konrad/Library/Developer/Xcode/DerivedData/ImageIntact-bhmsucagebmynrdqgnmudwywfvam/Build/Intermediates.noindex/ImageIntact.build/Debug/ImageIntactTests.build/DerivedSources-normal/arm64 -Xcc -I/Users/konrad/Library/Developer/Xcode/DerivedData/ImageIntact-bhmsucagebmynrdqgnmudwywfvam/Build/Intermediates.noindex/ImageIntact.build/Debug/ImageIntactTests.build/DerivedSources/arm64 -Xcc -I/Users/konrad/Library/Developer/Xcode/DerivedData/ImageIntact-bhmsucagebmynrdqgnmudwywfvam/Build/Intermediates.noindex/ImageIntact.build/Debug/ImageIntactTests.build/DerivedSources -Xcc -DDEBUG\=1 -emit-objc-header -emit-objc-header-path /Users/konrad/Library/Developer/Xcode/DerivedData/ImageIntact-bhmsucagebmynrdqgnmudwywfvam/Build/Intermediates.noindex/ImageIntact.build/Debug/ImageIntactTests.build/Objects-normal/arm64/ImageIntactTests-Swift.h -working-directory /Users/konrad/Library/Mobile\ Documents/com\~apple\~CloudDocs/XCode/ImageIntact -experimental-emit-module-separately -disable-cmo

SwiftEmitModule normal arm64 Emitting\ module\ for\ ImageIntactTests (in target 'ImageIntactTests' from project 'ImageIntact')

EmitSwiftModule normal arm64 (in target 'ImageIntactTests' from project 'ImageIntact')
    cd /Users/konrad/Library/Mobile\ Documents/com\~apple\~CloudDocs/XCode/ImageIntact
    

SwiftCompile normal arm64 Compiling\ PresetManagementTests.swift,\ SecurityEnhancementTests.swift,\ UTIFileTypeDetectorTests.swift,\ ManifestBuilderFilterTests.swift /Users/konrad/Library/Mobile\ Documents/com~apple~CloudDocs/XCode/ImageIntact/ImageIntactTests/PresetManagementTests.swift /Users/konrad/Library/Mobile\ Documents/com~apple~CloudDocs/XCode/ImageIntact/ImageIntactTests/SecurityEnhancementTests.swift /Users/konrad/Library/Mobile\ Documents/com~apple~CloudDocs/XCode/ImageIntact/ImageIntactTests/UTIFileTypeDetectorTests.swift /Users/konrad/Library/Mobile\ Documents/com~apple~CloudDocs/XCode/ImageIntact/ImageIntactTests/ManifestBuilderFilterTests.swift (in target 'ImageIntactTests' from project 'ImageIntact')

SwiftCompile normal arm64 /Users/konrad/Library/Mobile\ Documents/com~apple~CloudDocs/XCode/ImageIntact/ImageIntactTests/PresetManagementTests.swift (in target 'ImageIntactTests' from project 'ImageIntact')
    cd /Users/konrad/Library/Mobile\ Documents/com\~apple\~CloudDocs/XCode/ImageIntact
    

SwiftCompile normal arm64 /Users/konrad/Library/Mobile\ Documents/com~apple~CloudDocs/XCode/ImageIntact/ImageIntactTests/SecurityEnhancementTests.swift (in target 'ImageIntactTests' from project 'ImageIntact')
    cd /Users/konrad/Library/Mobile\ Documents/com\~apple\~CloudDocs/XCode/ImageIntact
    

SwiftCompile normal arm64 /Users/konrad/Library/Mobile\ Documents/com~apple~CloudDocs/XCode/ImageIntact/ImageIntactTests/UTIFileTypeDetectorTests.swift (in target 'ImageIntactTests' from project 'ImageIntact')
    cd /Users/konrad/Library/Mobile\ Documents/com\~apple\~CloudDocs/XCode/ImageIntact
    

SwiftCompile normal arm64 /Users/konrad/Library/Mobile\ Documents/com~apple~CloudDocs/XCode/ImageIntact/ImageIntactTests/ManifestBuilderFilterTests.swift (in target 'ImageIntactTests' from project 'ImageIntact')
    cd /Users/konrad/Library/Mobile\ Documents/com\~apple\~CloudDocs/XCode/ImageIntact
    

SwiftDriverJobDiscovery normal arm64 Compiling PrivacyExplanationView.swift, HashingProtocol.swift, GitHubUpdateProvider.swift, FileOperationsProtocol.swift, BackupStatistics.swift, ErrorClassifier.swift, BugReportView.swift, UIUpdateThrottler.swift (in target 'ImageIntact' from project 'ImageIntact')

SwiftCompile normal arm64 Compiling\ EventLoggerTests.swift,\ OptimizedChecksumPerformanceTests.swift,\ QueueBasedBackupTests.swift,\ StoreKitManagerTests.swift /Users/konrad/Library/Mobile\ Documents/com~apple~CloudDocs/XCode/ImageIntact/ImageIntactTests/EventLoggerTests.swift /Users/konrad/Library/Mobile\ Documents/com~apple~CloudDocs/XCode/ImageIntact/ImageIntactTests/OptimizedChecksumPerformanceTests.swift /Users/konrad/Library/Mobile\ Documents/com~apple~CloudDocs/XCode/ImageIntact/ImageIntactTests/QueueBasedBackupTests.swift /Users/konrad/Library/Mobile\ Documents/com~apple~CloudDocs/XCode/ImageIntact/ImageIntactTests/StoreKitManagerTests.swift (in target 'ImageIntactTests' from project 'ImageIntact')

SwiftCompile normal arm64 /Users/konrad/Library/Mobile\ Documents/com~apple~CloudDocs/XCode/ImageIntact/ImageIntactTests/EventLoggerTests.swift (in target 'ImageIntactTests' from project 'ImageIntact')
    cd /Users/konrad/Library/Mobile\ Documents/com\~apple\~CloudDocs/XCode/ImageIntact
    
/Users/konrad/Library/Mobile Documents/com~apple~CloudDocs/XCode/ImageIntact/ImageIntactTests/EventLoggerTests.swift:34:13: warning: immutable value 'session' was never used; consider replacing with '_' or removing it
        for session in sessions {
            ^~~~~~~
            _
/Users/konrad/Library/Mobile Documents/com~apple~CloudDocs/XCode/ImageIntact/ImageIntactTests/EventLoggerTests.swift:333:13: warning: initialization of immutable value 'sessionID1' was never used; consider replacing with assignment to '_' or removing it
        let sessionID1 = eventLogger.startSession(
        ~~~~^~~~~~~~~~
        _
/Users/konrad/Library/Mobile Documents/com~apple~CloudDocs/XCode/ImageIntact/ImageIntactTests/EventLoggerTests.swift:340:13: warning: initialization of immutable value 'sessionID2' was never used; consider replacing with assignment to '_' or removing it
        let sessionID2 = eventLogger.startSession(
        ~~~~^~~~~~~~~~
        _
/Users/konrad/Library/Mobile Documents/com~apple~CloudDocs/XCode/ImageIntact/ImageIntactTests/EventLoggerTests.swift:374:21: warning: result of call to 'startSession(sourceURL:fileCount:totalBytes:sessionID:)' is unused
        eventLogger.startSession(
                    ^           ~
/Users/konrad/Library/Mobile Documents/com~apple~CloudDocs/XCode/ImageIntact/ImageIntactTests/EventLoggerTests.swift:381:21: warning: result of call to 'startSession(sourceURL:fileCount:totalBytes:sessionID:)' is unused
        eventLogger.startSession(
                    ^           ~
/Users/konrad/Library/Mobile Documents/com~apple~CloudDocs/XCode/ImageIntact/ImageIntactTests/EventLoggerTests.swift:404:13: warning: initialization of immutable value 'sessionID' was never used; consider replacing with assignment to '_' or removing it
        let sessionID = eventLogger.startSession(
        ~~~~^~~~~~~~~
        _
/Users/konrad/Library/Mobile Documents/com~apple~CloudDocs/XCode/ImageIntact/ImageIntactTests/EventLoggerTests.swift:440:21: warning: result of call to 'startSession(sourceURL:fileCount:totalBytes:sessionID:)' is unused
        eventLogger.startSession(
                    ^           ~

SwiftCompile normal arm64 /Users/konrad/Library/Mobile\ Documents/com~apple~CloudDocs/XCode/ImageIntact/ImageIntactTests/OptimizedChecksumPerformanceTests.swift (in target 'ImageIntactTests' from project 'ImageIntact')
    cd /Users/konrad/Library/Mobile\ Documents/com\~apple\~CloudDocs/XCode/ImageIntact
    

SwiftCompile normal arm64 /Users/konrad/Library/Mobile\ Documents/com~apple~CloudDocs/XCode/ImageIntact/ImageIntactTests/QueueBasedBackupTests.swift (in target 'ImageIntactTests' from project 'ImageIntact')
    cd /Users/konrad/Library/Mobile\ Documents/com\~apple\~CloudDocs/XCode/ImageIntact
    

SwiftCompile normal arm64 /Users/konrad/Library/Mobile\ Documents/com~apple~CloudDocs/XCode/ImageIntact/ImageIntactTests/StoreKitManagerTests.swift (in target 'ImageIntactTests' from project 'ImageIntact')
    cd /Users/konrad/Library/Mobile\ Documents/com\~apple\~CloudDocs/XCode/ImageIntact
    
/Users/konrad/Library/Mobile Documents/com~apple~CloudDocs/XCode/ImageIntact/ImageIntactTests/StoreKitManagerTests.swift:130:21: warning: 'failTransactionsEnabled' was deprecated in macOS 14.0: No longer supported. Use simulatedError(forAPI:)
        testSession.failTransactionsEnabled = true
                    ^
/Users/konrad/Library/Mobile Documents/com~apple~CloudDocs/XCode/ImageIntact/ImageIntactTests/StoreKitManagerTests.swift:131:21: warning: 'failureError' was deprecated in macOS 14.0: No longer supported. Use simulatedError(forAPI:)
        testSession.failureError = .paymentCancelled
                    ^

SwiftDriverJobDiscovery normal arm64 Emitting module for ImageIntactTests (in target 'ImageIntactTests' from project 'ImageIntact')

SwiftDriver\ Compilation\ Requirements ImageIntactTests normal arm64 com.apple.xcode.tools.swift.compiler (in target 'ImageIntactTests' from project 'ImageIntact')
    cd /Users/konrad/Library/Mobile\ Documents/com\~apple\~CloudDocs/XCode/ImageIntact
    builtin-Swift-Compilation-Requirements -- /Applications/Xcode.app/Contents/Developer/Toolchains/XcodeDefault.xctoolchain/usr/bin/swiftc -module-name ImageIntactTests -Onone -enforce-exclusivity\=checked @/Users/konrad/Library/Developer/Xcode/DerivedData/ImageIntact-bhmsucagebmynrdqgnmudwywfvam/Build/Intermediates.noindex/ImageIntact.build/Debug/ImageIntactTests.build/Objects-normal/arm64/ImageIntactTests.SwiftFileList -DDEBUG -plugin-path /Applications/Xcode.app/Contents/Developer/Toolchains/XcodeDefault.xctoolchain/usr/lib/swift/host/plugins/testing -enable-bare-slash-regex -enable-experimental-feature DebugDescriptionMacro -sdk /Applications/Xcode.app/Contents/Developer/Platforms/MacOSX.platform/Developer/SDKs/MacOSX15.5.sdk -target arm64-apple-macos14.0 -g -module-cache-path /Users/konrad/Library/Developer/Xcode/DerivedData/ModuleCache.noindex -Xfrontend -serialize-debugging-options -profile-coverage-mapping -profile-generate -enable-testing -index-store-path /Users/konrad/Library/Developer/Xcode/DerivedData/ImageIntact-bhmsucagebmynrdqgnmudwywfvam/Index.noindex/DataStore -swift-version 5 -I /Users/konrad/Library/Developer/Xcode/DerivedData/ImageIntact-bhmsucagebmynrdqgnmudwywfvam/Build/Products/Debug -I /Applications/Xcode.app/Contents/Developer/Platforms/MacOSX.platform/Developer/usr/lib -F /Users/konrad/Library/Developer/Xcode/DerivedData/ImageIntact-bhmsucagebmynrdqgnmudwywfvam/Build/Products/Debug -F /Applications/Xcode.app/Contents/Developer/Platforms/MacOSX.platform/Developer/Library/Frameworks -c -j12 -enable-batch-mode -incremental -Xcc -ivfsstatcache -Xcc /Users/konrad/Library/Developer/Xcode/DerivedData/SDKStatCaches.noindex/macosx15.5-24F74-8254517eb8b97d462ccbc072ba9094c9.sdkstatcache -output-file-map /Users/konrad/Library/Developer/Xcode/DerivedData/ImageIntact-bhmsucagebmynrdqgnmudwywfvam/Build/Intermediates.noindex/ImageIntact.build/Debug/ImageIntactTests.build/Objects-normal/arm64/ImageIntactTests-OutputFileMap.json -use-frontend-parseable-output -save-temps -no-color-diagnostics -serialize-diagnostics -emit-dependencies -emit-module -emit-module-path /Users/konrad/Library/Developer/Xcode/DerivedData/ImageIntact-bhmsucagebmynrdqgnmudwywfvam/Build/Intermediates.noindex/ImageIntact.build/Debug/ImageIntactTests.build/Objects-normal/arm64/ImageIntactTests.swiftmodule -validate-clang-modules-once -clang-build-session-file /Users/konrad/Library/Developer/Xcode/DerivedData/ModuleCache.noindex/Session.modulevalidation -Xcc -I/Users/konrad/Library/Developer/Xcode/DerivedData/ImageIntact-bhmsucagebmynrdqgnmudwywfvam/Build/Intermediates.noindex/ImageIntact.build/Debug/ImageIntactTests.build/swift-overrides.hmap -emit-const-values -Xfrontend -const-gather-protocols-file -Xfrontend /Users/konrad/Library/Developer/Xcode/DerivedData/ImageIntact-bhmsucagebmynrdqgnmudwywfvam/Build/Intermediates.noindex/ImageIntact.build/Debug/ImageIntactTests.build/Objects-normal/arm64/ImageIntactTests_const_extract_protocols.json -Xcc -iquote -Xcc /Users/konrad/Library/Developer/Xcode/DerivedData/ImageIntact-bhmsucagebmynrdqgnmudwywfvam/Build/Intermediates.noindex/ImageIntact.build/Debug/ImageIntactTests.build/ImageIntactTests-generated-files.hmap -Xcc -I/Users/konrad/Library/Developer/Xcode/DerivedData/ImageIntact-bhmsucagebmynrdqgnmudwywfvam/Build/Intermediates.noindex/ImageIntact.build/Debug/ImageIntactTests.build/ImageIntactTests-own-target-headers.hmap -Xcc -I/Users/konrad/Library/Developer/Xcode/DerivedData/ImageIntact-bhmsucagebmynrdqgnmudwywfvam/Build/Intermediates.noindex/ImageIntact.build/Debug/ImageIntactTests.build/ImageIntactTests-all-target-headers.hmap -Xcc -iquote -Xcc /Users/konrad/Library/Developer/Xcode/DerivedData/ImageIntact-bhmsucagebmynrdqgnmudwywfvam/Build/Intermediates.noindex/ImageIntact.build/Debug/ImageIntactTests.build/ImageIntactTests-project-headers.hmap -Xcc -I/Users/konrad/Library/Developer/Xcode/DerivedData/ImageIntact-bhmsucagebmynrdqgnmudwywfvam/Build/Products/Debug/include -Xcc -I/Users/konrad/Library/Developer/Xcode/DerivedData/ImageIntact-bhmsucagebmynrdqgnmudwywfvam/Build/Intermediates.noindex/ImageIntact.build/Debug/ImageIntactTests.build/DerivedSources-normal/arm64 -Xcc -I/Users/konrad/Library/Developer/Xcode/DerivedData/ImageIntact-bhmsucagebmynrdqgnmudwywfvam/Build/Intermediates.noindex/ImageIntact.build/Debug/ImageIntactTests.build/DerivedSources/arm64 -Xcc -I/Users/konrad/Library/Developer/Xcode/DerivedData/ImageIntact-bhmsucagebmynrdqgnmudwywfvam/Build/Intermediates.noindex/ImageIntact.build/Debug/ImageIntactTests.build/DerivedSources -Xcc -DDEBUG\=1 -emit-objc-header -emit-objc-header-path /Users/konrad/Library/Developer/Xcode/DerivedData/ImageIntact-bhmsucagebmynrdqgnmudwywfvam/Build/Intermediates.noindex/ImageIntact.build/Debug/ImageIntactTests.build/Objects-normal/arm64/ImageIntactTests-Swift.h -working-directory /Users/konrad/Library/Mobile\ Documents/com\~apple\~CloudDocs/XCode/ImageIntact -experimental-emit-module-separately -disable-cmo

SwiftDriverJobDiscovery normal arm64 Compiling SimpleProgressSection.swift, NotificationProtocol.swift, ImageFileType.swift, ProgressTrackerProtocol.swift, DriveAnalyzer.swift, RetryHandler.swift, DestinationSection.swift, PremiumFeatureManager.swift (in target 'ImageIntact' from project 'ImageIntact')

SwiftCompile normal arm64 Compiling\ BackupCoordinatorTests.swift,\ BackupManagerMockTests.swift,\ DiskSpaceCheckerTests.swift,\ PreferencesTests.swift /Users/konrad/Library/Mobile\ Documents/com~apple~CloudDocs/XCode/ImageIntact/ImageIntactTests/QueueSystem/BackupCoordinatorTests.swift /Users/konrad/Library/Mobile\ Documents/com~apple~CloudDocs/XCode/ImageIntact/ImageIntactTests/BackupManagerMockTests.swift /Users/konrad/Library/Mobile\ Documents/com~apple~CloudDocs/XCode/ImageIntact/ImageIntactTests/DiskSpaceCheckerTests.swift /Users/konrad/Library/Mobile\ Documents/com~apple~CloudDocs/XCode/ImageIntact/ImageIntactTests/PreferencesTests.swift (in target 'ImageIntactTests' from project 'ImageIntact')

SwiftCompile normal arm64 /Users/konrad/Library/Mobile\ Documents/com~apple~CloudDocs/XCode/ImageIntact/ImageIntactTests/QueueSystem/BackupCoordinatorTests.swift (in target 'ImageIntactTests' from project 'ImageIntact')
    cd /Users/konrad/Library/Mobile\ Documents/com\~apple\~CloudDocs/XCode/ImageIntact
    
/Users/konrad/Library/Mobile Documents/com~apple~CloudDocs/XCode/ImageIntact/ImageIntactTests/QueueSystem/BackupCoordinatorTests.swift:84:9: warning: no 'async' operations occur within 'await' expression
        await coordinator.cancelBackup()
        ^
/Users/konrad/Library/Mobile Documents/com~apple~CloudDocs/XCode/ImageIntact/ImageIntactTests/QueueSystem/BackupCoordinatorTests.swift:127:9: warning: no 'async' operations occur within 'await' expression
        await coordinator.cancelBackup()
        ^
/Users/konrad/Library/Mobile Documents/com~apple~CloudDocs/XCode/ImageIntact/ImageIntactTests/QueueSystem/BackupCoordinatorTests.swift:155:9: warning: no 'async' operations occur within 'await' expression
        await coordinator.cancelBackup()
        ^
/Users/konrad/Library/Mobile Documents/com~apple~CloudDocs/XCode/ImageIntact/ImageIntactTests/QueueSystem/BackupCoordinatorTests.swift:191:9: warning: no 'async' operations occur within 'await' expression
        await coordinator.cancelBackup()
        ^
/Users/konrad/Library/Mobile Documents/com~apple~CloudDocs/XCode/ImageIntact/ImageIntactTests/QueueSystem/BackupCoordinatorTests.swift:229:9: warning: no 'async' operations occur within 'await' expression
        await coordinator.cancelBackup()
        ^
/Users/konrad/Library/Mobile Documents/com~apple~CloudDocs/XCode/ImageIntact/ImageIntactTests/QueueSystem/BackupCoordinatorTests.swift:252:9: warning: no 'async' operations occur within 'await' expression
        await coordinator.cancelBackup()
        ^
/Users/konrad/Library/Mobile Documents/com~apple~CloudDocs/XCode/ImageIntact/ImageIntactTests/QueueSystem/BackupCoordinatorTests.swift:303:9: warning: no 'async' operations occur within 'await' expression
        await coordinator.cancelBackup()
        ^
/Users/konrad/Library/Mobile Documents/com~apple~CloudDocs/XCode/ImageIntact/ImageIntactTests/QueueSystem/BackupCoordinatorTests.swift:338:9: warning: no 'async' operations occur within 'await' expression
        await coordinator.cancelBackup()
        ^

SwiftCompile normal arm64 /Users/konrad/Library/Mobile\ Documents/com~apple~CloudDocs/XCode/ImageIntact/ImageIntactTests/BackupManagerMockTests.swift (in target 'ImageIntactTests' from project 'ImageIntact')
    cd /Users/konrad/Library/Mobile\ Documents/com\~apple\~CloudDocs/XCode/ImageIntact
    
/Users/konrad/Library/Mobile Documents/com~apple~CloudDocs/XCode/ImageIntact/ImageIntactTests/BackupManagerMockTests.swift:21:25: warning: no 'async' operations occur within 'await' expression
        backupManager = await BackupManager(
                        ^

SwiftCompile normal arm64 /Users/konrad/Library/Mobile\ Documents/com~apple~CloudDocs/XCode/ImageIntact/ImageIntactTests/DiskSpaceCheckerTests.swift (in target 'ImageIntactTests' from project 'ImageIntact')
    cd /Users/konrad/Library/Mobile\ Documents/com\~apple\~CloudDocs/XCode/ImageIntact
    
/Users/konrad/Library/Mobile Documents/com~apple~CloudDocs/XCode/ImageIntact/ImageIntactTests/DiskSpaceCheckerTests.swift:63:13: warning: result of 'XCTSkip' initializer is unused
            XCTSkip("Cannot determine disk space for testing")
            ^      ~~~~~~~~~~~~~~~~~~~~~~~~~~~~~~~~~~~~~~~~~~~

SwiftCompile normal arm64 /Users/konrad/Library/Mobile\ Documents/com~apple~CloudDocs/XCode/ImageIntact/ImageIntactTests/PreferencesTests.swift (in target 'ImageIntactTests' from project 'ImageIntact')
    cd /Users/konrad/Library/Mobile\ Documents/com\~apple\~CloudDocs/XCode/ImageIntact
    

SwiftMergeGeneratedHeaders /Users/konrad/Library/Developer/Xcode/DerivedData/ImageIntact-bhmsucagebmynrdqgnmudwywfvam/Build/Intermediates.noindex/ImageIntact.build/Debug/ImageIntactTests.build/DerivedSources/ImageIntactTests-Swift.h /Users/konrad/Library/Developer/Xcode/DerivedData/ImageIntact-bhmsucagebmynrdqgnmudwywfvam/Build/Intermediates.noindex/ImageIntact.build/Debug/ImageIntactTests.build/Objects-normal/arm64/ImageIntactTests-Swift.h (in target 'ImageIntactTests' from project 'ImageIntact')
    cd /Users/konrad/Library/Mobile\ Documents/com\~apple\~CloudDocs/XCode/ImageIntact
    builtin-swiftHeaderTool -arch arm64 /Users/konrad/Library/Developer/Xcode/DerivedData/ImageIntact-bhmsucagebmynrdqgnmudwywfvam/Build/Intermediates.noindex/ImageIntact.build/Debug/ImageIntactTests.build/Objects-normal/arm64/ImageIntactTests-Swift.h -o /Users/konrad/Library/Developer/Xcode/DerivedData/ImageIntact-bhmsucagebmynrdqgnmudwywfvam/Build/Intermediates.noindex/ImageIntact.build/Debug/ImageIntactTests.build/DerivedSources/ImageIntactTests-Swift.h

SwiftDriverJobDiscovery normal arm64 Compiling FileSystemProtocol.swift, EventLoggerProtocol.swift, ImageIntactApp.swift, BackupProgressState.swift, BackupPresetView.swift, UTIFileTypeDetector.swift, SystemInfoEntity.swift, DestinationQueue.swift (in target 'ImageIntact' from project 'ImageIntact')

Copy /Users/konrad/Library/Developer/Xcode/DerivedData/ImageIntact-bhmsucagebmynrdqgnmudwywfvam/Build/Products/Debug/ImageIntactTests.swiftmodule/arm64-apple-macos.swiftmodule /Users/konrad/Library/Developer/Xcode/DerivedData/ImageIntact-bhmsucagebmynrdqgnmudwywfvam/Build/Intermediates.noindex/ImageIntact.build/Debug/ImageIntactTests.build/Objects-normal/arm64/ImageIntactTests.swiftmodule (in target 'ImageIntactTests' from project 'ImageIntact')
    cd /Users/konrad/Library/Mobile\ Documents/com\~apple\~CloudDocs/XCode/ImageIntact
    builtin-copy -exclude .DS_Store -exclude CVS -exclude .svn -exclude .git -exclude .hg -resolve-src-symlinks -rename /Users/konrad/Library/Developer/Xcode/DerivedData/ImageIntact-bhmsucagebmynrdqgnmudwywfvam/Build/Intermediates.noindex/ImageIntact.build/Debug/ImageIntactTests.build/Objects-normal/arm64/ImageIntactTests.swiftmodule /Users/konrad/Library/Developer/Xcode/DerivedData/ImageIntact-bhmsucagebmynrdqgnmudwywfvam/Build/Products/Debug/ImageIntactTests.swiftmodule/arm64-apple-macos.swiftmodule

Copy /Users/konrad/Library/Developer/Xcode/DerivedData/ImageIntact-bhmsucagebmynrdqgnmudwywfvam/Build/Products/Debug/ImageIntactTests.swiftmodule/arm64-apple-macos.swiftdoc /Users/konrad/Library/Developer/Xcode/DerivedData/ImageIntact-bhmsucagebmynrdqgnmudwywfvam/Build/Intermediates.noindex/ImageIntact.build/Debug/ImageIntactTests.build/Objects-normal/arm64/ImageIntactTests.swiftdoc (in target 'ImageIntactTests' from project 'ImageIntact')
    cd /Users/konrad/Library/Mobile\ Documents/com\~apple\~CloudDocs/XCode/ImageIntact
    builtin-copy -exclude .DS_Store -exclude CVS -exclude .svn -exclude .git -exclude .hg -resolve-src-symlinks -rename /Users/konrad/Library/Developer/Xcode/DerivedData/ImageIntact-bhmsucagebmynrdqgnmudwywfvam/Build/Intermediates.noindex/ImageIntact.build/Debug/ImageIntactTests.build/Objects-normal/arm64/ImageIntactTests.swiftdoc /Users/konrad/Library/Developer/Xcode/DerivedData/ImageIntact-bhmsucagebmynrdqgnmudwywfvam/Build/Products/Debug/ImageIntactTests.swiftmodule/arm64-apple-macos.swiftdoc

Copy /Users/konrad/Library/Developer/Xcode/DerivedData/ImageIntact-bhmsucagebmynrdqgnmudwywfvam/Build/Products/Debug/ImageIntactTests.swiftmodule/arm64-apple-macos.abi.json /Users/konrad/Library/Developer/Xcode/DerivedData/ImageIntact-bhmsucagebmynrdqgnmudwywfvam/Build/Intermediates.noindex/ImageIntact.build/Debug/ImageIntactTests.build/Objects-normal/arm64/ImageIntactTests.abi.json (in target 'ImageIntactTests' from project 'ImageIntact')
    cd /Users/konrad/Library/Mobile\ Documents/com\~apple\~CloudDocs/XCode/ImageIntact
    builtin-copy -exclude .DS_Store -exclude CVS -exclude .svn -exclude .git -exclude .hg -resolve-src-symlinks -rename /Users/konrad/Library/Developer/Xcode/DerivedData/ImageIntact-bhmsucagebmynrdqgnmudwywfvam/Build/Intermediates.noindex/ImageIntact.build/Debug/ImageIntactTests.build/Objects-normal/arm64/ImageIntactTests.abi.json /Users/konrad/Library/Developer/Xcode/DerivedData/ImageIntact-bhmsucagebmynrdqgnmudwywfvam/Build/Products/Debug/ImageIntactTests.swiftmodule/arm64-apple-macos.abi.json

Copy /Users/konrad/Library/Developer/Xcode/DerivedData/ImageIntact-bhmsucagebmynrdqgnmudwywfvam/Build/Products/Debug/ImageIntactTests.swiftmodule/Project/arm64-apple-macos.swiftsourceinfo /Users/konrad/Library/Developer/Xcode/DerivedData/ImageIntact-bhmsucagebmynrdqgnmudwywfvam/Build/Intermediates.noindex/ImageIntact.build/Debug/ImageIntactTests.build/Objects-normal/arm64/ImageIntactTests.swiftsourceinfo (in target 'ImageIntactTests' from project 'ImageIntact')
    cd /Users/konrad/Library/Mobile\ Documents/com\~apple\~CloudDocs/XCode/ImageIntact
    builtin-copy -exclude .DS_Store -exclude CVS -exclude .svn -exclude .git -exclude .hg -resolve-src-symlinks -rename /Users/konrad/Library/Developer/Xcode/DerivedData/ImageIntact-bhmsucagebmynrdqgnmudwywfvam/Build/Intermediates.noindex/ImageIntact.build/Debug/ImageIntactTests.build/Objects-normal/arm64/ImageIntactTests.swiftsourceinfo /Users/konrad/Library/Developer/Xcode/DerivedData/ImageIntact-bhmsucagebmynrdqgnmudwywfvam/Build/Products/Debug/ImageIntactTests.swiftmodule/Project/arm64-apple-macos.swiftsourceinfo

SwiftDriverJobDiscovery normal arm64 Compiling SystemCapabilities.swift, BatchFileProcessor.swift, NetworkRetryHelper.swift, DiskSpaceChecker.swift, FileTypeFilter.swift, EventLogger.swift, DuplicateWarningView.swift, CancellableFileOperations.swift, AppStoreUpdateProvider.swift (in target 'ImageIntact' from project 'ImageIntact')

SwiftCompile normal arm64 Compiling\ FileTypeFilterTests.swift,\ MockFileOperations.swift,\ StateRecorder.swift,\ ChecksumPerformanceTests.swift /Users/konrad/Library/Mobile\ Documents/com~apple~CloudDocs/XCode/ImageIntact/ImageIntactTests/FileTypeFilterTests.swift /Users/konrad/Library/Mobile\ Documents/com~apple~CloudDocs/XCode/ImageIntact/ImageIntactTests/Mocks/MockFileOperations.swift /Users/konrad/Library/Mobile\ Documents/com~apple~CloudDocs/XCode/ImageIntact/ImageIntactTests/TestInfrastructure/StateRecorder.swift /Users/konrad/Library/Mobile\ Documents/com~apple~CloudDocs/XCode/ImageIntact/ImageIntactTests/ChecksumPerformanceTests.swift (in target 'ImageIntactTests' from project 'ImageIntact')

SwiftCompile normal arm64 /Users/konrad/Library/Mobile\ Documents/com~apple~CloudDocs/XCode/ImageIntact/ImageIntactTests/FileTypeFilterTests.swift (in target 'ImageIntactTests' from project 'ImageIntact')
    cd /Users/konrad/Library/Mobile\ Documents/com\~apple\~CloudDocs/XCode/ImageIntact
    

SwiftCompile normal arm64 /Users/konrad/Library/Mobile\ Documents/com~apple~CloudDocs/XCode/ImageIntact/ImageIntactTests/Mocks/MockFileOperations.swift (in target 'ImageIntactTests' from project 'ImageIntact')
    cd /Users/konrad/Library/Mobile\ Documents/com\~apple\~CloudDocs/XCode/ImageIntact
    

SwiftCompile normal arm64 /Users/konrad/Library/Mobile\ Documents/com~apple~CloudDocs/XCode/ImageIntact/ImageIntactTests/TestInfrastructure/StateRecorder.swift (in target 'ImageIntactTests' from project 'ImageIntact')
    cd /Users/konrad/Library/Mobile\ Documents/com\~apple\~CloudDocs/XCode/ImageIntact
    

SwiftCompile normal arm64 /Users/konrad/Library/Mobile\ Documents/com~apple~CloudDocs/XCode/ImageIntact/ImageIntactTests/ChecksumPerformanceTests.swift (in target 'ImageIntactTests' from project 'ImageIntact')
    cd /Users/konrad/Library/Mobile\ Documents/com\~apple\~CloudDocs/XCode/ImageIntact
    
/Users/konrad/Library/Mobile Documents/com~apple~CloudDocs/XCode/ImageIntact/ImageIntactTests/ChecksumPerformanceTests.swift:37:13: warning: initialization of immutable value 'chunkSize' was never used; consider replacing with assignment to '_' or removing it
        let chunkSize = 1024 * 1024 // 1MB chunks
        ~~~~^~~~~~~~~
        _

SwiftCompile normal arm64 Compiling\ RealBackupManagerTests.swift,\ UIStateTests.swift,\ ImageIntactTests.swift,\ BackupIntegrationTests.swift /Users/konrad/Library/Mobile\ Documents/com~apple~CloudDocs/XCode/ImageIntact/ImageIntactTests/RealBackupManagerTests.swift /Users/konrad/Library/Mobile\ Documents/com~apple~CloudDocs/XCode/ImageIntact/ImageIntactTests/UIStateTests.swift /Users/konrad/Library/Mobile\ Documents/com~apple~CloudDocs/XCode/ImageIntact/ImageIntactTests/ImageIntactTests.swift /Users/konrad/Library/Mobile\ Documents/com~apple~CloudDocs/XCode/ImageIntact/ImageIntactTests/BackupIntegrationTests.swift (in target 'ImageIntactTests' from project 'ImageIntact')

SwiftCompile normal arm64 /Users/konrad/Library/Mobile\ Documents/com~apple~CloudDocs/XCode/ImageIntact/ImageIntactTests/RealBackupManagerTests.swift (in target 'ImageIntactTests' from project 'ImageIntact')
    cd /Users/konrad/Library/Mobile\ Documents/com\~apple\~CloudDocs/XCode/ImageIntact
    

SwiftCompile normal arm64 /Users/konrad/Library/Mobile\ Documents/com~apple~CloudDocs/XCode/ImageIntact/ImageIntactTests/UIStateTests.swift (in target 'ImageIntactTests' from project 'ImageIntact')
    cd /Users/konrad/Library/Mobile\ Documents/com\~apple\~CloudDocs/XCode/ImageIntact
    

SwiftCompile normal arm64 /Users/konrad/Library/Mobile\ Documents/com~apple~CloudDocs/XCode/ImageIntact/ImageIntactTests/ImageIntactTests.swift (in target 'ImageIntactTests' from project 'ImageIntact')
    cd /Users/konrad/Library/Mobile\ Documents/com\~apple\~CloudDocs/XCode/ImageIntact
    

SwiftCompile normal arm64 /Users/konrad/Library/Mobile\ Documents/com~apple~CloudDocs/XCode/ImageIntact/ImageIntactTests/BackupIntegrationTests.swift (in target 'ImageIntactTests' from project 'ImageIntact')
    cd /Users/konrad/Library/Mobile\ Documents/com\~apple\~CloudDocs/XCode/ImageIntact
    

SwiftDriverJobDiscovery normal arm64 Compiling PresetManagementTests.swift, SecurityEnhancementTests.swift, UTIFileTypeDetectorTests.swift, ManifestBuilderFilterTests.swift (in target 'ImageIntactTests' from project 'ImageIntact')

SwiftCompile normal arm64 Compiling\ EntitlementDocumentationTests.swift,\ NativeChecksumTests.swift,\ PresetTests.swift,\ SimpleConcurrencyTest.swift /Users/konrad/Library/Mobile\ Documents/com~apple~CloudDocs/XCode/ImageIntact/ImageIntactTests/EntitlementDocumentationTests.swift /Users/konrad/Library/Mobile\ Documents/com~apple~CloudDocs/XCode/ImageIntact/ImageIntactTests/NativeChecksumTests.swift /Users/konrad/Library/Mobile\ Documents/com~apple~CloudDocs/XCode/ImageIntact/ImageIntactTests/PresetTests.swift /Users/konrad/Library/Mobile\ Documents/com~apple~CloudDocs/XCode/ImageIntact/ImageIntactTests/SimpleConcurrencyTest.swift (in target 'ImageIntactTests' from project 'ImageIntact')

SwiftCompile normal arm64 /Users/konrad/Library/Mobile\ Documents/com~apple~CloudDocs/XCode/ImageIntact/ImageIntactTests/EntitlementDocumentationTests.swift (in target 'ImageIntactTests' from project 'ImageIntact')
    cd /Users/konrad/Library/Mobile\ Documents/com\~apple\~CloudDocs/XCode/ImageIntact
    

SwiftCompile normal arm64 /Users/konrad/Library/Mobile\ Documents/com~apple~CloudDocs/XCode/ImageIntact/ImageIntactTests/NativeChecksumTests.swift (in target 'ImageIntactTests' from project 'ImageIntact')
    cd /Users/konrad/Library/Mobile\ Documents/com\~apple\~CloudDocs/XCode/ImageIntact
    

SwiftCompile normal arm64 /Users/konrad/Library/Mobile\ Documents/com~apple~CloudDocs/XCode/ImageIntact/ImageIntactTests/PresetTests.swift (in target 'ImageIntactTests' from project 'ImageIntact')
    cd /Users/konrad/Library/Mobile\ Documents/com\~apple\~CloudDocs/XCode/ImageIntact
    
/Users/konrad/Library/Mobile Documents/com~apple~CloudDocs/XCode/ImageIntact/ImageIntactTests/PresetTests.swift:177:13: warning: initialization of immutable value 'matchingPreset' was never used; consider replacing with assignment to '_' or removing it
        let matchingPreset = BackupPreset(
        ~~~~^~~~~~~~~~~~~~
        _

SwiftCompile normal arm64 /Users/konrad/Library/Mobile\ Documents/com~apple~CloudDocs/XCode/ImageIntact/ImageIntactTests/SimpleConcurrencyTest.swift (in target 'ImageIntactTests' from project 'ImageIntact')
    cd /Users/konrad/Library/Mobile\ Documents/com\~apple\~CloudDocs/XCode/ImageIntact
    

SwiftCompile normal arm64 Compiling\ MockChecksumCalculator.swift,\ MockBackupManager.swift,\ BackupStatisticsTests.swift,\ ErrorHandlingTests.swift /Users/konrad/Library/Mobile\ Documents/com~apple~CloudDocs/XCode/ImageIntact/ImageIntactTests/Mocks/MockChecksumCalculator.swift /Users/konrad/Library/Mobile\ Documents/com~apple~CloudDocs/XCode/ImageIntact/ImageIntactTests/TestInfrastructure/MockBackupManager.swift /Users/konrad/Library/Mobile\ Documents/com~apple~CloudDocs/XCode/ImageIntact/ImageIntactTests/BackupStatisticsTests.swift /Users/konrad/Library/Mobile\ Documents/com~apple~CloudDocs/XCode/ImageIntact/ImageIntactTests/ErrorHandlingTests.swift (in target 'ImageIntactTests' from project 'ImageIntact')

SwiftCompile normal arm64 /Users/konrad/Library/Mobile\ Documents/com~apple~CloudDocs/XCode/ImageIntact/ImageIntactTests/Mocks/MockChecksumCalculator.swift (in target 'ImageIntactTests' from project 'ImageIntact')
    cd /Users/konrad/Library/Mobile\ Documents/com\~apple\~CloudDocs/XCode/ImageIntact
    

SwiftCompile normal arm64 /Users/konrad/Library/Mobile\ Documents/com~apple~CloudDocs/XCode/ImageIntact/ImageIntactTests/TestInfrastructure/MockBackupManager.swift (in target 'ImageIntactTests' from project 'ImageIntact')
    cd /Users/konrad/Library/Mobile\ Documents/com\~apple\~CloudDocs/XCode/ImageIntact
    

SwiftCompile normal arm64 /Users/konrad/Library/Mobile\ Documents/com~apple~CloudDocs/XCode/ImageIntact/ImageIntactTests/BackupStatisticsTests.swift (in target 'ImageIntactTests' from project 'ImageIntact')
    cd /Users/konrad/Library/Mobile\ Documents/com\~apple\~CloudDocs/XCode/ImageIntact
    

SwiftCompile normal arm64 /Users/konrad/Library/Mobile\ Documents/com~apple~CloudDocs/XCode/ImageIntact/ImageIntactTests/ErrorHandlingTests.swift (in target 'ImageIntactTests' from project 'ImageIntact')
    cd /Users/konrad/Library/Mobile\ Documents/com\~apple\~CloudDocs/XCode/ImageIntact
    

SwiftDriverJobDiscovery normal arm64 Compiling EventLoggerTests.swift, OptimizedChecksumPerformanceTests.swift, QueueBasedBackupTests.swift, StoreKitManagerTests.swift (in target 'ImageIntactTests' from project 'ImageIntact')

SwiftCompile normal arm64 Compiling\ ImageFileTypeTests.swift,\ MockProgressTracker.swift,\ TestDataGenerator.swift,\ ConcurrencyStressTests.swift /Users/konrad/Library/Mobile\ Documents/com~apple~CloudDocs/XCode/ImageIntact/ImageIntactTests/ImageFileTypeTests.swift /Users/konrad/Library/Mobile\ Documents/com~apple~CloudDocs/XCode/ImageIntact/ImageIntactTests/Mocks/MockProgressTracker.swift /Users/konrad/Library/Mobile\ Documents/com~apple~CloudDocs/XCode/ImageIntact/ImageIntactTests/TestInfrastructure/TestDataGenerator.swift /Users/konrad/Library/Mobile\ Documents/com~apple~CloudDocs/XCode/ImageIntact/ImageIntactTests/ConcurrencyStressTests.swift (in target 'ImageIntactTests' from project 'ImageIntact')

SwiftCompile normal arm64 /Users/konrad/Library/Mobile\ Documents/com~apple~CloudDocs/XCode/ImageIntact/ImageIntactTests/ImageFileTypeTests.swift (in target 'ImageIntactTests' from project 'ImageIntact')
    cd /Users/konrad/Library/Mobile\ Documents/com\~apple\~CloudDocs/XCode/ImageIntact
    

SwiftCompile normal arm64 /Users/konrad/Library/Mobile\ Documents/com~apple~CloudDocs/XCode/ImageIntact/ImageIntactTests/Mocks/MockProgressTracker.swift (in target 'ImageIntactTests' from project 'ImageIntact')
    cd /Users/konrad/Library/Mobile\ Documents/com\~apple\~CloudDocs/XCode/ImageIntact
    

SwiftCompile normal arm64 /Users/konrad/Library/Mobile\ Documents/com~apple~CloudDocs/XCode/ImageIntact/ImageIntactTests/TestInfrastructure/TestDataGenerator.swift (in target 'ImageIntactTests' from project 'ImageIntact')
    cd /Users/konrad/Library/Mobile\ Documents/com\~apple\~CloudDocs/XCode/ImageIntact
    

SwiftCompile normal arm64 /Users/konrad/Library/Mobile\ Documents/com~apple~CloudDocs/XCode/ImageIntact/ImageIntactTests/ConcurrencyStressTests.swift (in target 'ImageIntactTests' from project 'ImageIntact')
    cd /Users/konrad/Library/Mobile\ Documents/com\~apple\~CloudDocs/XCode/ImageIntact
    

SwiftDriverJobDiscovery normal arm64 Compiling DuplicateDetectorProtocol.swift, BackupOrchestrator.swift, UpdateStatusSheet.swift, BackupCoordinator.swift, ManifestBuilder.swift, DuplicateDetector.swift, BatchEventLogger.swift, DriveStatusView.swift, ApplicationLogger.swift (in target 'ImageIntact' from project 'ImageIntact')

SwiftCompile normal arm64 Compiling\ NotificationTests.swift,\ ProtocolIntegrationTests.swift,\ SleepPreventionTests.swift,\ BackupOrganizationTests.swift /Users/konrad/Library/Mobile\ Documents/com~apple~CloudDocs/XCode/ImageIntact/ImageIntactTests/NotificationTests.swift /Users/konrad/Library/Mobile\ Documents/com~apple~CloudDocs/XCode/ImageIntact/ImageIntactTests/ProtocolIntegrationTests.swift /Users/konrad/Library/Mobile\ Documents/com~apple~CloudDocs/XCode/ImageIntact/ImageIntactTests/SleepPreventionTests.swift /Users/konrad/Library/Mobile\ Documents/com~apple~CloudDocs/XCode/ImageIntact/ImageIntactTests/BackupOrganizationTests.swift (in target 'ImageIntactTests' from project 'ImageIntact')

SwiftCompile normal arm64 /Users/konrad/Library/Mobile\ Documents/com~apple~CloudDocs/XCode/ImageIntact/ImageIntactTests/NotificationTests.swift (in target 'ImageIntactTests' from project 'ImageIntact')
    cd /Users/konrad/Library/Mobile\ Documents/com\~apple\~CloudDocs/XCode/ImageIntact
    

SwiftCompile normal arm64 /Users/konrad/Library/Mobile\ Documents/com~apple~CloudDocs/XCode/ImageIntact/ImageIntactTests/ProtocolIntegrationTests.swift (in target 'ImageIntactTests' from project 'ImageIntact')
    cd /Users/konrad/Library/Mobile\ Documents/com\~apple\~CloudDocs/XCode/ImageIntact
    

SwiftCompile normal arm64 /Users/konrad/Library/Mobile\ Documents/com~apple~CloudDocs/XCode/ImageIntact/ImageIntactTests/SleepPreventionTests.swift (in target 'ImageIntactTests' from project 'ImageIntact')
    cd /Users/konrad/Library/Mobile\ Documents/com\~apple\~CloudDocs/XCode/ImageIntact
    

SwiftCompile normal arm64 /Users/konrad/Library/Mobile\ Documents/com~apple~CloudDocs/XCode/ImageIntact/ImageIntactTests/BackupOrganizationTests.swift (in target 'ImageIntactTests' from project 'ImageIntact')
    cd /Users/konrad/Library/Mobile\ Documents/com\~apple\~CloudDocs/XCode/ImageIntact
    
/Users/konrad/Library/Mobile Documents/com~apple~CloudDocs/XCode/ImageIntact/ImageIntactTests/BackupOrganizationTests.swift:13:25: warning: no 'async' operations occur within 'await' expression
        backupManager = await BackupManager()
                        ^
/Users/konrad/Library/Mobile Documents/com~apple~CloudDocs/XCode/ImageIntact/ImageIntactTests/BackupOrganizationTests.swift:127:13: warning: initialization of immutable value 'expectedPath' was never used; consider replacing with assignment to '_' or removing it
        let expectedPath = tempDestination
        ~~~~^~~~~~~~~~~~
        _
/Users/konrad/Library/Mobile Documents/com~apple~CloudDocs/XCode/ImageIntact/ImageIntactTests/BackupOrganizationTests.swift:155:13: warning: initialization of immutable value 'expectedPreview' was never used; consider replacing with assignment to '_' or removing it
        let expectedPreview = "\(tempDestination.lastPathComponent)/MyBackup/"
        ~~~~^~~~~~~~~~~~~~~
        _
/Users/konrad/Library/Mobile Documents/com~apple~CloudDocs/XCode/ImageIntact/ImageIntactTests/BackupOrganizationTests.swift:197:13: warning: initialization of immutable value 'expectedFile1' was never used; consider replacing with assignment to '_' or removing it
        let expectedFile1 = organizedDir.appendingPathComponent("photo1.jpg")
        ~~~~^~~~~~~~~~~~~
        _
/Users/konrad/Library/Mobile Documents/com~apple~CloudDocs/XCode/ImageIntact/ImageIntactTests/BackupOrganizationTests.swift:198:13: warning: initialization of immutable value 'expectedFile2' was never used; consider replacing with assignment to '_' or removing it
        let expectedFile2 = organizedDir.appendingPathComponent("photo2.jpg")
        ~~~~^~~~~~~~~~~~~
        _

SwiftDriverJobDiscovery normal arm64 Compiling SMARTMonitor.swift, SleepPrevention.swift, PresetSelectionSheet.swift, DriveAnalyzerProtocol.swift, ErrorHandlingProtocol.swift, BackupPreset.swift, BackupConfigurationView.swift, UpdateProtocol.swift, WelcomeView.swift (in target 'ImageIntact' from project 'ImageIntact')

SwiftCompile normal arm64 Compiling\ CoreDataBatchTests.swift,\ PIISanitizationTests.swift,\ QueueSystemTests.swift,\ UIStateManagementTests.swift /Users/konrad/Library/Mobile\ Documents/com~apple~CloudDocs/XCode/ImageIntact/ImageIntactTests/CoreDataBatchTests.swift /Users/konrad/Library/Mobile\ Documents/com~apple~CloudDocs/XCode/ImageIntact/ImageIntactTests/PIISanitizationTests.swift /Users/konrad/Library/Mobile\ Documents/com~apple~CloudDocs/XCode/ImageIntact/ImageIntactTests/QueueSystemTests.swift /Users/konrad/Library/Mobile\ Documents/com~apple~CloudDocs/XCode/ImageIntact/ImageIntactTests/UIStateManagementTests.swift (in target 'ImageIntactTests' from project 'ImageIntact')

SwiftCompile normal arm64 /Users/konrad/Library/Mobile\ Documents/com~apple~CloudDocs/XCode/ImageIntact/ImageIntactTests/CoreDataBatchTests.swift (in target 'ImageIntactTests' from project 'ImageIntact')
    cd /Users/konrad/Library/Mobile\ Documents/com\~apple\~CloudDocs/XCode/ImageIntact
    
/Users/konrad/Library/Mobile Documents/com~apple~CloudDocs/XCode/ImageIntact/ImageIntactTests/CoreDataBatchTests.swift:70:17: warning: initialization of immutable value 'sessionID' was never used; consider replacing with assignment to '_' or removing it
            let sessionID = logger.startSession(sourceURL: sourceURL, fileCount: 200, totalBytes: 200_000_000)
            ~~~~^~~~~~~~~
            _

SwiftCompile normal arm64 /Users/konrad/Library/Mobile\ Documents/com~apple~CloudDocs/XCode/ImageIntact/ImageIntactTests/PIISanitizationTests.swift (in target 'ImageIntactTests' from project 'ImageIntact')
    cd /Users/konrad/Library/Mobile\ Documents/com\~apple\~CloudDocs/XCode/ImageIntact
    

SwiftCompile normal arm64 /Users/konrad/Library/Mobile\ Documents/com~apple~CloudDocs/XCode/ImageIntact/ImageIntactTests/QueueSystemTests.swift (in target 'ImageIntactTests' from project 'ImageIntact')
    cd /Users/konrad/Library/Mobile\ Documents/com\~apple\~CloudDocs/XCode/ImageIntact
    

SwiftCompile normal arm64 /Users/konrad/Library/Mobile\ Documents/com~apple~CloudDocs/XCode/ImageIntact/ImageIntactTests/UIStateManagementTests.swift (in target 'ImageIntactTests' from project 'ImageIntact')
    cd /Users/konrad/Library/Mobile\ Documents/com\~apple\~CloudDocs/XCode/ImageIntact
    

SwiftDriverJobDiscovery normal arm64 Compiling ThroughputMonitor.swift, ResourceManager.swift, PIISanitizer.swift, PreferencesView.swift, ManagePresetsSheet.swift, DiskSpaceProtocol.swift, BackupEvent+CoreDataClass.swift, BackupEvent+CoreDataProperties.swift (in target 'ImageIntact' from project 'ImageIntact')

SwiftCompile normal arm64 Compiling\ FeatureGatingTests.swift,\ PathAnonymizerTests.swift,\ QueueMemoryOptimizationTests.swift /Users/konrad/Library/Mobile\ Documents/com~apple~CloudDocs/XCode/ImageIntact/ImageIntactTests/FeatureGatingTests.swift /Users/konrad/Library/Mobile\ Documents/com~apple~CloudDocs/XCode/ImageIntact/ImageIntactTests/PathAnonymizerTests.swift /Users/konrad/Library/Mobile\ Documents/com~apple~CloudDocs/XCode/ImageIntact/ImageIntactTests/QueueMemoryOptimizationTests.swift (in target 'ImageIntactTests' from project 'ImageIntact')

SwiftCompile normal arm64 /Users/konrad/Library/Mobile\ Documents/com~apple~CloudDocs/XCode/ImageIntact/ImageIntactTests/FeatureGatingTests.swift (in target 'ImageIntactTests' from project 'ImageIntact')
    cd /Users/konrad/Library/Mobile\ Documents/com\~apple\~CloudDocs/XCode/ImageIntact
    

SwiftCompile normal arm64 /Users/konrad/Library/Mobile\ Documents/com~apple~CloudDocs/XCode/ImageIntact/ImageIntactTests/PathAnonymizerTests.swift (in target 'ImageIntactTests' from project 'ImageIntact')
    cd /Users/konrad/Library/Mobile\ Documents/com\~apple\~CloudDocs/XCode/ImageIntact
    

SwiftCompile normal arm64 /Users/konrad/Library/Mobile\ Documents/com~apple~CloudDocs/XCode/ImageIntact/ImageIntactTests/QueueMemoryOptimizationTests.swift (in target 'ImageIntactTests' from project 'ImageIntact')
    cd /Users/konrad/Library/Mobile\ Documents/com\~apple\~CloudDocs/XCode/ImageIntact
    

SwiftDriverJobDiscovery normal arm64 Compiling UpdateManager.swift, PriorityQueue.swift, ProgressTracker.swift, PathAnonymizer.swift, OrganizationSection.swift, HelpWindowView.swift, DefaultFileOperations.swift, FolderPicker.swift (in target 'ImageIntact' from project 'ImageIntact')

SwiftCompile normal arm64 Compiling\ MemoryOptimizationTests.swift,\ DestinationQueueTests.swift,\ BackupMigrationTests.swift,\ DuplicateDetectorTests.swift /Users/konrad/Library/Mobile\ Documents/com~apple~CloudDocs/XCode/ImageIntact/ImageIntactTests/MemoryOptimizationTests.swift /Users/konrad/Library/Mobile\ Documents/com~apple~CloudDocs/XCode/ImageIntact/ImageIntactTests/QueueSystem/DestinationQueueTests.swift /Users/konrad/Library/Mobile\ Documents/com~apple~CloudDocs/XCode/ImageIntact/ImageIntactTests/BackupMigrationTests.swift /Users/konrad/Library/Mobile\ Documents/com~apple~CloudDocs/XCode/ImageIntact/ImageIntactTests/DuplicateDetectorTests.swift (in target 'ImageIntactTests' from project 'ImageIntact')

SwiftCompile normal arm64 /Users/konrad/Library/Mobile\ Documents/com~apple~CloudDocs/XCode/ImageIntact/ImageIntactTests/MemoryOptimizationTests.swift (in target 'ImageIntactTests' from project 'ImageIntact')
    cd /Users/konrad/Library/Mobile\ Documents/com\~apple\~CloudDocs/XCode/ImageIntact
    

SwiftCompile normal arm64 /Users/konrad/Library/Mobile\ Documents/com~apple~CloudDocs/XCode/ImageIntact/ImageIntactTests/QueueSystem/DestinationQueueTests.swift (in target 'ImageIntactTests' from project 'ImageIntact')
    cd /Users/konrad/Library/Mobile\ Documents/com\~apple\~CloudDocs/XCode/ImageIntact
    
/Users/konrad/Library/Mobile Documents/com~apple~CloudDocs/XCode/ImageIntact/ImageIntactTests/QueueSystem/DestinationQueueTests.swift:30:17: warning: no 'async' operations occur within 'await' expression
        queue = await DestinationQueue(
                ^
/Users/konrad/Library/Mobile Documents/com~apple~CloudDocs/XCode/ImageIntact/ImageIntactTests/QueueSystem/DestinationQueueTests.swift:49:25: warning: no 'async' operations occur within 'await' expression
        let testQueue = await DestinationQueue(
                        ^
/Users/konrad/Library/Mobile Documents/com~apple~CloudDocs/XCode/ImageIntact/ImageIntactTests/QueueSystem/DestinationQueueTests.swift:164:13: warning: initialization of variable 'attemptCount' was never used; consider replacing with assignment to '_' or removing it
        var attemptCount = 0
        ~~~~^~~~~~~~~~~~
        _
/Users/konrad/Library/Mobile Documents/com~apple~CloudDocs/XCode/ImageIntact/ImageIntactTests/QueueSystem/DestinationQueueTests.swift:165:13: warning: initialization of immutable value 'originalCopyItem' was never used; consider replacing with assignment to '_' or removing it
        let originalCopyItem = mockFileOps.copyItem(at:to:)
        ~~~~^~~~~~~~~~~~~~~~
        _
/Users/konrad/Library/Mobile Documents/com~apple~CloudDocs/XCode/ImageIntact/ImageIntactTests/QueueSystem/DestinationQueueTests.swift:174:17: warning: no 'async' operations occur within 'await' expression
        queue = await DestinationQueue(
                ^
/Users/konrad/Library/Mobile Documents/com~apple~CloudDocs/XCode/ImageIntact/ImageIntactTests/QueueSystem/DestinationQueueTests.swift:284:28: warning: no 'async' operations occur within 'await' expression
        let corruptQueue = await DestinationQueue(
                           ^
/Users/konrad/Library/Mobile Documents/com~apple~CloudDocs/XCode/ImageIntact/ImageIntactTests/QueueSystem/DestinationQueueTests.swift:323:13: warning: initialization of variable 'initialStatus' was never used; consider replacing with assignment to '_' or removing it
        var initialStatus = await queue.getStatus()
        ~~~~^~~~~~~~~~~~~
        _
/Users/konrad/Library/Mobile Documents/com~apple~CloudDocs/XCode/ImageIntact/ImageIntactTests/QueueSystem/DestinationQueueTests.swift:352:25: warning: no 'async' operations occur within 'await' expression
        let slowQueue = await DestinationQueue(
                        ^

SwiftCompile normal arm64 /Users/konrad/Library/Mobile\ Documents/com~apple~CloudDocs/XCode/ImageIntact/ImageIntactTests/BackupMigrationTests.swift (in target 'ImageIntactTests' from project 'ImageIntact')
    cd /Users/konrad/Library/Mobile\ Documents/com\~apple\~CloudDocs/XCode/ImageIntact
    

SwiftCompile normal arm64 /Users/konrad/Library/Mobile\ Documents/com~apple~CloudDocs/XCode/ImageIntact/ImageIntactTests/DuplicateDetectorTests.swift (in target 'ImageIntactTests' from project 'ImageIntact')
    cd /Users/konrad/Library/Mobile\ Documents/com\~apple\~CloudDocs/XCode/ImageIntact
    

SwiftDriverJobDiscovery normal arm64 Compiling BackupCoordinatorTests.swift, BackupManagerMockTests.swift, DiskSpaceCheckerTests.swift, PreferencesTests.swift (in target 'ImageIntactTests' from project 'ImageIntact')

SwiftDriverJobDiscovery normal arm64 Compiling OptimizedChecksum.swift, HelpWindowManager.swift, MigrationConfirmationView.swift, FileTypeFilterView.swift, ChecksumCalculatorProtocol.swift, BuildConfiguration.swift, BackupManager.swift, DriveIdentityManager.swift (in target 'ImageIntact' from project 'ImageIntact')

SwiftDriverJobDiscovery normal arm64 Compiling FileTypeFilterTests.swift, MockFileOperations.swift, StateRecorder.swift, ChecksumPerformanceTests.swift (in target 'ImageIntactTests' from project 'ImageIntact')

SwiftDriverJobDiscovery normal arm64 Compiling RealBackupManagerTests.swift, UIStateTests.swift, ImageIntactTests.swift, BackupIntegrationTests.swift (in target 'ImageIntactTests' from project 'ImageIntact')

SwiftDriverJobDiscovery normal arm64 Compiling BackupMigrationDetector.swift, BackupCompletionView.swift, SourceFolderSection.swift, LogEntities.swift, StoreProtocols.swift, DriveMonitor.swift, DriveCustomizationView.swift, StoreManager.swift (in target 'ImageIntact' from project 'ImageIntact')

SwiftDriverJobDiscovery normal arm64 Compiling EntitlementDocumentationTests.swift, NativeChecksumTests.swift, PresetTests.swift, SimpleConcurrencyTest.swift (in target 'ImageIntactTests' from project 'ImageIntact')

SwiftDriverJobDiscovery normal arm64 Compiling NotificationTests.swift, ProtocolIntegrationTests.swift, SleepPreventionTests.swift, BackupOrganizationTests.swift (in target 'ImageIntactTests' from project 'ImageIntact')

SwiftDriverJobDiscovery normal arm64 Compiling FeatureGatingTests.swift, PathAnonymizerTests.swift, QueueMemoryOptimizationTests.swift (in target 'ImageIntactTests' from project 'ImageIntact')

SwiftDriverJobDiscovery normal arm64 Compiling MockChecksumCalculator.swift, MockBackupManager.swift, BackupStatisticsTests.swift, ErrorHandlingTests.swift (in target 'ImageIntactTests' from project 'ImageIntact')

SwiftDriverJobDiscovery normal arm64 Compiling ImageFileTypeTests.swift, MockProgressTracker.swift, TestDataGenerator.swift, ConcurrencyStressTests.swift (in target 'ImageIntactTests' from project 'ImageIntact')

SwiftDriverJobDiscovery normal arm64 Compiling CoreDataBatchTests.swift, PIISanitizationTests.swift, QueueSystemTests.swift, UIStateManagementTests.swift (in target 'ImageIntactTests' from project 'ImageIntact')

SwiftDriverJobDiscovery normal arm64 Compiling MemoryOptimizationTests.swift, DestinationQueueTests.swift, BackupMigrationTests.swift, DuplicateDetectorTests.swift (in target 'ImageIntactTests' from project 'ImageIntact')

SwiftDriver\ Compilation ImageIntactTests normal arm64 com.apple.xcode.tools.swift.compiler (in target 'ImageIntactTests' from project 'ImageIntact')
    cd /Users/konrad/Library/Mobile\ Documents/com\~apple\~CloudDocs/XCode/ImageIntact
    builtin-Swift-Compilation -- /Applications/Xcode.app/Contents/Developer/Toolchains/XcodeDefault.xctoolchain/usr/bin/swiftc -module-name ImageIntactTests -Onone -enforce-exclusivity\=checked @/Users/konrad/Library/Developer/Xcode/DerivedData/ImageIntact-bhmsucagebmynrdqgnmudwywfvam/Build/Intermediates.noindex/ImageIntact.build/Debug/ImageIntactTests.build/Objects-normal/arm64/ImageIntactTests.SwiftFileList -DDEBUG -plugin-path /Applications/Xcode.app/Contents/Developer/Toolchains/XcodeDefault.xctoolchain/usr/lib/swift/host/plugins/testing -enable-bare-slash-regex -enable-experimental-feature DebugDescriptionMacro -sdk /Applications/Xcode.app/Contents/Developer/Platforms/MacOSX.platform/Developer/SDKs/MacOSX15.5.sdk -target arm64-apple-macos14.0 -g -module-cache-path /Users/konrad/Library/Developer/Xcode/DerivedData/ModuleCache.noindex -Xfrontend -serialize-debugging-options -profile-coverage-mapping -profile-generate -enable-testing -index-store-path /Users/konrad/Library/Developer/Xcode/DerivedData/ImageIntact-bhmsucagebmynrdqgnmudwywfvam/Index.noindex/DataStore -swift-version 5 -I /Users/konrad/Library/Developer/Xcode/DerivedData/ImageIntact-bhmsucagebmynrdqgnmudwywfvam/Build/Products/Debug -I /Applications/Xcode.app/Contents/Developer/Platforms/MacOSX.platform/Developer/usr/lib -F /Users/konrad/Library/Developer/Xcode/DerivedData/ImageIntact-bhmsucagebmynrdqgnmudwywfvam/Build/Products/Debug -F /Applications/Xcode.app/Contents/Developer/Platforms/MacOSX.platform/Developer/Library/Frameworks -c -j12 -enable-batch-mode -incremental -Xcc -ivfsstatcache -Xcc /Users/konrad/Library/Developer/Xcode/DerivedData/SDKStatCaches.noindex/macosx15.5-24F74-8254517eb8b97d462ccbc072ba9094c9.sdkstatcache -output-file-map /Users/konrad/Library/Developer/Xcode/DerivedData/ImageIntact-bhmsucagebmynrdqgnmudwywfvam/Build/Intermediates.noindex/ImageIntact.build/Debug/ImageIntactTests.build/Objects-normal/arm64/ImageIntactTests-OutputFileMap.json -use-frontend-parseable-output -save-temps -no-color-diagnostics -serialize-diagnostics -emit-dependencies -emit-module -emit-module-path /Users/konrad/Library/Developer/Xcode/DerivedData/ImageIntact-bhmsucagebmynrdqgnmudwywfvam/Build/Intermediates.noindex/ImageIntact.build/Debug/ImageIntactTests.build/Objects-normal/arm64/ImageIntactTests.swiftmodule -validate-clang-modules-once -clang-build-session-file /Users/konrad/Library/Developer/Xcode/DerivedData/ModuleCache.noindex/Session.modulevalidation -Xcc -I/Users/konrad/Library/Developer/Xcode/DerivedData/ImageIntact-bhmsucagebmynrdqgnmudwywfvam/Build/Intermediates.noindex/ImageIntact.build/Debug/ImageIntactTests.build/swift-overrides.hmap -emit-const-values -Xfrontend -const-gather-protocols-file -Xfrontend /Users/konrad/Library/Developer/Xcode/DerivedData/ImageIntact-bhmsucagebmynrdqgnmudwywfvam/Build/Intermediates.noindex/ImageIntact.build/Debug/ImageIntactTests.build/Objects-normal/arm64/ImageIntactTests_const_extract_protocols.json -Xcc -iquote -Xcc /Users/konrad/Library/Developer/Xcode/DerivedData/ImageIntact-bhmsucagebmynrdqgnmudwywfvam/Build/Intermediates.noindex/ImageIntact.build/Debug/ImageIntactTests.build/ImageIntactTests-generated-files.hmap -Xcc -I/Users/konrad/Library/Developer/Xcode/DerivedData/ImageIntact-bhmsucagebmynrdqgnmudwywfvam/Build/Intermediates.noindex/ImageIntact.build/Debug/ImageIntactTests.build/ImageIntactTests-own-target-headers.hmap -Xcc -I/Users/konrad/Library/Developer/Xcode/DerivedData/ImageIntact-bhmsucagebmynrdqgnmudwywfvam/Build/Intermediates.noindex/ImageIntact.build/Debug/ImageIntactTests.build/ImageIntactTests-all-target-headers.hmap -Xcc -iquote -Xcc /Users/konrad/Library/Developer/Xcode/DerivedData/ImageIntact-bhmsucagebmynrdqgnmudwywfvam/Build/Intermediates.noindex/ImageIntact.build/Debug/ImageIntactTests.build/ImageIntactTests-project-headers.hmap -Xcc -I/Users/konrad/Library/Developer/Xcode/DerivedData/ImageIntact-bhmsucagebmynrdqgnmudwywfvam/Build/Products/Debug/include -Xcc -I/Users/konrad/Library/Developer/Xcode/DerivedData/ImageIntact-bhmsucagebmynrdqgnmudwywfvam/Build/Intermediates.noindex/ImageIntact.build/Debug/ImageIntactTests.build/DerivedSources-normal/arm64 -Xcc -I/Users/konrad/Library/Developer/Xcode/DerivedData/ImageIntact-bhmsucagebmynrdqgnmudwywfvam/Build/Intermediates.noindex/ImageIntact.build/Debug/ImageIntactTests.build/DerivedSources/arm64 -Xcc -I/Users/konrad/Library/Developer/Xcode/DerivedData/ImageIntact-bhmsucagebmynrdqgnmudwywfvam/Build/Intermediates.noindex/ImageIntact.build/Debug/ImageIntactTests.build/DerivedSources -Xcc -DDEBUG\=1 -emit-objc-header -emit-objc-header-path /Users/konrad/Library/Developer/Xcode/DerivedData/ImageIntact-bhmsucagebmynrdqgnmudwywfvam/Build/Intermediates.noindex/ImageIntact.build/Debug/ImageIntactTests.build/Objects-normal/arm64/ImageIntactTests-Swift.h -working-directory /Users/konrad/Library/Mobile\ Documents/com\~apple\~CloudDocs/XCode/ImageIntact -experimental-emit-module-separately -disable-cmo

SwiftDriverJobDiscovery normal arm64 Compiling FileTask.swift, PreferencesManager.swift, NotificationManager.swift, MultiDestinationProgressSection.swift, HelpView.swift, DefaultChecksumCalculator.swift, ContentView.swift, BackupManagerQueueIntegration.swift (in target 'ImageIntact' from project 'ImageIntact')

SwiftDriver\ Compilation ImageIntact normal arm64 com.apple.xcode.tools.swift.compiler (in target 'ImageIntact' from project 'ImageIntact')
    cd /Users/konrad/Library/Mobile\ Documents/com\~apple\~CloudDocs/XCode/ImageIntact
    builtin-Swift-Compilation -- /Applications/Xcode.app/Contents/Developer/Toolchains/XcodeDefault.xctoolchain/usr/bin/swiftc -module-name ImageIntact -Onone -enforce-exclusivity\=checked @/Users/konrad/Library/Developer/Xcode/DerivedData/ImageIntact-bhmsucagebmynrdqgnmudwywfvam/Build/Intermediates.noindex/ImageIntact.build/Debug/ImageIntact.build/Objects-normal/arm64/ImageIntact.SwiftFileList -DDEBUG -enable-bare-slash-regex -enable-experimental-feature DebugDescriptionMacro -sdk /Applications/Xcode.app/Contents/Developer/Platforms/MacOSX.platform/Developer/SDKs/MacOSX15.5.sdk -target arm64-apple-macos14.0 -g -module-cache-path /Users/konrad/Library/Developer/Xcode/DerivedData/ModuleCache.noindex -Xfrontend -serialize-debugging-options -profile-coverage-mapping -profile-generate -enable-testing -index-store-path /Users/konrad/Library/Developer/Xcode/DerivedData/ImageIntact-bhmsucagebmynrdqgnmudwywfvam/Index.noindex/DataStore -swift-version 5 -I /Users/konrad/Library/Developer/Xcode/DerivedData/ImageIntact-bhmsucagebmynrdqgnmudwywfvam/Build/Products/Debug -F /Users/konrad/Library/Developer/Xcode/DerivedData/ImageIntact-bhmsucagebmynrdqgnmudwywfvam/Build/Products/Debug -emit-localized-strings -emit-localized-strings-path /Users/konrad/Library/Developer/Xcode/DerivedData/ImageIntact-bhmsucagebmynrdqgnmudwywfvam/Build/Intermediates.noindex/ImageIntact.build/Debug/ImageIntact.build/Objects-normal/arm64 -c -j12 -enable-batch-mode -incremental -Xcc -ivfsstatcache -Xcc /Users/konrad/Library/Developer/Xcode/DerivedData/SDKStatCaches.noindex/macosx15.5-24F74-8254517eb8b97d462ccbc072ba9094c9.sdkstatcache -output-file-map /Users/konrad/Library/Developer/Xcode/DerivedData/ImageIntact-bhmsucagebmynrdqgnmudwywfvam/Build/Intermediates.noindex/ImageIntact.build/Debug/ImageIntact.build/Objects-normal/arm64/ImageIntact-OutputFileMap.json -use-frontend-parseable-output -save-temps -no-color-diagnostics -serialize-diagnostics -emit-dependencies -emit-module -emit-module-path /Users/konrad/Library/Developer/Xcode/DerivedData/ImageIntact-bhmsucagebmynrdqgnmudwywfvam/Build/Intermediates.noindex/ImageIntact.build/Debug/ImageIntact.build/Objects-normal/arm64/ImageIntact.swiftmodule -validate-clang-modules-once -clang-build-session-file /Users/konrad/Library/Developer/Xcode/DerivedData/ModuleCache.noindex/Session.modulevalidation -Xcc -I/Users/konrad/Library/Developer/Xcode/DerivedData/ImageIntact-bhmsucagebmynrdqgnmudwywfvam/Build/Intermediates.noindex/ImageIntact.build/Debug/ImageIntact.build/swift-overrides.hmap -emit-const-values -Xfrontend -const-gather-protocols-file -Xfrontend /Users/konrad/Library/Developer/Xcode/DerivedData/ImageIntact-bhmsucagebmynrdqgnmudwywfvam/Build/Intermediates.noindex/ImageIntact.build/Debug/ImageIntact.build/Objects-normal/arm64/ImageIntact_const_extract_protocols.json -Xcc -iquote -Xcc /Users/konrad/Library/Developer/Xcode/DerivedData/ImageIntact-bhmsucagebmynrdqgnmudwywfvam/Build/Intermediates.noindex/ImageIntact.build/Debug/ImageIntact.build/ImageIntact-generated-files.hmap -Xcc -I/Users/konrad/Library/Developer/Xcode/DerivedData/ImageIntact-bhmsucagebmynrdqgnmudwywfvam/Build/Intermediates.noindex/ImageIntact.build/Debug/ImageIntact.build/ImageIntact-own-target-headers.hmap -Xcc -I/Users/konrad/Library/Developer/Xcode/DerivedData/ImageIntact-bhmsucagebmynrdqgnmudwywfvam/Build/Intermediates.noindex/ImageIntact.build/Debug/ImageIntact.build/ImageIntact-all-target-headers.hmap -Xcc -iquote -Xcc /Users/konrad/Library/Developer/Xcode/DerivedData/ImageIntact-bhmsucagebmynrdqgnmudwywfvam/Build/Intermediates.noindex/ImageIntact.build/Debug/ImageIntact.build/ImageIntact-project-headers.hmap -Xcc -I/Users/konrad/Library/Developer/Xcode/DerivedData/ImageIntact-bhmsucagebmynrdqgnmudwywfvam/Build/Products/Debug/include -Xcc -I/Users/konrad/Library/Developer/Xcode/DerivedData/ImageIntact-bhmsucagebmynrdqgnmudwywfvam/Build/Intermediates.noindex/ImageIntact.build/Debug/ImageIntact.build/DerivedSources-normal/arm64 -Xcc -I/Users/konrad/Library/Developer/Xcode/DerivedData/ImageIntact-bhmsucagebmynrdqgnmudwywfvam/Build/Intermediates.noindex/ImageIntact.build/Debug/ImageIntact.build/DerivedSources/arm64 -Xcc -I/Users/konrad/Library/Developer/Xcode/DerivedData/ImageIntact-bhmsucagebmynrdqgnmudwywfvam/Build/Intermediates.noindex/ImageIntact.build/Debug/ImageIntact.build/DerivedSources -Xcc -DDEBUG\=1 -emit-objc-header -emit-objc-header-path /Users/konrad/Library/Developer/Xcode/DerivedData/ImageIntact-bhmsucagebmynrdqgnmudwywfvam/Build/Intermediates.noindex/ImageIntact.build/Debug/ImageIntact.build/Objects-normal/arm64/ImageIntact-Swift.h -working-directory /Users/konrad/Library/Mobile\ Documents/com\~apple\~CloudDocs/XCode/ImageIntact -experimental-emit-module-separately -disable-cmo

Ld /Users/konrad/Library/Developer/Xcode/DerivedData/ImageIntact-bhmsucagebmynrdqgnmudwywfvam/Build/Products/Debug/ImageIntact.app/Contents/MacOS/ImageIntact.debug.dylib normal (in target 'ImageIntact' from project 'ImageIntact')
    cd /Users/konrad/Library/Mobile\ Documents/com\~apple\~CloudDocs/XCode/ImageIntact
    /Applications/Xcode.app/Contents/Developer/Toolchains/XcodeDefault.xctoolchain/usr/bin/clang -Xlinker -reproducible -target arm64-apple-macos14.0 -dynamiclib -isysroot /Applications/Xcode.app/Contents/Developer/Platforms/MacOSX.platform/Developer/SDKs/MacOSX15.5.sdk -O0 -L/Users/konrad/Library/Developer/Xcode/DerivedData/ImageIntact-bhmsucagebmynrdqgnmudwywfvam/Build/Intermediates.noindex/EagerLinkingTBDs/Debug -L/Users/konrad/Library/Developer/Xcode/DerivedData/ImageIntact-bhmsucagebmynrdqgnmudwywfvam/Build/Products/Debug -F/Users/konrad/Library/Developer/Xcode/DerivedData/ImageIntact-bhmsucagebmynrdqgnmudwywfvam/Build/Intermediates.noindex/EagerLinkingTBDs/Debug -F/Users/konrad/Library/Developer/Xcode/DerivedData/ImageIntact-bhmsucagebmynrdqgnmudwywfvam/Build/Products/Debug -filelist /Users/konrad/Library/Developer/Xcode/DerivedData/ImageIntact-bhmsucagebmynrdqgnmudwywfvam/Build/Intermediates.noindex/ImageIntact.build/Debug/ImageIntact.build/Objects-normal/arm64/ImageIntact.LinkFileList -install_name @rpath/ImageIntact.debug.dylib -Xlinker -rpath -Xlinker @executable_path/../Frameworks -dead_strip -Xlinker -object_path_lto -Xlinker /Users/konrad/Library/Developer/Xcode/DerivedData/ImageIntact-bhmsucagebmynrdqgnmudwywfvam/Build/Intermediates.noindex/ImageIntact.build/Debug/ImageIntact.build/Objects-normal/arm64/ImageIntact_lto.o -rdynamic -Xlinker -no_deduplicate -Xlinker -debug_variant -Xlinker -dependency_info -Xlinker /Users/konrad/Library/Developer/Xcode/DerivedData/ImageIntact-bhmsucagebmynrdqgnmudwywfvam/Build/Intermediates.noindex/ImageIntact.build/Debug/ImageIntact.build/Objects-normal/arm64/ImageIntact_dependency_info.dat -fobjc-link-runtime -fprofile-instr-generate -L/Applications/Xcode.app/Contents/Developer/Toolchains/XcodeDefault.xctoolchain/usr/lib/swift/macosx -L/usr/lib/swift -Xlinker -add_ast_path -Xlinker /Users/konrad/Library/Developer/Xcode/DerivedData/ImageIntact-bhmsucagebmynrdqgnmudwywfvam/Build/Intermediates.noindex/ImageIntact.build/Debug/ImageIntact.build/Objects-normal/arm64/ImageIntact.swiftmodule -Xlinker -alias -Xlinker _main -Xlinker ___debug_main_executable_dylib_entry_point -Xlinker -no_adhoc_codesign -o /Users/konrad/Library/Developer/Xcode/DerivedData/ImageIntact-bhmsucagebmynrdqgnmudwywfvam/Build/Products/Debug/ImageIntact.app/Contents/MacOS/ImageIntact.debug.dylib

ConstructStubExecutorLinkFileList /Users/konrad/Library/Developer/Xcode/DerivedData/ImageIntact-bhmsucagebmynrdqgnmudwywfvam/Build/Intermediates.noindex/ImageIntact.build/Debug/ImageIntact.build/ImageIntact-ExecutorLinkFileList-normal-arm64.txt (in target 'ImageIntact' from project 'ImageIntact')
    cd /Users/konrad/Library/Mobile\ Documents/com\~apple\~CloudDocs/XCode/ImageIntact
    construct-stub-executor-link-file-list /Users/konrad/Library/Developer/Xcode/DerivedData/ImageIntact-bhmsucagebmynrdqgnmudwywfvam/Build/Products/Debug/ImageIntact.app/Contents/MacOS/ImageIntact.debug.dylib /Applications/Xcode.app/Contents/Developer/Platforms/MacOSX.platform/Developer/usr/lib/libPreviewsJITStubExecutor_no_swift_entry_point.a /Applications/Xcode.app/Contents/Developer/Platforms/MacOSX.platform/Developer/usr/lib/libPreviewsJITStubExecutor.a --output /Users/konrad/Library/Developer/Xcode/DerivedData/ImageIntact-bhmsucagebmynrdqgnmudwywfvam/Build/Intermediates.noindex/ImageIntact.build/Debug/ImageIntact.build/ImageIntact-ExecutorLinkFileList-normal-arm64.txt
note: Using stub executor library with Swift entry point. (in target 'ImageIntact' from project 'ImageIntact')

Ld /Users/konrad/Library/Developer/Xcode/DerivedData/ImageIntact-bhmsucagebmynrdqgnmudwywfvam/Build/Products/Debug/ImageIntact.app/Contents/MacOS/ImageIntact normal (in target 'ImageIntact' from project 'ImageIntact')
    cd /Users/konrad/Library/Mobile\ Documents/com\~apple\~CloudDocs/XCode/ImageIntact
    /Applications/Xcode.app/Contents/Developer/Toolchains/XcodeDefault.xctoolchain/usr/bin/clang -Xlinker -reproducible -target arm64-apple-macos14.0 -isysroot /Applications/Xcode.app/Contents/Developer/Platforms/MacOSX.platform/Developer/SDKs/MacOSX15.5.sdk -O0 -L/Users/konrad/Library/Developer/Xcode/DerivedData/ImageIntact-bhmsucagebmynrdqgnmudwywfvam/Build/Products/Debug -F/Users/konrad/Library/Developer/Xcode/DerivedData/ImageIntact-bhmsucagebmynrdqgnmudwywfvam/Build/Products/Debug -Xlinker -rpath -Xlinker @executable_path -Xlinker -rpath -Xlinker @executable_path/../Frameworks -rdynamic -Xlinker -no_deduplicate -Xlinker -debug_variant -e ___debug_blank_executor_main -Xlinker -sectcreate -Xlinker __TEXT -Xlinker __debug_dylib -Xlinker /Users/konrad/Library/Developer/Xcode/DerivedData/ImageIntact-bhmsucagebmynrdqgnmudwywfvam/Build/Intermediates.noindex/ImageIntact.build/Debug/ImageIntact.build/ImageIntact-DebugDylibPath-normal-arm64.txt -Xlinker -sectcreate -Xlinker __TEXT -Xlinker __debug_instlnm -Xlinker /Users/konrad/Library/Developer/Xcode/DerivedData/ImageIntact-bhmsucagebmynrdqgnmudwywfvam/Build/Intermediates.noindex/ImageIntact.build/Debug/ImageIntact.build/ImageIntact-DebugDylibInstallName-normal-arm64.txt -Xlinker -filelist -Xlinker /Users/konrad/Library/Developer/Xcode/DerivedData/ImageIntact-bhmsucagebmynrdqgnmudwywfvam/Build/Intermediates.noindex/ImageIntact.build/Debug/ImageIntact.build/ImageIntact-ExecutorLinkFileList-normal-arm64.txt /Users/konrad/Library/Developer/Xcode/DerivedData/ImageIntact-bhmsucagebmynrdqgnmudwywfvam/Build/Products/Debug/ImageIntact.app/Contents/MacOS/ImageIntact.debug.dylib -Xlinker -no_adhoc_codesign -o /Users/konrad/Library/Developer/Xcode/DerivedData/ImageIntact-bhmsucagebmynrdqgnmudwywfvam/Build/Products/Debug/ImageIntact.app/Contents/MacOS/ImageIntact

CopySwiftLibs /Users/konrad/Library/Developer/Xcode/DerivedData/ImageIntact-bhmsucagebmynrdqgnmudwywfvam/Build/Products/Debug/ImageIntact.app (in target 'ImageIntact' from project 'ImageIntact')
    cd /Users/konrad/Library/Mobile\ Documents/com\~apple\~CloudDocs/XCode/ImageIntact
    builtin-swiftStdLibTool --copy --verbose --sign 59213B4A96FA3777340B3BC852A0C6F24304180D --scan-executable /Users/konrad/Library/Developer/Xcode/DerivedData/ImageIntact-bhmsucagebmynrdqgnmudwywfvam/Build/Products/Debug/ImageIntact.app/Contents/MacOS/ImageIntact.debug.dylib --scan-folder /Users/konrad/Library/Developer/Xcode/DerivedData/ImageIntact-bhmsucagebmynrdqgnmudwywfvam/Build/Products/Debug/ImageIntact.app/Contents/Frameworks --scan-folder /Users/konrad/Library/Developer/Xcode/DerivedData/ImageIntact-bhmsucagebmynrdqgnmudwywfvam/Build/Products/Debug/ImageIntact.app/Contents/PlugIns --scan-folder /Users/konrad/Library/Developer/Xcode/DerivedData/ImageIntact-bhmsucagebmynrdqgnmudwywfvam/Build/Products/Debug/ImageIntact.app/Contents/Library/SystemExtensions --scan-folder /Users/konrad/Library/Developer/Xcode/DerivedData/ImageIntact-bhmsucagebmynrdqgnmudwywfvam/Build/Products/Debug/ImageIntact.app/Contents/Extensions --platform macosx --toolchain /Applications/Xcode.app/Contents/Developer/Toolchains/XcodeDefault.xctoolchain --destination /Users/konrad/Library/Developer/Xcode/DerivedData/ImageIntact-bhmsucagebmynrdqgnmudwywfvam/Build/Products/Debug/ImageIntact.app/Contents/Frameworks --strip-bitcode --strip-bitcode-tool /Applications/Xcode.app/Contents/Developer/Toolchains/XcodeDefault.xctoolchain/usr/bin/bitcode_strip --emit-dependency-info /Users/konrad/Library/Developer/Xcode/DerivedData/ImageIntact-bhmsucagebmynrdqgnmudwywfvam/Build/Intermediates.noindex/ImageIntact.build/Debug/ImageIntact.build/SwiftStdLibToolInputDependencies.dep --filter-for-swift-os

ExtractAppIntentsMetadata (in target 'ImageIntact' from project 'ImageIntact')
    cd /Users/konrad/Library/Mobile\ Documents/com\~apple\~CloudDocs/XCode/ImageIntact
    /Applications/Xcode.app/Contents/Developer/Toolchains/XcodeDefault.xctoolchain/usr/bin/appintentsmetadataprocessor --toolchain-dir /Applications/Xcode.app/Contents/Developer/Toolchains/XcodeDefault.xctoolchain --module-name ImageIntact --sdk-root /Applications/Xcode.app/Contents/Developer/Platforms/MacOSX.platform/Developer/SDKs/MacOSX15.5.sdk --xcode-version 16F6 --platform-family macOS --deployment-target 14.0 --bundle-identifier com.tonalphoto.tech.ImageIntact --output /Users/konrad/Library/Developer/Xcode/DerivedData/ImageIntact-bhmsucagebmynrdqgnmudwywfvam/Build/Products/Debug/ImageIntact.app/Contents/Resources --target-triple arm64-apple-macos14.0 --binary-file /Users/konrad/Library/Developer/Xcode/DerivedData/ImageIntact-bhmsucagebmynrdqgnmudwywfvam/Build/Products/Debug/ImageIntact.app/Contents/MacOS/ImageIntact --dependency-file /Users/konrad/Library/Developer/Xcode/DerivedData/ImageIntact-bhmsucagebmynrdqgnmudwywfvam/Build/Intermediates.noindex/ImageIntact.build/Debug/ImageIntact.build/Objects-normal/arm64/ImageIntact_dependency_info.dat --stringsdata-file /Users/konrad/Library/Developer/Xcode/DerivedData/ImageIntact-bhmsucagebmynrdqgnmudwywfvam/Build/Intermediates.noindex/ImageIntact.build/Debug/ImageIntact.build/Objects-normal/arm64/ExtractedAppShortcutsMetadata.stringsdata --source-file-list /Users/konrad/Library/Developer/Xcode/DerivedData/ImageIntact-bhmsucagebmynrdqgnmudwywfvam/Build/Intermediates.noindex/ImageIntact.build/Debug/ImageIntact.build/Objects-normal/arm64/ImageIntact.SwiftFileList --metadata-file-list /Users/konrad/Library/Developer/Xcode/DerivedData/ImageIntact-bhmsucagebmynrdqgnmudwywfvam/Build/Intermediates.noindex/ImageIntact.build/Debug/ImageIntact.build/ImageIntact.DependencyMetadataFileList --static-metadata-file-list /Users/konrad/Library/Developer/Xcode/DerivedData/ImageIntact-bhmsucagebmynrdqgnmudwywfvam/Build/Intermediates.noindex/ImageIntact.build/Debug/ImageIntact.build/ImageIntact.DependencyStaticMetadataFileList --swift-const-vals-list /Users/konrad/Library/Developer/Xcode/DerivedData/ImageIntact-bhmsucagebmynrdqgnmudwywfvam/Build/Intermediates.noindex/ImageIntact.build/Debug/ImageIntact.build/Objects-normal/arm64/ImageIntact.SwiftConstValuesFileList --compile-time-extraction --deployment-aware-processing --validate-assistant-intents --no-app-shortcuts-localization
2025-09-12 19:42:22.716 appintentsmetadataprocessor[16425:15255855] Starting appintentsmetadataprocessor export
2025-09-12 19:42:22.717 appintentsmetadataprocessor[16425:15255855] warning: Metadata extraction skipped. No AppIntents.framework dependency found.

ProcessInfoPlistFile /Users/konrad/Library/Developer/Xcode/DerivedData/ImageIntact-bhmsucagebmynrdqgnmudwywfvam/Build/Products/Debug/ImageIntact.app/Contents/PlugIns/ImageIntactTests.xctest/Contents/Info.plist /Users/konrad/Library/Developer/Xcode/DerivedData/ImageIntact-bhmsucagebmynrdqgnmudwywfvam/Build/Intermediates.noindex/ImageIntact.build/Debug/ImageIntactTests.build/empty-ImageIntactTests.plist (in target 'ImageIntactTests' from project 'ImageIntact')
    cd /Users/konrad/Library/Mobile\ Documents/com\~apple\~CloudDocs/XCode/ImageIntact
    builtin-infoPlistUtility /Users/konrad/Library/Developer/Xcode/DerivedData/ImageIntact-bhmsucagebmynrdqgnmudwywfvam/Build/Intermediates.noindex/ImageIntact.build/Debug/ImageIntactTests.build/empty-ImageIntactTests.plist -producttype com.apple.product-type.bundle.unit-test -expandbuildsettings -platform macosx -o /Users/konrad/Library/Developer/Xcode/DerivedData/ImageIntact-bhmsucagebmynrdqgnmudwywfvam/Build/Products/Debug/ImageIntact.app/Contents/PlugIns/ImageIntactTests.xctest/Contents/Info.plist

CpResource /Users/konrad/Library/Developer/Xcode/DerivedData/ImageIntact-bhmsucagebmynrdqgnmudwywfvam/Build/Products/Debug/ImageIntact.app/Contents/PlugIns/ImageIntactTests.xctest/Contents/Resources/StoreKitTestConfiguration.storekit /Users/konrad/Library/Mobile\ Documents/com~apple~CloudDocs/XCode/ImageIntact/ImageIntactTests/StoreKitTestConfiguration.storekit (in target 'ImageIntactTests' from project 'ImageIntact')
    cd /Users/konrad/Library/Mobile\ Documents/com\~apple\~CloudDocs/XCode/ImageIntact
    builtin-copy -exclude .DS_Store -exclude CVS -exclude .svn -exclude .git -exclude .hg -resolve-src-symlinks /Users/konrad/Library/Mobile\ Documents/com\~apple\~CloudDocs/XCode/ImageIntact/ImageIntactTests/StoreKitTestConfiguration.storekit /Users/konrad/Library/Developer/Xcode/DerivedData/ImageIntact-bhmsucagebmynrdqgnmudwywfvam/Build/Products/Debug/ImageIntact.app/Contents/PlugIns/ImageIntactTests.xctest/Contents/Resources

Ld /Users/konrad/Library/Developer/Xcode/DerivedData/ImageIntact-bhmsucagebmynrdqgnmudwywfvam/Build/Products/Debug/ImageIntact.app/Contents/PlugIns/ImageIntactTests.xctest/Contents/MacOS/ImageIntactTests normal (in target 'ImageIntactTests' from project 'ImageIntact')
    cd /Users/konrad/Library/Mobile\ Documents/com\~apple\~CloudDocs/XCode/ImageIntact
    /Applications/Xcode.app/Contents/Developer/Toolchains/XcodeDefault.xctoolchain/usr/bin/clang -Xlinker -reproducible -target arm64-apple-macos14.0 -bundle -isysroot /Applications/Xcode.app/Contents/Developer/Platforms/MacOSX.platform/Developer/SDKs/MacOSX15.5.sdk -O0 -L/Users/konrad/Library/Developer/Xcode/DerivedData/ImageIntact-bhmsucagebmynrdqgnmudwywfvam/Build/Intermediates.noindex/EagerLinkingTBDs/Debug -L/Users/konrad/Library/Developer/Xcode/DerivedData/ImageIntact-bhmsucagebmynrdqgnmudwywfvam/Build/Products/Debug -L/Applications/Xcode.app/Contents/Developer/Platforms/MacOSX.platform/Developer/usr/lib -F/Users/konrad/Library/Developer/Xcode/DerivedData/ImageIntact-bhmsucagebmynrdqgnmudwywfvam/Build/Intermediates.noindex/EagerLinkingTBDs/Debug -F/Users/konrad/Library/Developer/Xcode/DerivedData/ImageIntact-bhmsucagebmynrdqgnmudwywfvam/Build/Products/Debug -iframework /Applications/Xcode.app/Contents/Developer/Platforms/MacOSX.platform/Developer/Library/Frameworks -filelist /Users/konrad/Library/Developer/Xcode/DerivedData/ImageIntact-bhmsucagebmynrdqgnmudwywfvam/Build/Intermediates.noindex/ImageIntact.build/Debug/ImageIntactTests.build/Objects-normal/arm64/ImageIntactTests.LinkFileList -Xlinker -rpath -Xlinker @loader_path/../Frameworks -Xlinker -rpath -Xlinker @executable_path/../Frameworks -dead_strip -bundle_loader /Users/konrad/Library/Developer/Xcode/DerivedData/ImageIntact-bhmsucagebmynrdqgnmudwywfvam/Build/Products/Debug/ImageIntact.app/Contents/MacOS/ImageIntact -Xlinker -object_path_lto -Xlinker /Users/konrad/Library/Developer/Xcode/DerivedData/ImageIntact-bhmsucagebmynrdqgnmudwywfvam/Build/Intermediates.noindex/ImageIntact.build/Debug/ImageIntactTests.build/Objects-normal/arm64/ImageIntactTests_lto.o -rdynamic -Xlinker -no_deduplicate -Xlinker -debug_variant -Xlinker -dependency_info -Xlinker /Users/konrad/Library/Developer/Xcode/DerivedData/ImageIntact-bhmsucagebmynrdqgnmudwywfvam/Build/Intermediates.noindex/ImageIntact.build/Debug/ImageIntactTests.build/Objects-normal/arm64/ImageIntactTests_dependency_info.dat -fobjc-link-runtime -fprofile-instr-generate -L/Applications/Xcode.app/Contents/Developer/Toolchains/XcodeDefault.xctoolchain/usr/lib/swift/macosx -L/usr/lib/swift -Xlinker -add_ast_path -Xlinker /Users/konrad/Library/Developer/Xcode/DerivedData/ImageIntact-bhmsucagebmynrdqgnmudwywfvam/Build/Intermediates.noindex/ImageIntact.build/Debug/ImageIntactTests.build/Objects-normal/arm64/ImageIntactTests.swiftmodule -framework XCTest -lXCTestSwiftSupport /Users/konrad/Library/Developer/Xcode/DerivedData/ImageIntact-bhmsucagebmynrdqgnmudwywfvam/Build/Products/Debug/ImageIntact.app/Contents/MacOS/ImageIntact.debug.dylib -Xlinker -no_adhoc_codesign -o /Users/konrad/Library/Developer/Xcode/DerivedData/ImageIntact-bhmsucagebmynrdqgnmudwywfvam/Build/Products/Debug/ImageIntact.app/Contents/PlugIns/ImageIntactTests.xctest/Contents/MacOS/ImageIntactTests

CopySwiftLibs /Users/konrad/Library/Developer/Xcode/DerivedData/ImageIntact-bhmsucagebmynrdqgnmudwywfvam/Build/Products/Debug/ImageIntact.app/Contents/PlugIns/ImageIntactTests.xctest (in target 'ImageIntactTests' from project 'ImageIntact')
    cd /Users/konrad/Library/Mobile\ Documents/com\~apple\~CloudDocs/XCode/ImageIntact
    builtin-swiftStdLibTool --copy --verbose --sign 59213B4A96FA3777340B3BC852A0C6F24304180D --scan-executable /Users/konrad/Library/Developer/Xcode/DerivedData/ImageIntact-bhmsucagebmynrdqgnmudwywfvam/Build/Products/Debug/ImageIntact.app/Contents/PlugIns/ImageIntactTests.xctest/Contents/MacOS/ImageIntactTests --scan-folder /Users/konrad/Library/Developer/Xcode/DerivedData/ImageIntact-bhmsucagebmynrdqgnmudwywfvam/Build/Products/Debug/ImageIntact.app/Contents/PlugIns/ImageIntactTests.xctest/Contents/Frameworks --scan-folder /Users/konrad/Library/Developer/Xcode/DerivedData/ImageIntact-bhmsucagebmynrdqgnmudwywfvam/Build/Products/Debug/ImageIntact.app/Contents/PlugIns/ImageIntactTests.xctest/Contents/PlugIns --scan-folder /Users/konrad/Library/Developer/Xcode/DerivedData/ImageIntact-bhmsucagebmynrdqgnmudwywfvam/Build/Products/Debug/ImageIntact.app/Contents/PlugIns/ImageIntactTests.xctest/Contents/Library/SystemExtensions --scan-folder /Users/konrad/Library/Developer/Xcode/DerivedData/ImageIntact-bhmsucagebmynrdqgnmudwywfvam/Build/Products/Debug/ImageIntact.app/Contents/PlugIns/ImageIntactTests.xctest/Contents/Extensions --platform macosx --toolchain /Applications/Xcode.app/Contents/Developer/Toolchains/XcodeDefault.xctoolchain --destination /Users/konrad/Library/Developer/Xcode/DerivedData/ImageIntact-bhmsucagebmynrdqgnmudwywfvam/Build/Products/Debug/ImageIntact.app/Contents/PlugIns/ImageIntactTests.xctest/Contents/Frameworks --strip-bitcode --scan-executable /Applications/Xcode.app/Contents/Developer/Platforms/MacOSX.platform/Developer/usr/lib/libXCTestSwiftSupport.dylib --strip-bitcode-tool /Applications/Xcode.app/Contents/Developer/Toolchains/XcodeDefault.xctoolchain/usr/bin/bitcode_strip --emit-dependency-info /Users/konrad/Library/Developer/Xcode/DerivedData/ImageIntact-bhmsucagebmynrdqgnmudwywfvam/Build/Intermediates.noindex/ImageIntact.build/Debug/ImageIntactTests.build/SwiftStdLibToolInputDependencies.dep --filter-for-swift-os

ExtractAppIntentsMetadata (in target 'ImageIntactTests' from project 'ImageIntact')
    cd /Users/konrad/Library/Mobile\ Documents/com\~apple\~CloudDocs/XCode/ImageIntact
    /Applications/Xcode.app/Contents/Developer/Toolchains/XcodeDefault.xctoolchain/usr/bin/appintentsmetadataprocessor --toolchain-dir /Applications/Xcode.app/Contents/Developer/Toolchains/XcodeDefault.xctoolchain --module-name ImageIntactTests --sdk-root /Applications/Xcode.app/Contents/Developer/Platforms/MacOSX.platform/Developer/SDKs/MacOSX15.5.sdk --xcode-version 16F6 --platform-family macOS --deployment-target 14.0 --bundle-identifier com.tonalphoto.tech.lmagelntact.ImageIntactTests --output /Users/konrad/Library/Developer/Xcode/DerivedData/ImageIntact-bhmsucagebmynrdqgnmudwywfvam/Build/Products/Debug/ImageIntact.app/Contents/PlugIns/ImageIntactTests.xctest/Contents/Resources --target-triple arm64-apple-macos14.0 --binary-file /Users/konrad/Library/Developer/Xcode/DerivedData/ImageIntact-bhmsucagebmynrdqgnmudwywfvam/Build/Products/Debug/ImageIntact.app/Contents/PlugIns/ImageIntactTests.xctest/Contents/MacOS/ImageIntactTests --dependency-file /Users/konrad/Library/Developer/Xcode/DerivedData/ImageIntact-bhmsucagebmynrdqgnmudwywfvam/Build/Intermediates.noindex/ImageIntact.build/Debug/ImageIntactTests.build/Objects-normal/arm64/ImageIntactTests_dependency_info.dat --stringsdata-file /Users/konrad/Library/Developer/Xcode/DerivedData/ImageIntact-bhmsucagebmynrdqgnmudwywfvam/Build/Intermediates.noindex/ImageIntact.build/Debug/ImageIntactTests.build/Objects-normal/arm64/ExtractedAppShortcutsMetadata.stringsdata --source-file-list /Users/konrad/Library/Developer/Xcode/DerivedData/ImageIntact-bhmsucagebmynrdqgnmudwywfvam/Build/Intermediates.noindex/ImageIntact.build/Debug/ImageIntactTests.build/Objects-normal/arm64/ImageIntactTests.SwiftFileList --metadata-file-list /Users/konrad/Library/Developer/Xcode/DerivedData/ImageIntact-bhmsucagebmynrdqgnmudwywfvam/Build/Intermediates.noindex/ImageIntact.build/Debug/ImageIntactTests.build/ImageIntactTests.DependencyMetadataFileList --static-metadata-file-list /Users/konrad/Library/Developer/Xcode/DerivedData/ImageIntact-bhmsucagebmynrdqgnmudwywfvam/Build/Intermediates.noindex/ImageIntact.build/Debug/ImageIntactTests.build/ImageIntactTests.DependencyStaticMetadataFileList --swift-const-vals-list /Users/konrad/Library/Developer/Xcode/DerivedData/ImageIntact-bhmsucagebmynrdqgnmudwywfvam/Build/Intermediates.noindex/ImageIntact.build/Debug/ImageIntactTests.build/Objects-normal/arm64/ImageIntactTests.SwiftConstValuesFileList --compile-time-extraction --deployment-aware-processing --validate-assistant-intents --no-app-shortcuts-localization
2025-09-12 19:42:22.928 appintentsmetadataprocessor[16428:15255882] Starting appintentsmetadataprocessor export
2025-09-12 19:42:22.929 appintentsmetadataprocessor[16428:15255882] warning: Metadata extraction skipped. No AppIntents.framework dependency found.

CodeSign /Users/konrad/Library/Developer/Xcode/DerivedData/ImageIntact-bhmsucagebmynrdqgnmudwywfvam/Build/Products/Debug/ImageIntact.app/Contents/PlugIns/ImageIntactTests.xctest (in target 'ImageIntactTests' from project 'ImageIntact')
    cd /Users/konrad/Library/Mobile\ Documents/com\~apple\~CloudDocs/XCode/ImageIntact
    
    Signing Identity:     "Apple Development: Konrad Michels (6F28J4K727)"
    
    /usr/bin/codesign --force --sign 59213B4A96FA3777340B3BC852A0C6F24304180D --timestamp\=none --generate-entitlement-der /Users/konrad/Library/Developer/Xcode/DerivedData/ImageIntact-bhmsucagebmynrdqgnmudwywfvam/Build/Products/Debug/ImageIntact.app/Contents/PlugIns/ImageIntactTests.xctest

RegisterExecutionPolicyException /Users/konrad/Library/Developer/Xcode/DerivedData/ImageIntact-bhmsucagebmynrdqgnmudwywfvam/Build/Products/Debug/ImageIntact.app/Contents/PlugIns/ImageIntactTests.xctest (in target 'ImageIntactTests' from project 'ImageIntact')
    cd /Users/konrad/Library/Mobile\ Documents/com\~apple\~CloudDocs/XCode/ImageIntact
    builtin-RegisterExecutionPolicyException /Users/konrad/Library/Developer/Xcode/DerivedData/ImageIntact-bhmsucagebmynrdqgnmudwywfvam/Build/Products/Debug/ImageIntact.app/Contents/PlugIns/ImageIntactTests.xctest

Touch /Users/konrad/Library/Developer/Xcode/DerivedData/ImageIntact-bhmsucagebmynrdqgnmudwywfvam/Build/Products/Debug/ImageIntact.app/Contents/PlugIns/ImageIntactTests.xctest (in target 'ImageIntactTests' from project 'ImageIntact')
    cd /Users/konrad/Library/Mobile\ Documents/com\~apple\~CloudDocs/XCode/ImageIntact
    /usr/bin/touch -c /Users/konrad/Library/Developer/Xcode/DerivedData/ImageIntact-bhmsucagebmynrdqgnmudwywfvam/Build/Products/Debug/ImageIntact.app/Contents/PlugIns/ImageIntactTests.xctest

CodeSign /Users/konrad/Library/Developer/Xcode/DerivedData/ImageIntact-bhmsucagebmynrdqgnmudwywfvam/Build/Products/Debug/ImageIntact.app/Contents/MacOS/ImageIntact.debug.dylib (in target 'ImageIntact' from project 'ImageIntact')
    cd /Users/konrad/Library/Mobile\ Documents/com\~apple\~CloudDocs/XCode/ImageIntact
    
    Signing Identity:     "Apple Development: Konrad Michels (6F28J4K727)"
    
    /usr/bin/codesign --force --sign 59213B4A96FA3777340B3BC852A0C6F24304180D -o runtime --timestamp\=none --generate-entitlement-der /Users/konrad/Library/Developer/Xcode/DerivedData/ImageIntact-bhmsucagebmynrdqgnmudwywfvam/Build/Products/Debug/ImageIntact.app/Contents/MacOS/ImageIntact.debug.dylib

CodeSign /Users/konrad/Library/Developer/Xcode/DerivedData/ImageIntact-bhmsucagebmynrdqgnmudwywfvam/Build/Products/Debug/ImageIntact.app/Contents/MacOS/__preview.dylib (in target 'ImageIntact' from project 'ImageIntact')
    cd /Users/konrad/Library/Mobile\ Documents/com\~apple\~CloudDocs/XCode/ImageIntact
    
    Signing Identity:     "Apple Development: Konrad Michels (6F28J4K727)"
    
    /usr/bin/codesign --force --sign 59213B4A96FA3777340B3BC852A0C6F24304180D -o runtime --timestamp\=none --generate-entitlement-der /Users/konrad/Library/Developer/Xcode/DerivedData/ImageIntact-bhmsucagebmynrdqgnmudwywfvam/Build/Products/Debug/ImageIntact.app/Contents/MacOS/__preview.dylib

CodeSign /Users/konrad/Library/Developer/Xcode/DerivedData/ImageIntact-bhmsucagebmynrdqgnmudwywfvam/Build/Products/Debug/ImageIntact.app (in target 'ImageIntact' from project 'ImageIntact')
    cd /Users/konrad/Library/Mobile\ Documents/com\~apple\~CloudDocs/XCode/ImageIntact
    
    Signing Identity:     "Apple Development: Konrad Michels (6F28J4K727)"
    
    /usr/bin/codesign --force --sign 59213B4A96FA3777340B3BC852A0C6F24304180D -o runtime --entitlements /Users/konrad/Library/Developer/Xcode/DerivedData/ImageIntact-bhmsucagebmynrdqgnmudwywfvam/Build/Intermediates.noindex/ImageIntact.build/Debug/ImageIntact.build/ImageIntact.app.xcent --timestamp\=none --generate-entitlement-der /Users/konrad/Library/Developer/Xcode/DerivedData/ImageIntact-bhmsucagebmynrdqgnmudwywfvam/Build/Products/Debug/ImageIntact.app

RegisterExecutionPolicyException /Users/konrad/Library/Developer/Xcode/DerivedData/ImageIntact-bhmsucagebmynrdqgnmudwywfvam/Build/Products/Debug/ImageIntact.app (in target 'ImageIntact' from project 'ImageIntact')
    cd /Users/konrad/Library/Mobile\ Documents/com\~apple\~CloudDocs/XCode/ImageIntact
    builtin-RegisterExecutionPolicyException /Users/konrad/Library/Developer/Xcode/DerivedData/ImageIntact-bhmsucagebmynrdqgnmudwywfvam/Build/Products/Debug/ImageIntact.app

Validate /Users/konrad/Library/Developer/Xcode/DerivedData/ImageIntact-bhmsucagebmynrdqgnmudwywfvam/Build/Products/Debug/ImageIntact.app (in target 'ImageIntact' from project 'ImageIntact')
    cd /Users/konrad/Library/Mobile\ Documents/com\~apple\~CloudDocs/XCode/ImageIntact
    builtin-validationUtility /Users/konrad/Library/Developer/Xcode/DerivedData/ImageIntact-bhmsucagebmynrdqgnmudwywfvam/Build/Products/Debug/ImageIntact.app -no-validate-extension -infoplist-subpath Contents/Info.plist

Touch /Users/konrad/Library/Developer/Xcode/DerivedData/ImageIntact-bhmsucagebmynrdqgnmudwywfvam/Build/Products/Debug/ImageIntact.app (in target 'ImageIntact' from project 'ImageIntact')
    cd /Users/konrad/Library/Mobile\ Documents/com\~apple\~CloudDocs/XCode/ImageIntact
    /usr/bin/touch -c /Users/konrad/Library/Developer/Xcode/DerivedData/ImageIntact-bhmsucagebmynrdqgnmudwywfvam/Build/Products/Debug/ImageIntact.app

RegisterWithLaunchServices /Users/konrad/Library/Developer/Xcode/DerivedData/ImageIntact-bhmsucagebmynrdqgnmudwywfvam/Build/Products/Debug/ImageIntact.app (in target 'ImageIntact' from project 'ImageIntact')
    cd /Users/konrad/Library/Mobile\ Documents/com\~apple\~CloudDocs/XCode/ImageIntact
    /System/Library/Frameworks/CoreServices.framework/Versions/Current/Frameworks/LaunchServices.framework/Versions/Current/Support/lsregister -f -R -trusted /Users/konrad/Library/Developer/Xcode/DerivedData/ImageIntact-bhmsucagebmynrdqgnmudwywfvam/Build/Products/Debug/ImageIntact.app

2025-09-12 19:42:26.912 xcodebuild[16328:15254913] [MT] IDETestOperationsObserverDebug: 3.732 elapsed -- Testing started completed.
2025-09-12 19:42:26.912 xcodebuild[16328:15254913] [MT] IDETestOperationsObserverDebug: 0.000 sec, +0.000 sec -- start
2025-09-12 19:42:26.912 xcodebuild[16328:15254913] [MT] IDETestOperationsObserverDebug: 3.732 sec, +3.732 sec -- end

Test session results, code coverage, and logs:
	/Users/konrad/Library/Developer/Xcode/DerivedData/ImageIntact-bhmsucagebmynrdqgnmudwywfvam/Logs/Test/Test-ImageIntact-2025.09.12_19-42-16--0500.xcresult

** TEST SUCCEEDED **

Testing started
Test suite 'PresetManagementTests' started on 'My Mac - ImageIntact (16441)'
Test case 'PresetManagementTests.testDuplicateCustomPreset()' passed on 'My Mac - ImageIntact (16441)' (0.038 seconds)
Test case 'PresetManagementTests.testCannotDeleteBuiltInPreset()' passed on 'My Mac - ImageIntact (16441)' (0.006 seconds)
Test case 'PresetManagementTests.testRenameCustomPreset()' passed on 'My Mac - ImageIntact (16441)' (0.004 seconds)
Test case 'PresetManagementTests.testCannotRenameBuiltInPreset()' passed on 'My Mac - ImageIntact (16441)' (0.003 seconds)
Test case 'PresetManagementTests.testDeleteCustomPreset()' passed on 'My Mac - ImageIntact (16441)' (0.005 seconds)
Test case 'PresetManagementTests.testEditCustomPresetSettings()' passed on 'My Mac - ImageIntact (16441)' (0.005 seconds)
Test case 'PresetManagementTests.testReorderCustomPresets()' passed on 'My Mac - ImageIntact (16441)' (0.003 seconds)
Test suite 'DestinationQueueTests' started on 'My Mac - ImageIntact (16441)'
Test suite 'BackupCoordinatorTests' started on 'My Mac - ImageIntact (16444)'
Test case 'BackupCoordinatorTests.testCoordinatorInitialization()' passed on 'My Mac - ImageIntact (16444)' (0.009 seconds)
Test suite 'PresetTests' started on 'My Mac - ImageIntact (16445)'
Test case 'PresetTests.testEmptyConfigurationDoesNotMatchPresets()' passed on 'My Mac - ImageIntact (16445)' (0.005 seconds)
Test case 'PresetTests.testPresetSupportsMultipleDestinations()' passed on 'My Mac - ImageIntact (16445)' (0.017 seconds)
Test case 'PresetTests.testDestinationFieldsOnlyShowWhenPopulated()' passed on 'My Mac - ImageIntact (16445)' (0.004 seconds)
Test case 'PresetTests.testPresetButtonShouldAlwaysBeVisible()' passed on 'My Mac - ImageIntact (16445)' (0.004 seconds)
Test case 'PresetTests.testDuplicatePresetDetection()' passed on 'My Mac - ImageIntact (16445)' (0.007 seconds)
Test case 'PresetTests.testPresetCanSaveAndRestorePaths()' passed on 'My Mac - ImageIntact (16445)' (0.004 seconds)
Test suite 'ProtocolIntegrationTests' started on 'My Mac - ImageIntact (16445)'
Test case 'ProtocolIntegrationTests.testMockDuplicateDetectorImplementsProtocol()' passed on 'My Mac - ImageIntact (16445)' (0.001 seconds)
Test case 'ProtocolIntegrationTests.testBackupManagerAcceptsDuplicateDetectorProtocol()' passed on 'My Mac - ImageIntact (16445)' (0.002 seconds)
Test suite 'DuplicateDetectorTests' started on 'My Mac - ImageIntact (16446)'
Test case 'DuplicateDetectorTests.testEmptyManifestReturnsNoDuplicates()' passed on 'My Mac - ImageIntact (16446)' (0.045 seconds)
Test case 'DuplicateDetectorTests.testFilterManifestRemovesExactDuplicates()' passed on 'My Mac - ImageIntact (16446)' (0.016 seconds)
Test suite 'SecurityEnhancementTests' started on 'My Mac - ImageIntact (16448)'
Test case 'SecurityEnhancementTests.testSymbolicLinkDetectionAndSkipping()' passed on 'My Mac - ImageIntact (16448)' (0.003 seconds)
Test case 'SecurityEnhancementTests.testPathValidationRejectsPathTraversal()' passed on 'My Mac - ImageIntact (16448)' (0.002 seconds)
Test case 'SecurityEnhancementTests.testNetworkVolumeDetection()' passed on 'My Mac - ImageIntact (16448)' (0.001 seconds)
Test case 'SecurityEnhancementTests.testExtendedAttributePreservation()' passed on 'My Mac - ImageIntact (16448)' (0.003 seconds)
Test case 'SecurityEnhancementTests.testPathValidationAcceptsValidPaths()' passed on 'My Mac - ImageIntact (16448)' (0.002 seconds)
Test case 'SecurityEnhancementTests.testPackageDetection()' passed on 'My Mac - ImageIntact (16448)' (0.002 seconds)
Test case 'SecurityEnhancementTests.testSleepPreventionTimeout()' passed on 'My Mac - ImageIntact (16448)' (0.002 seconds)
Test case 'SecurityEnhancementTests.testRecursionDepthLimit()' passed on 'My Mac - ImageIntact (16448)' (0.003 seconds)
Test case 'BackupCoordinatorTests.testAllFilesGoToAllDestinations()' passed on 'My Mac - ImageIntact (16444)' (0.282 seconds)
Test case 'BackupCoordinatorTests.testEachDestinationGetsCompleteManifest()' passed on 'My Mac - ImageIntact (16444)' (0.210 seconds)
Test case 'BackupCoordinatorTests.testMultiDestinationNeverSplitsFiles_PreventsBug1_2_9()' passed on 'My Mac - ImageIntact (16444)' (0.271 seconds)
Test case 'DestinationQueueTests.testSuccessfulFileCopy()' passed on 'My Mac - ImageIntact (16441)' (1.366 seconds)
Test case 'DestinationQueueTests.testAddingTasks()' passed on 'My Mac - ImageIntact (16441)' (0.103 seconds)
Test case 'DestinationQueueTests.testQueueInitialization()' passed on 'My Mac - ImageIntact (16441)' (0.204 seconds)
